../Drivers/CMSIS/Include/core_cm4.h:2064:26:ITM_SendChar	16	static,ignoring_inline_asm
../Core/Src/main.c:227:6:HAL_CAN_RxFifo0MsgPendingCallback	16	static
../Core/Src/main.c:235:6:HAL_CAN_RxFifo1MsgPendingCallback	16	static
../Core/Src/main.c:249:5:main	16	static
../Core/Src/main.c:354:6:spi_send_receive	16	static
../Core/Src/main.c:371:6:HAL_SPI_TxRxCpltCallback	32	static
../Core/Src/main.c:420:6:HAL_SPI_ErrorCallback	16	static
../Core/Src/main.c:427:6:SPI_Exit	8	static
../Core/Src/main.c:451:6:CAN_Start	8	static
../Core/Src/main.c:474:6:CAN_Exit	8	static
../Core/Src/main.c:502:6:can_send_receive	8	static
../Core/Src/main.c:552:6:pack_message	56	static
../Core/Src/main.c:639:6:unpack_replay	24	static
../Core/Src/main.c:676:5:softstop_joint	24	static
../Core/Src/main.c:705:6:safetycheck_reqTrq	32	static
../Core/Src/main.c:741:6:motor_mode	24	static
../Core/Src/main.c:757:6:exit_mode	24	static
../Core/Src/main.c:773:6:zero	24	static
../Core/Src/main.c:797:5:float_to_uint	32	static
../Core/Src/main.c:805:7:uint_to_float	32	static
../Core/Src/main.c:814:6:delay_us	16	static
../Core/Src/main.c:821:10:xor_checksum	24	static
../Core/Src/main.c:834:10:encode_floats	40	static
../Core/Src/main.c:863:5:check_nan_in_spi_rx	32	static
../Core/Src/main.c:881:5:_write	32	static
../Core/Src/main.c:913:6:SystemClock_Config	88	static
../Core/Src/main.c:967:13:MX_CAN1_Init	48	static
../Core/Src/main.c:1019:13:MX_CAN2_Init	48	static
../Core/Src/main.c:1071:13:MX_SPI1_Init	8	static
../Core/Src/main.c:1108:13:MX_TIM1_Init	32	static
../Core/Src/main.c:1154:13:MX_TIM8_Init	32	static
../Core/Src/main.c:1198:13:MX_DMA_Init	16	static
../Core/Src/main.c:1219:13:MX_GPIO_Init	48	static
../Core/Src/main.c:1277:6:Error_Handler	8	static,ignoring_inline_asm
