../Drivers/CMSIS/Include/core_cm4.h:2064:26:ITM_SendChar	16	static,ignoring_inline_asm
../Core/Src/main.c:242:6:HAL_CAN_RxFifo0MsgPendingCallback	16	static
../Core/Src/main.c:250:6:HAL_CAN_RxFifo1MsgPendingCallback	16	static
../Core/Src/main.c:266:5:main	8	static
../Core/Src/main.c:384:6:SystemClock_Config	88	static
../Core/Src/main.c:438:13:MX_CAN1_Init	48	static
../Core/Src/main.c:490:13:MX_CAN2_Init	48	static
../Core/Src/main.c:542:13:MX_SPI1_Init	8	static
../Core/Src/main.c:579:13:MX_TIM1_Init	32	static
../Core/Src/main.c:625:13:MX_TIM8_Init	32	static
../Core/Src/main.c:669:13:MX_DMA_Init	16	static
../Core/Src/main.c:690:13:MX_GPIO_Init	48	static
../Core/Src/main.c:744:5:_write	32	static
../Core/Src/main.c:761:6:motor_mode	24	static
../Core/Src/main.c:778:6:exit_mode	24	static
../Core/Src/main.c:795:6:zero	24	static
../Core/Src/main.c:819:6:pack_message	56	static
../Core/Src/main.c:877:6:unpack_replay	24	static
../Core/Src/main.c:909:6:can_send_receive	8	static
../Core/Src/main.c:960:6:can_control	8	static
../Core/Src/main.c:1046:5:float_to_uint	32	static
../Core/Src/main.c:1053:7:uint_to_float	32	static
../Core/Src/main.c:1063:5:softstop_joint	24	static
../Core/Src/main.c:1083:6:delay_us	16	static
../Core/Src/main.c:1090:10:xor_checksum	24	static
../Core/Src/main.c:1098:6:spi_send_receive	16	static
../Core/Src/main.c:1135:6:HAL_SPI_TxRxCpltCallback	24	static
../Core/Src/main.c:1161:6:HAL_SPI_ErrorCallback	16	static
../Core/Src/main.c:1171:6:Error_Handler	4	static,ignoring_inline_asm
