../Drivers/CMSIS/Include/core_cm4.h:2064:26:ITM_SendChar	16	static,ignoring_inline_asm
../Core/Src/main.c:284:6:HAL_CAN_RxFifo0MsgPendingCallback	16	static
../Core/Src/main.c:292:6:HAL_CAN_RxFifo1MsgPendingCallback	16	static
../Core/Src/main.c:308:5:main	8	static
../Core/Src/main.c:417:6:SystemClock_Config	88	static
../Core/Src/main.c:471:13:MX_CAN1_Init	48	static
../Core/Src/main.c:523:13:MX_CAN2_Init	48	static
../Core/Src/main.c:575:13:MX_SPI1_Init	8	static
../Core/Src/main.c:612:13:MX_TIM1_Init	32	static
../Core/Src/main.c:658:13:MX_TIM8_Init	32	static
../Core/Src/main.c:704:13:MX_GPIO_Init	48	static
../Core/Src/main.c:758:5:_write	32	static
../Core/Src/main.c:775:6:motor_mode	24	static
../Core/Src/main.c:791:6:exit_mode	24	static
../Core/Src/main.c:807:6:zero	24	static
../Core/Src/main.c:830:6:pack_message	56	static
../Core/Src/main.c:888:6:unpack_replay	24	static
../Core/Src/main.c:920:6:can_send_receive	8	static
../Core/Src/main.c:1004:6:can_control	8	static
../Core/Src/main.c:1090:5:float_to_uint	32	static
../Core/Src/main.c:1097:7:uint_to_float	32	static
../Core/Src/main.c:1107:5:softstop_joint	24	static
../Core/Src/main.c:1127:6:delay_us	16	static
../Core/Src/main.c:1134:10:xor_checksum	24	static
../Core/Src/main.c:1142:6:spi_send_receive	32	static
../Core/Src/main.c:1182:6:Error_Handler	4	static,ignoring_inline_asm
