Archive member included to satisfy reference by file (symbol)

c:/st/stm32cubeide_1.11.2/stm32cubeide/plugins/com.st.stm32cube.ide.mcu.externaltools.gnu-tools-for-stm32.10.3-2021.10.win32_1.0.100.202210260954/tools/bin/../lib/gcc/arm-none-eabi/10.3.1/../../../../arm-none-eabi/lib/thumb/v7e-m+fp/hard\libc_nano.a(lib_a-errno.o)
                              ./Core/Src/syscalls.o (__errno)
c:/st/stm32cubeide_1.11.2/stm32cubeide/plugins/com.st.stm32cube.ide.mcu.externaltools.gnu-tools-for-stm32.10.3-2021.10.win32_1.0.100.202210260954/tools/bin/../lib/gcc/arm-none-eabi/10.3.1/../../../../arm-none-eabi/lib/thumb/v7e-m+fp/hard\libc_nano.a(lib_a-exit.o)
                              c:/st/stm32cubeide_1.11.2/stm32cubeide/plugins/com.st.stm32cube.ide.mcu.externaltools.gnu-tools-for-stm32.10.3-2021.10.win32_1.0.100.202210260954/tools/bin/../lib/gcc/arm-none-eabi/10.3.1/../../../../arm-none-eabi/lib/thumb/v7e-m+fp/hard/crt0.o (exit)
c:/st/stm32cubeide_1.11.2/stm32cubeide/plugins/com.st.stm32cube.ide.mcu.externaltools.gnu-tools-for-stm32.10.3-2021.10.win32_1.0.100.202210260954/tools/bin/../lib/gcc/arm-none-eabi/10.3.1/../../../../arm-none-eabi/lib/thumb/v7e-m+fp/hard\libc_nano.a(lib_a-impure.o)
                              c:/st/stm32cubeide_1.11.2/stm32cubeide/plugins/com.st.stm32cube.ide.mcu.externaltools.gnu-tools-for-stm32.10.3-2021.10.win32_1.0.100.202210260954/tools/bin/../lib/gcc/arm-none-eabi/10.3.1/../../../../arm-none-eabi/lib/thumb/v7e-m+fp/hard\libc_nano.a(lib_a-exit.o) (_global_impure_ptr)
c:/st/stm32cubeide_1.11.2/stm32cubeide/plugins/com.st.stm32cube.ide.mcu.externaltools.gnu-tools-for-stm32.10.3-2021.10.win32_1.0.100.202210260954/tools/bin/../lib/gcc/arm-none-eabi/10.3.1/../../../../arm-none-eabi/lib/thumb/v7e-m+fp/hard\libc_nano.a(lib_a-init.o)
                              c:/st/stm32cubeide_1.11.2/stm32cubeide/plugins/com.st.stm32cube.ide.mcu.externaltools.gnu-tools-for-stm32.10.3-2021.10.win32_1.0.100.202210260954/tools/bin/../lib/gcc/arm-none-eabi/10.3.1/../../../../arm-none-eabi/lib/thumb/v7e-m+fp/hard/crt0.o (__libc_init_array)
c:/st/stm32cubeide_1.11.2/stm32cubeide/plugins/com.st.stm32cube.ide.mcu.externaltools.gnu-tools-for-stm32.10.3-2021.10.win32_1.0.100.202210260954/tools/bin/../lib/gcc/arm-none-eabi/10.3.1/../../../../arm-none-eabi/lib/thumb/v7e-m+fp/hard\libc_nano.a(lib_a-memset.o)
                              c:/st/stm32cubeide_1.11.2/stm32cubeide/plugins/com.st.stm32cube.ide.mcu.externaltools.gnu-tools-for-stm32.10.3-2021.10.win32_1.0.100.202210260954/tools/bin/../lib/gcc/arm-none-eabi/10.3.1/../../../../arm-none-eabi/lib/thumb/v7e-m+fp/hard/crt0.o (memset)
c:/st/stm32cubeide_1.11.2/stm32cubeide/plugins/com.st.stm32cube.ide.mcu.externaltools.gnu-tools-for-stm32.10.3-2021.10.win32_1.0.100.202210260954/tools/bin/../lib/gcc/arm-none-eabi/10.3.1/../../../../arm-none-eabi/lib/thumb/v7e-m+fp/hard\libc_nano.a(lib_a-puts.o)
                              ./Core/Src/main.o (puts)
c:/st/stm32cubeide_1.11.2/stm32cubeide/plugins/com.st.stm32cube.ide.mcu.externaltools.gnu-tools-for-stm32.10.3-2021.10.win32_1.0.100.202210260954/tools/bin/../lib/gcc/arm-none-eabi/10.3.1/../../../../arm-none-eabi/lib/thumb/v7e-m+fp/hard\libc_nano.a(lib_a-wbuf.o)
                              c:/st/stm32cubeide_1.11.2/stm32cubeide/plugins/com.st.stm32cube.ide.mcu.externaltools.gnu-tools-for-stm32.10.3-2021.10.win32_1.0.100.202210260954/tools/bin/../lib/gcc/arm-none-eabi/10.3.1/../../../../arm-none-eabi/lib/thumb/v7e-m+fp/hard\libc_nano.a(lib_a-puts.o) (__swbuf_r)
c:/st/stm32cubeide_1.11.2/stm32cubeide/plugins/com.st.stm32cube.ide.mcu.externaltools.gnu-tools-for-stm32.10.3-2021.10.win32_1.0.100.202210260954/tools/bin/../lib/gcc/arm-none-eabi/10.3.1/../../../../arm-none-eabi/lib/thumb/v7e-m+fp/hard\libc_nano.a(lib_a-wsetup.o)
                              c:/st/stm32cubeide_1.11.2/stm32cubeide/plugins/com.st.stm32cube.ide.mcu.externaltools.gnu-tools-for-stm32.10.3-2021.10.win32_1.0.100.202210260954/tools/bin/../lib/gcc/arm-none-eabi/10.3.1/../../../../arm-none-eabi/lib/thumb/v7e-m+fp/hard\libc_nano.a(lib_a-puts.o) (__swsetup_r)
c:/st/stm32cubeide_1.11.2/stm32cubeide/plugins/com.st.stm32cube.ide.mcu.externaltools.gnu-tools-for-stm32.10.3-2021.10.win32_1.0.100.202210260954/tools/bin/../lib/gcc/arm-none-eabi/10.3.1/../../../../arm-none-eabi/lib/thumb/v7e-m+fp/hard\libc_nano.a(lib_a-fflush.o)
                              c:/st/stm32cubeide_1.11.2/stm32cubeide/plugins/com.st.stm32cube.ide.mcu.externaltools.gnu-tools-for-stm32.10.3-2021.10.win32_1.0.100.202210260954/tools/bin/../lib/gcc/arm-none-eabi/10.3.1/../../../../arm-none-eabi/lib/thumb/v7e-m+fp/hard\libc_nano.a(lib_a-wbuf.o) (_fflush_r)
c:/st/stm32cubeide_1.11.2/stm32cubeide/plugins/com.st.stm32cube.ide.mcu.externaltools.gnu-tools-for-stm32.10.3-2021.10.win32_1.0.100.202210260954/tools/bin/../lib/gcc/arm-none-eabi/10.3.1/../../../../arm-none-eabi/lib/thumb/v7e-m+fp/hard\libc_nano.a(lib_a-findfp.o)
[...]
Memory Configuration

Name             Origin             Length             Attributes
RAM              0x0000000020000000 0x0000000000020000 xrw
FLASH            0x0000000008000000 0x0000000000080000 xr
*default*        0x0000000000000000 0xffffffffffffffff

Linker script and memory map

LOAD c:/st/stm32cubeide_1.11.2/stm32cubeide/plugins/com.st.stm32cube.ide.mcu.externaltools.gnu-tools-for-stm32.10.3-2021.10.win32_1.0.100.202210260954/tools/bin/../lib/gcc/arm-none-eabi/10.3.1/thumb/v7e-m+fp/hard/crti.o
LOAD c:/st/stm32cubeide_1.11.2/stm32cubeide/plugins/com.st.stm32cube.ide.mcu.externaltools.gnu-tools-for-stm32.10.3-2021.10.win32_1.0.100.202210260954/tools/bin/../lib/gcc/arm-none-eabi/10.3.1/thumb/v7e-m+fp/hard/crtbegin.o
LOAD c:/st/stm32cubeide_1.11.2/stm32cubeide/plugins/com.st.stm32cube.ide.mcu.externaltools.gnu-tools-for-stm32.10.3-2021.10.win32_1.0.100.202210260954/tools/bin/../lib/gcc/arm-none-eabi/10.3.1/../../../../arm-none-eabi/lib/thumb/v7e-m+fp/hard/crt0.o
LOAD ./Core/Src/MY_Keypad4x4.o
LOAD ./Core/Src/main.o
LOAD ./Core/Src/stm32f4xx_hal_msp.o
LOAD ./Core/Src/stm32f4xx_it.o
LOAD ./Core/Src/syscalls.o
LOAD ./Core/Src/sysmem.o
LOAD ./Core/Src/system_stm32f4xx.o
LOAD ./Core/Startup/startup_stm32f446retx.o
LOAD ./Drivers/STM32F4xx_HAL_Driver/Src/stm32f4xx_hal.o
LOAD ./Drivers/STM32F4xx_HAL_Driver/Src/stm32f4xx_hal_can.o
LOAD ./Drivers/STM32F4xx_HAL_Driver/Src/stm32f4xx_hal_cortex.o
LOAD ./Drivers/STM32F4xx_HAL_Driver/Src/stm32f4xx_hal_dma.o
LOAD ./Drivers/STM32F4xx_HAL_Driver/Src/stm32f4xx_hal_dma_ex.o
LOAD ./Drivers/STM32F4xx_HAL_Driver/Src/stm32f4xx_hal_exti.o
LOAD ./Drivers/STM32F4xx_HAL_Driver/Src/stm32f4xx_hal_flash.o
LOAD ./Drivers/STM32F4xx_HAL_Driver/Src/stm32f4xx_hal_flash_ex.o
LOAD ./Drivers/STM32F4xx_HAL_Driver/Src/stm32f4xx_hal_flash_ramfunc.o
LOAD ./Drivers/STM32F4xx_HAL_Driver/Src/stm32f4xx_hal_gpio.o
LOAD ./Drivers/STM32F4xx_HAL_Driver/Src/stm32f4xx_hal_pwr.o
LOAD ./Drivers/STM32F4xx_HAL_Driver/Src/stm32f4xx_hal_pwr_ex.o
LOAD ./Drivers/STM32F4xx_HAL_Driver/Src/stm32f4xx_hal_rcc.o
LOAD ./Drivers/STM32F4xx_HAL_Driver/Src/stm32f4xx_hal_rcc_ex.o
LOAD ./Drivers/STM32F4xx_HAL_Driver/Src/stm32f4xx_hal_spi.o
LOAD ./Drivers/STM32F4xx_HAL_Driver/Src/stm32f4xx_hal_tim.o
LOAD ./Drivers/STM32F4xx_HAL_Driver/Src/stm32f4xx_hal_tim_ex.o
START GROUP
LOAD c:/st/stm32cubeide_1.11.2/stm32cubeide/plugins/com.st.stm32cube.ide.mcu.externaltools.gnu-tools-for-stm32.10.3-2021.10.win32_1.0.100.202210260954/tools/bin/../lib/gcc/arm-none-eabi/10.3.1/../../../../arm-none-eabi/lib/thumb/v7e-m+fp/hard\libc_nano.a
LOAD c:/st/stm32cubeide_1.11.2/stm32cubeide/plugins/com.st.stm32cube.ide.mcu.externaltools.gnu-tools-for-stm32.10.3-2021.10.win32_1.0.100.202210260954/tools/bin/../lib/gcc/arm-none-eabi/10.3.1/../../../../arm-none-eabi/lib/thumb/v7e-m+fp/hard\libm.a
END GROUP
START GROUP
LOAD c:/st/stm32cubeide_1.11.2/stm32cubeide/plugins/com.st.stm32cube.ide.mcu.externaltools.gnu-tools-for-stm32.10.3-2021.10.win32_1.0.100.202210260954/tools/bin/../lib/gcc/arm-none-eabi/10.3.1/thumb/v7e-m+fp/hard\libgcc.a
LOAD c:/st/stm32cubeide_1.11.2/stm32cubeide/plugins/com.st.stm32cube.ide.mcu.externaltools.gnu-tools-for-stm32.10.3-2021.10.win32_1.0.100.202210260954/tools/bin/../lib/gcc/arm-none-eabi/10.3.1/../../../../arm-none-eabi/lib/thumb/v7e-m+fp/hard\libc_nano.a
END GROUP
START GROUP
LOAD c:/st/stm32cubeide_1.11.2/stm32cubeide/plugins/com.st.stm32cube.ide.mcu.externaltools.gnu-tools-for-stm32.10.3-2021.10.win32_1.0.100.202210260954/tools/bin/../lib/gcc/arm-none-eabi/10.3.1/thumb/v7e-m+fp/hard\libgcc.a
LOAD c:/st/stm32cubeide_1.11.2/stm32cubeide/plugins/com.st.stm32cube.ide.mcu.externaltools.gnu-tools-for-stm32.10.3-2021.10.win32_1.0.100.202210260954/tools/bin/../lib/gcc/arm-none-eabi/10.3.1/../../../../arm-none-eabi/lib/thumb/v7e-m+fp/hard\libc_nano.a
LOAD c:/st/stm32cubeide_1.11.2/stm32cubeide/plugins/com.st.stm32cube.ide.mcu.externaltools.gnu-tools-for-stm32.10.3-2021.10.win32_1.0.100.202210260954/tools/bin/../lib/gcc/arm-none-eabi/10.3.1/../../../../arm-none-eabi/lib/thumb/v7e-m+fp/hard\libnosys.a
END GROUP
START GROUP
LOAD c:/st/stm32cubeide_1.11.2/stm32cubeide/plugins/com.st.stm32cube.ide.mcu.externaltools.gnu-tools-for-stm32.10.3-2021.10.win32_1.0.100.202210260954/tools/bin/../lib/gcc/arm-none-eabi/10.3.1/thumb/v7e-m+fp/hard\libgcc.a
LOAD c:/st/stm32cubeide_1.11.2/stm32cubeide/plugins/com.st.stm32cube.ide.mcu.externaltools.gnu-tools-for-stm32.10.3-2021.10.win32_1.0.100.202210260954/tools/bin/../lib/gcc/arm-none-eabi/10.3.1/../../../../arm-none-eabi/lib/thumb/v7e-m+fp/hard\libc_nano.a
LOAD c:/st/stm32cubeide_1.11.2/stm32cubeide/plugins/com.st.stm32cube.ide.mcu.externaltools.gnu-tools-for-stm32.10.3-2021.10.win32_1.0.100.202210260954/tools/bin/../lib/gcc/arm-none-eabi/10.3.1/../../../../arm-none-eabi/lib/thumb/v7e-m+fp/hard\libnosys.a
END GROUP
LOAD c:/st/stm32cubeide_1.11.2/stm32cubeide/plugins/com.st.stm32cube.ide.mcu.externaltools.gnu-tools-for-stm32.10.3-2021.10.win32_1.0.100.202210260954/tools/bin/../lib/gcc/arm-none-eabi/10.3.1/thumb/v7e-m+fp/hard/crtend.o
LOAD c:/st/stm32cubeide_1.11.2/stm32cubeide/plugins/com.st.stm32cube.ide.mcu.externaltools.gnu-tools-for-stm32.10.3-2021.10.win32_1.0.100.202210260954/tools/bin/../lib/gcc/arm-none-eabi/10.3.1/thumb/v7e-m+fp/hard/crtn.o
                0x0000000020020000                _estack = (ORIGIN (RAM) + LENGTH (RAM))
                0x0000000000000200                _Min_Heap_Size = 0x200
                0x0000000000000400                _Min_Stack_Size = 0x400

.isr_vector     0x0000000008000000      0x1c4
                0x0000000008000000                . = ALIGN (0x4)
 *(.isr_vector)
 .isr_vector    0x0000000008000000      0x1c4 ./Core/Startup/startup_stm32f446retx.o
                0x0000000008000000                g_pfnVectors
                0x00000000080001c4                . = ALIGN (0x4)

.text           0x00000000080001c4     0x646c
                0x00000000080001c4                . = ALIGN (0x4)
 *(.text)
 .text          0x00000000080001c4       0x40 c:/st/stm32cubeide_1.11.2/stm32cubeide/plugins/com.st.stm32cube.ide.mcu.externaltools.gnu-tools-for-stm32.10.3-2021.10.win32_1.0.100.202210260954/tools/bin/../lib/gcc/arm-none-eabi/10.3.1/thumb/v7e-m+fp/hard/crtbegin.o
 .text          0x0000000008000204       0x30 c:/st/stm32cubeide_1.11.2/stm32cubeide/plugins/com.st.stm32cube.ide.mcu.externaltools.gnu-tools-for-stm32.10.3-2021.10.win32_1.0.100.202210260954/tools/bin/../lib/gcc/arm-none-eabi/10.3.1/thumb/v7e-m+fp/hard\libgcc.a(_aeabi_uldivmod.o)
                0x0000000008000204                __aeabi_uldivmod
 .text          0x0000000008000234      0x2d0 c:/st/stm32cubeide_1.11.2/stm32cubeide/plugins/com.st.stm32cube.ide.mcu.externaltools.gnu-tools-for-stm32.10.3-2021.10.win32_1.0.100.202210260954/tools/bin/../lib/gcc/arm-none-eabi/10.3.1/thumb/v7e-m+fp/hard\libgcc.a(_udivmoddi4.o)
                0x0000000008000234                __udivmoddi4
 .text          0x0000000008000504        0x4 c:/st/stm32cubeide_1.11.2/stm32cubeide/plugins/com.st.stm32cube.ide.mcu.externaltools.gnu-tools-for-stm32.10.3-2021.10.win32_1.0.100.202210260954/tools/bin/../lib/gcc/arm-none-eabi/10.3.1/thumb/v7e-m+fp/hard\libgcc.a(_dvmd_tls.o)
                0x0000000008000504                __aeabi_idiv0
                0x0000000008000504                __aeabi_ldiv0
 *(.text*)
 .text.Keypad4x4_ChangeColomn
                0x0000000008000508      0x1dc ./Core/Src/MY_Keypad4x4.o
 .text.Keypad4x4_ReadKeypad
                0x00000000080006e4      0x268 ./Core/Src/MY_Keypad4x4.o
                0x00000000080006e4                Keypad4x4_ReadKeypad
 .text.ITM_SendChar
                0x000000000800094c       0x4e ./Core/Src/main.o
 *fill*         0x000000000800099a        0x2 
 .text.HAL_CAN_RxFifo0MsgPendingCallback
                0x000000000800099c       0x38 ./Core/Src/main.o
                0x000000000800099c                HAL_CAN_RxFifo0MsgPendingCallback
 .text.HAL_CAN_RxFifo1MsgPendingCallback
                0x00000000080009d4       0x38 ./Core/Src/main.o
                0x00000000080009d4                HAL_CAN_RxFifo1MsgPendingCallback
 .text.main     0x0000000008000a0c      0x1ac ./Core/Src/main.o
                0x0000000008000a0c                main
 .text.SystemClock_Config
                0x0000000008000bb8       0xe4 ./Core/Src/main.o
                0x0000000008000bb8                SystemClock_Config
 .text.MX_CAN1_Init
                0x0000000008000c9c       0xa8 ./Core/Src/main.o
 .text.MX_CAN2_Init
                0x0000000008000d44       0xa8 ./Core/Src/main.o
 .text.MX_SPI1_Init
                0x0000000008000dec       0x68 ./Core/Src/main.o
 .text.MX_TIM1_Init
                0x0000000008000e54       0xa0 ./Core/Src/main.o
 .text.MX_TIM8_Init
                0x0000000008000ef4       0xa0 ./Core/Src/main.o
 .text.MX_DMA_Init
                0x0000000008000f94       0x50 ./Core/Src/main.o
 .text.MX_GPIO_Init
                0x0000000008000fe4      0x144 ./Core/Src/main.o
 .text._write   0x0000000008001128       0x38 ./Core/Src/main.o
                0x0000000008001128                _write
 .text.motor_mode
                0x0000000008001160       0x88 ./Core/Src/main.o
                0x0000000008001160                motor_mode
 .text.exit_mode
                0x00000000080011e8       0x88 ./Core/Src/main.o
                0x00000000080011e8                exit_mode
 .text.zero     0x0000000008001270       0x88 ./Core/Src/main.o
                0x0000000008001270                zero
 .text.pack_message
                0x00000000080012f8      0x418 ./Core/Src/main.o
                0x00000000080012f8                pack_message
 .text.unpack_replay
                0x0000000008001710      0x188 ./Core/Src/main.o
                0x0000000008001710                unpack_replay
 .text.can_send_receive
                0x0000000008001898      0x154 ./Core/Src/main.o
                0x0000000008001898                can_send_receive
 .text.can_control
                0x00000000080019ec      0x2e8 ./Core/Src/main.o
                0x00000000080019ec                can_control
 .text.float_to_uint
                0x0000000008001cd4       0x66 ./Core/Src/main.o
                0x0000000008001cd4                float_to_uint
 .text.uint_to_float
                0x0000000008001d3a       0x64 ./Core/Src/main.o
                0x0000000008001d3a                uint_to_float
 *fill*         0x0000000008001d9e        0x2 
 .text.softstop_joint
                0x0000000008001da0       0xe8 ./Core/Src/main.o
                0x0000000008001da0                softstop_joint
 .text.delay_us
                0x0000000008001e88       0x34 ./Core/Src/main.o
                0x0000000008001e88                delay_us
 .text.xor_checksum
                0x0000000008001ebc       0x40 ./Core/Src/main.o
                0x0000000008001ebc                xor_checksum
 .text.HAL_SPI_TxRxCpltCallback
                0x0000000008001efc       0xe0 ./Core/Src/main.o
                0x0000000008001efc                HAL_SPI_TxRxCpltCallback
 .text.HAL_SPI_ErrorCallback
                0x0000000008001fdc       0x24 ./Core/Src/main.o
                0x0000000008001fdc                HAL_SPI_ErrorCallback
 .text.Error_Handler
                0x0000000008002000        0xa ./Core/Src/main.o
                0x0000000008002000                Error_Handler
 *fill*         0x000000000800200a        0x2 
 .text.HAL_MspInit
                0x000000000800200c       0x50 ./Core/Src/stm32f4xx_hal_msp.o
                0x000000000800200c                HAL_MspInit
 .text.HAL_CAN_MspInit
                0x000000000800205c      0x170 ./Core/Src/stm32f4xx_hal_msp.o
                0x000000000800205c                HAL_CAN_MspInit
 .text.HAL_SPI_MspInit
                0x00000000080021cc      0x1a8 ./Core/Src/stm32f4xx_hal_msp.o
                0x00000000080021cc                HAL_SPI_MspInit
 .text.HAL_TIM_Base_MspInit
                0x0000000008002374       0x70 ./Core/Src/stm32f4xx_hal_msp.o
                0x0000000008002374                HAL_TIM_Base_MspInit
 .text.NMI_Handler
                0x00000000080023e4        0x6 ./Core/Src/stm32f4xx_it.o
                0x00000000080023e4                NMI_Handler
 .text.HardFault_Handler
                0x00000000080023ea        0x6 ./Core/Src/stm32f4xx_it.o
                0x00000000080023ea                HardFault_Handler
 .text.MemManage_Handler
                0x00000000080023f0        0x6 ./Core/Src/stm32f4xx_it.o
                0x00000000080023f0                MemManage_Handler
 .text.BusFault_Handler
                0x00000000080023f6        0x6 ./Core/Src/stm32f4xx_it.o
                0x00000000080023f6                BusFault_Handler
 .text.UsageFault_Handler
                0x00000000080023fc        0x6 ./Core/Src/stm32f4xx_it.o
                0x00000000080023fc                UsageFault_Handler
 .text.SVC_Handler
                0x0000000008002402        0xe ./Core/Src/stm32f4xx_it.o
                0x0000000008002402                SVC_Handler
 .text.DebugMon_Handler
                0x0000000008002410        0xe ./Core/Src/stm32f4xx_it.o
                0x0000000008002410                DebugMon_Handler
 .text.PendSV_Handler
                0x000000000800241e        0xe ./Core/Src/stm32f4xx_it.o
                0x000000000800241e                PendSV_Handler
 .text.SysTick_Handler
                0x000000000800242c        0xc ./Core/Src/stm32f4xx_it.o
                0x000000000800242c                SysTick_Handler
 .text.CAN1_RX0_IRQHandler
                0x0000000008002438       0x14 ./Core/Src/stm32f4xx_it.o
                0x0000000008002438                CAN1_RX0_IRQHandler
 .text.SPI1_IRQHandler
                0x000000000800244c       0x14 ./Core/Src/stm32f4xx_it.o
                0x000000000800244c                SPI1_IRQHandler
 .text.EXTI15_10_IRQHandler
                0x0000000008002460       0x18 ./Core/Src/stm32f4xx_it.o
                0x0000000008002460                EXTI15_10_IRQHandler
 .text.DMA2_Stream0_IRQHandler
                0x0000000008002478       0x14 ./Core/Src/stm32f4xx_it.o
                0x0000000008002478                DMA2_Stream0_IRQHandler
 .text.DMA2_Stream3_IRQHandler
                0x000000000800248c       0x14 ./Core/Src/stm32f4xx_it.o
                0x000000000800248c                DMA2_Stream3_IRQHandler
 .text.CAN2_RX0_IRQHandler
                0x00000000080024a0       0x14 ./Core/Src/stm32f4xx_it.o
                0x00000000080024a0                CAN2_RX0_IRQHandler
 .text.CAN2_RX1_IRQHandler
                0x00000000080024b4       0x14 ./Core/Src/stm32f4xx_it.o
                0x00000000080024b4                CAN2_RX1_IRQHandler
 .text._read    0x00000000080024c8       0x3a ./Core/Src/syscalls.o
                0x00000000080024c8                _read
 .text._close   0x0000000008002502       0x18 ./Core/Src/syscalls.o
                0x0000000008002502                _close
 .text._fstat   0x000000000800251a       0x20 ./Core/Src/syscalls.o
                0x000000000800251a                _fstat
 .text._isatty  0x000000000800253a       0x16 ./Core/Src/syscalls.o
                0x000000000800253a                _isatty
 .text._lseek   0x0000000008002550       0x1a ./Core/Src/syscalls.o
                0x0000000008002550                _lseek
 *fill*         0x000000000800256a        0x2 
 .text._sbrk    0x000000000800256c       0x6c ./Core/Src/sysmem.o
                0x000000000800256c                _sbrk
 .text.SystemInit
                0x00000000080025d8       0x24 ./Core/Src/system_stm32f4xx.o
                0x00000000080025d8                SystemInit
 .text.Reset_Handler
                0x00000000080025fc       0x50 ./Core/Startup/startup_stm32f446retx.o
                0x00000000080025fc                Reset_Handler
 .text.Default_Handler
                0x000000000800264c        0x2 ./Core/Startup/startup_stm32f446retx.o
                0x000000000800264c                RTC_Alarm_IRQHandler
                0x000000000800264c                EXTI2_IRQHandler
                0x000000000800264c                TIM8_CC_IRQHandler
                0x000000000800264c                FMPI2C1_EV_IRQHandler
                0x000000000800264c                SPI4_IRQHandler
                0x000000000800264c                TIM1_CC_IRQHandler
                0x000000000800264c                DMA2_Stream5_IRQHandler
                0x000000000800264c                DMA1_Stream5_IRQHandler
                0x000000000800264c                PVD_IRQHandler
                0x000000000800264c                SDIO_IRQHandler
                0x000000000800264c                TAMP_STAMP_IRQHandler
                0x000000000800264c                EXTI3_IRQHandler
                0x000000000800264c                TIM8_TRG_COM_TIM14_IRQHandler
                0x000000000800264c                TIM1_UP_TIM10_IRQHandler
                0x000000000800264c                TIM8_UP_TIM13_IRQHandler
                0x000000000800264c                I2C3_ER_IRQHandler
                0x000000000800264c                EXTI0_IRQHandler
                0x000000000800264c                I2C2_EV_IRQHandler
                0x000000000800264c                DMA1_Stream2_IRQHandler
                0x000000000800264c                FPU_IRQHandler
                0x000000000800264c                OTG_HS_WKUP_IRQHandler
                0x000000000800264c                CAN2_SCE_IRQHandler
                0x000000000800264c                DMA2_Stream2_IRQHandler
                0x000000000800264c                TIM6_DAC_IRQHandler
                0x000000000800264c                TIM1_BRK_TIM9_IRQHandler
                0x000000000800264c                DCMI_IRQHandler
                0x000000000800264c                SAI2_IRQHandler
                0x000000000800264c                USART6_IRQHandler
                0x000000000800264c                USART3_IRQHandler
                0x000000000800264c                CAN1_RX1_IRQHandler
                0x000000000800264c                UART5_IRQHandler
                0x000000000800264c                TIM4_IRQHandler
                0x000000000800264c                QUADSPI_IRQHandler
                0x000000000800264c                I2C1_EV_IRQHandler
                0x000000000800264c                DMA1_Stream6_IRQHandler
                0x000000000800264c                DMA1_Stream1_IRQHandler
                0x000000000800264c                UART4_IRQHandler
                0x000000000800264c                TIM3_IRQHandler
                0x000000000800264c                RCC_IRQHandler
                0x000000000800264c                TIM8_BRK_TIM12_IRQHandler
                0x000000000800264c                Default_Handler
                0x000000000800264c                CEC_IRQHandler
                0x000000000800264c                ADC_IRQHandler
                0x000000000800264c                DMA1_Stream7_IRQHandler
                0x000000000800264c                TIM7_IRQHandler
                0x000000000800264c                CAN2_TX_IRQHandler
                0x000000000800264c                TIM5_IRQHandler
                0x000000000800264c                DMA2_Stream7_IRQHandler
                0x000000000800264c                I2C3_EV_IRQHandler
                0x000000000800264c                EXTI9_5_IRQHandler
                0x000000000800264c                RTC_WKUP_IRQHandler
                0x000000000800264c                SPDIF_RX_IRQHandler
                0x000000000800264c                SPI2_IRQHandler
                0x000000000800264c                OTG_HS_EP1_IN_IRQHandler
                0x000000000800264c                DMA1_Stream0_IRQHandler
                0x000000000800264c                CAN1_TX_IRQHandler
                0x000000000800264c                FMPI2C1_ER_IRQHandler
                0x000000000800264c                EXTI4_IRQHandler
                0x000000000800264c                OTG_HS_EP1_OUT_IRQHandler
                0x000000000800264c                WWDG_IRQHandler
                0x000000000800264c                TIM2_IRQHandler
                0x000000000800264c                OTG_FS_WKUP_IRQHandler
                0x000000000800264c                TIM1_TRG_COM_TIM11_IRQHandler
                0x000000000800264c                OTG_HS_IRQHandler
                0x000000000800264c                EXTI1_IRQHandler
                0x000000000800264c                USART2_IRQHandler
                0x000000000800264c                I2C2_ER_IRQHandler
                0x000000000800264c                DMA2_Stream1_IRQHandler
                0x000000000800264c                CAN1_SCE_IRQHandler
                0x000000000800264c                FLASH_IRQHandler
                0x000000000800264c                DMA2_Stream4_IRQHandler
                0x000000000800264c                USART1_IRQHandler
                0x000000000800264c                OTG_FS_IRQHandler
                0x000000000800264c                SPI3_IRQHandler
                0x000000000800264c                DMA1_Stream4_IRQHandler
                0x000000000800264c                I2C1_ER_IRQHandler
                0x000000000800264c                FMC_IRQHandler
                0x000000000800264c                DMA2_Stream6_IRQHandler
                0x000000000800264c                SAI1_IRQHandler
                0x000000000800264c                DMA1_Stream3_IRQHandler
 *fill*         0x000000000800264e        0x2 
 .text.HAL_Init
                0x0000000008002650       0x44 ./Drivers/STM32F4xx_HAL_Driver/Src/stm32f4xx_hal.o
                0x0000000008002650                HAL_Init
 .text.HAL_InitTick
                0x0000000008002694       0x60 ./Drivers/STM32F4xx_HAL_Driver/Src/stm32f4xx_hal.o
                0x0000000008002694                HAL_InitTick
 .text.HAL_IncTick
                0x00000000080026f4       0x28 ./Drivers/STM32F4xx_HAL_Driver/Src/stm32f4xx_hal.o
                0x00000000080026f4                HAL_IncTick
 .text.HAL_GetTick
                0x000000000800271c       0x18 ./Drivers/STM32F4xx_HAL_Driver/Src/stm32f4xx_hal.o
                0x000000000800271c                HAL_GetTick
 .text.HAL_CAN_Init
                0x0000000008002734      0x1f6 ./Drivers/STM32F4xx_HAL_Driver/Src/stm32f4xx_hal_can.o
                0x0000000008002734                HAL_CAN_Init
 *fill*         0x000000000800292a        0x2 
 .text.HAL_CAN_ConfigFilter
                0x000000000800292c      0x1c0 ./Drivers/STM32F4xx_HAL_Driver/Src/stm32f4xx_hal_can.o
                0x000000000800292c                HAL_CAN_ConfigFilter
 .text.HAL_CAN_Start
                0x0000000008002aec       0x88 ./Drivers/STM32F4xx_HAL_Driver/Src/stm32f4xx_hal_can.o
                0x0000000008002aec                HAL_CAN_Start
 .text.HAL_CAN_AddTxMessage
                0x0000000008002b74      0x1b6 ./Drivers/STM32F4xx_HAL_Driver/Src/stm32f4xx_hal_can.o
                0x0000000008002b74                HAL_CAN_AddTxMessage
 .text.HAL_CAN_GetRxMessage
                0x0000000008002d2a      0x224 ./Drivers/STM32F4xx_HAL_Driver/Src/stm32f4xx_hal_can.o
                0x0000000008002d2a                HAL_CAN_GetRxMessage
 .text.HAL_CAN_ActivateNotification
                0x0000000008002f4e       0x4c ./Drivers/STM32F4xx_HAL_Driver/Src/stm32f4xx_hal_can.o
                0x0000000008002f4e                HAL_CAN_ActivateNotification
 .text.HAL_CAN_IRQHandler
                0x0000000008002f9a      0x36e ./Drivers/STM32F4xx_HAL_Driver/Src/stm32f4xx_hal_can.o
                0x0000000008002f9a                HAL_CAN_IRQHandler
 .text.HAL_CAN_TxMailbox0CompleteCallback
                0x0000000008003308       0x14 ./Drivers/STM32F4xx_HAL_Driver/Src/stm32f4xx_hal_can.o
                0x0000000008003308                HAL_CAN_TxMailbox0CompleteCallback
 .text.HAL_CAN_TxMailbox1CompleteCallback
                0x000000000800331c       0x14 ./Drivers/STM32F4xx_HAL_Driver/Src/stm32f4xx_hal_can.o
                0x000000000800331c                HAL_CAN_TxMailbox1CompleteCallback
 .text.HAL_CAN_TxMailbox2CompleteCallback
                0x0000000008003330       0x14 ./Drivers/STM32F4xx_HAL_Driver/Src/stm32f4xx_hal_can.o
                0x0000000008003330                HAL_CAN_TxMailbox2CompleteCallback
 .text.HAL_CAN_TxMailbox0AbortCallback
                0x0000000008003344       0x14 ./Drivers/STM32F4xx_HAL_Driver/Src/stm32f4xx_hal_can.o
                0x0000000008003344                HAL_CAN_TxMailbox0AbortCallback
 .text.HAL_CAN_TxMailbox1AbortCallback
                0x0000000008003358       0x14 ./Drivers/STM32F4xx_HAL_Driver/Src/stm32f4xx_hal_can.o
                0x0000000008003358                HAL_CAN_TxMailbox1AbortCallback
 .text.HAL_CAN_TxMailbox2AbortCallback
                0x000000000800336c       0x14 ./Drivers/STM32F4xx_HAL_Driver/Src/stm32f4xx_hal_can.o
                0x000000000800336c                HAL_CAN_TxMailbox2AbortCallback
 .text.HAL_CAN_RxFifo0FullCallback
                0x0000000008003380       0x14 ./Drivers/STM32F4xx_HAL_Driver/Src/stm32f4xx_hal_can.o
                0x0000000008003380                HAL_CAN_RxFifo0FullCallback
 .text.HAL_CAN_RxFifo1FullCallback
                0x0000000008003394       0x14 ./Drivers/STM32F4xx_HAL_Driver/Src/stm32f4xx_hal_can.o
                0x0000000008003394                HAL_CAN_RxFifo1FullCallback
 .text.HAL_CAN_SleepCallback
                0x00000000080033a8       0x14 ./Drivers/STM32F4xx_HAL_Driver/Src/stm32f4xx_hal_can.o
                0x00000000080033a8                HAL_CAN_SleepCallback
 .text.HAL_CAN_WakeUpFromRxMsgCallback
                0x00000000080033bc       0x14 ./Drivers/STM32F4xx_HAL_Driver/Src/stm32f4xx_hal_can.o
                0x00000000080033bc                HAL_CAN_WakeUpFromRxMsgCallback
 .text.HAL_CAN_ErrorCallback
                0x00000000080033d0       0x14 ./Drivers/STM32F4xx_HAL_Driver/Src/stm32f4xx_hal_can.o
                0x00000000080033d0                HAL_CAN_ErrorCallback
 .text.__NVIC_SetPriorityGrouping
                0x00000000080033e4       0x48 ./Drivers/STM32F4xx_HAL_Driver/Src/stm32f4xx_hal_cortex.o
 .text.__NVIC_GetPriorityGrouping
                0x000000000800342c       0x1c ./Drivers/STM32F4xx_HAL_Driver/Src/stm32f4xx_hal_cortex.o
 .text.__NVIC_EnableIRQ
                0x0000000008003448       0x3c ./Drivers/STM32F4xx_HAL_Driver/Src/stm32f4xx_hal_cortex.o
 .text.__NVIC_SetPriority
                0x0000000008003484       0x54 ./Drivers/STM32F4xx_HAL_Driver/Src/stm32f4xx_hal_cortex.o
 .text.NVIC_EncodePriority
                0x00000000080034d8       0x66 ./Drivers/STM32F4xx_HAL_Driver/Src/stm32f4xx_hal_cortex.o
 *fill*         0x000000000800353e        0x2 
 .text.SysTick_Config
                0x0000000008003540       0x44 ./Drivers/STM32F4xx_HAL_Driver/Src/stm32f4xx_hal_cortex.o
 .text.HAL_NVIC_SetPriorityGrouping
                0x0000000008003584       0x16 ./Drivers/STM32F4xx_HAL_Driver/Src/stm32f4xx_hal_cortex.o
                0x0000000008003584                HAL_NVIC_SetPriorityGrouping
 .text.HAL_NVIC_SetPriority
                0x000000000800359a       0x38 ./Drivers/STM32F4xx_HAL_Driver/Src/stm32f4xx_hal_cortex.o
                0x000000000800359a                HAL_NVIC_SetPriority
 .text.HAL_NVIC_EnableIRQ
                0x00000000080035d2       0x1c ./Drivers/STM32F4xx_HAL_Driver/Src/stm32f4xx_hal_cortex.o
                0x00000000080035d2                HAL_NVIC_EnableIRQ
 .text.HAL_SYSTICK_Config
                0x00000000080035ee       0x18 ./Drivers/STM32F4xx_HAL_Driver/Src/stm32f4xx_hal_cortex.o
                0x00000000080035ee                HAL_SYSTICK_Config
 *fill*         0x0000000008003606        0x2 
 .text.HAL_DMA_Init
                0x0000000008003608      0x15c ./Drivers/STM32F4xx_HAL_Driver/Src/stm32f4xx_hal_dma.o
                0x0000000008003608                HAL_DMA_Init
 .text.HAL_DMA_Abort_IT
                0x0000000008003764       0x44 ./Drivers/STM32F4xx_HAL_Driver/Src/stm32f4xx_hal_dma.o
                0x0000000008003764                HAL_DMA_Abort_IT
 .text.HAL_DMA_IRQHandler
                0x00000000080037a8      0x314 ./Drivers/STM32F4xx_HAL_Driver/Src/stm32f4xx_hal_dma.o
                0x00000000080037a8                HAL_DMA_IRQHandler
 .text.DMA_CalcBaseAndBitshift
                0x0000000008003abc       0x6c ./Drivers/STM32F4xx_HAL_Driver/Src/stm32f4xx_hal_dma.o
 .text.DMA_CheckFifoParam
                0x0000000008003b28       0xf8 ./Drivers/STM32F4xx_HAL_Driver/Src/stm32f4xx_hal_dma.o
 .text.HAL_GPIO_Init
                0x0000000008003c20      0x328 ./Drivers/STM32F4xx_HAL_Driver/Src/stm32f4xx_hal_gpio.o
                0x0000000008003c20                HAL_GPIO_Init
 .text.HAL_GPIO_ReadPin
                0x0000000008003f48       0x30 ./Drivers/STM32F4xx_HAL_Driver/Src/stm32f4xx_hal_gpio.o
                0x0000000008003f48                HAL_GPIO_ReadPin
 .text.HAL_GPIO_WritePin
                0x0000000008003f78       0x32 ./Drivers/STM32F4xx_HAL_Driver/Src/stm32f4xx_hal_gpio.o
                0x0000000008003f78                HAL_GPIO_WritePin
 *fill*         0x0000000008003faa        0x2 
 .text.HAL_GPIO_EXTI_IRQHandler
                0x0000000008003fac       0x30 ./Drivers/STM32F4xx_HAL_Driver/Src/stm32f4xx_hal_gpio.o
                0x0000000008003fac                HAL_GPIO_EXTI_IRQHandler
 .text.HAL_GPIO_EXTI_Callback
                0x0000000008003fdc       0x16 ./Drivers/STM32F4xx_HAL_Driver/Src/stm32f4xx_hal_gpio.o
                0x0000000008003fdc                HAL_GPIO_EXTI_Callback
 *fill*         0x0000000008003ff2        0x2 
 .text.HAL_PWREx_EnableOverDrive
                0x0000000008003ff4       0xa0 ./Drivers/STM32F4xx_HAL_Driver/Src/stm32f4xx_hal_pwr_ex.o
                0x0000000008003ff4                HAL_PWREx_EnableOverDrive
 .text.HAL_RCC_ClockConfig
                0x0000000008004094      0x1cc ./Drivers/STM32F4xx_HAL_Driver/Src/stm32f4xx_hal_rcc.o
                0x0000000008004094                HAL_RCC_ClockConfig
 .text.HAL_RCC_GetSysClockFreq
                0x0000000008004260      0x460 ./Drivers/STM32F4xx_HAL_Driver/Src/stm32f4xx_hal_rcc_ex.o
                0x0000000008004260                HAL_RCC_GetSysClockFreq
 .text.HAL_RCC_OscConfig
                0x00000000080046c0      0x53c ./Drivers/STM32F4xx_HAL_Driver/Src/stm32f4xx_hal_rcc_ex.o
                0x00000000080046c0                HAL_RCC_OscConfig
 .text.HAL_SPI_Init
                0x0000000008004bfc      0x112 ./Drivers/STM32F4xx_HAL_Driver/Src/stm32f4xx_hal_spi.o
                0x0000000008004bfc                HAL_SPI_Init
 *fill*         0x0000000008004d0e        0x2 
 .text.HAL_SPI_TransmitReceive_IT
                0x0000000008004d10      0x128 ./Drivers/STM32F4xx_HAL_Driver/Src/stm32f4xx_hal_spi.o
                0x0000000008004d10                HAL_SPI_TransmitReceive_IT
 .text.HAL_SPI_IRQHandler
                0x0000000008004e38      0x200 ./Drivers/STM32F4xx_HAL_Driver/Src/stm32f4xx_hal_spi.o
                0x0000000008004e38                HAL_SPI_IRQHandler
 .text.HAL_SPI_RxCpltCallback
                0x0000000008005038       0x14 ./Drivers/STM32F4xx_HAL_Driver/Src/stm32f4xx_hal_spi.o
                0x0000000008005038                HAL_SPI_RxCpltCallback
 .text.HAL_SPI_GetState
                0x000000000800504c       0x1c ./Drivers/STM32F4xx_HAL_Driver/Src/stm32f4xx_hal_spi.o
                0x000000000800504c                HAL_SPI_GetState
 .text.HAL_SPI_GetError
                0x0000000008005068       0x18 ./Drivers/STM32F4xx_HAL_Driver/Src/stm32f4xx_hal_spi.o
                0x0000000008005068                HAL_SPI_GetError
 .text.SPI_DMAAbortOnError
                0x0000000008005080       0x28 ./Drivers/STM32F4xx_HAL_Driver/Src/stm32f4xx_hal_spi.o
 .text.SPI_2linesRxISR_8BIT
                0x00000000080050a8       0x64 ./Drivers/STM32F4xx_HAL_Driver/Src/stm32f4xx_hal_spi.o
 .text.SPI_2linesTxISR_8BIT
                0x000000000800510c       0x60 ./Drivers/STM32F4xx_HAL_Driver/Src/stm32f4xx_hal_spi.o
 .text.SPI_2linesRxISR_16BIT
                0x000000000800516c       0x60 ./Drivers/STM32F4xx_HAL_Driver/Src/stm32f4xx_hal_spi.o
 .text.SPI_2linesTxISR_16BIT
                0x00000000080051cc       0x5e ./Drivers/STM32F4xx_HAL_Driver/Src/stm32f4xx_hal_spi.o
 *fill*         0x000000000800522a        0x2 
 .text.SPI_WaitFlagStateUntilTimeout
                0x000000000800522c      0x110 ./Drivers/STM32F4xx_HAL_Driver/Src/stm32f4xx_hal_spi.o
 .text.SPI_EndRxTxTransaction
                0x000000000800533c       0x84 ./Drivers/STM32F4xx_HAL_Driver/Src/stm32f4xx_hal_spi.o
 .text.SPI_CloseRxTx_ISR
                0x00000000080053c0       0xe8 ./Drivers/STM32F4xx_HAL_Driver/Src/stm32f4xx_hal_spi.o
 .text.HAL_TIM_Base_Init
                0x00000000080054a8       0x9e ./Drivers/STM32F4xx_HAL_Driver/Src/stm32f4xx_hal_tim.o
                0x00000000080054a8                HAL_TIM_Base_Init
 *fill*         0x0000000008005546        0x2 
 .text.HAL_TIM_Base_Start
                0x0000000008005548       0xd0 ./Drivers/STM32F4xx_HAL_Driver/Src/stm32f4xx_hal_tim.o
                0x0000000008005548                HAL_TIM_Base_Start
 .text.HAL_TIM_ConfigClockSource
                0x0000000008005618      0x18e ./Drivers/STM32F4xx_HAL_Driver/Src/stm32f4xx_hal_tim.o
                0x0000000008005618                HAL_TIM_ConfigClockSource
 *fill*         0x00000000080057a6        0x2 
 .text.TIM_Base_SetConfig
                0x00000000080057a8      0x140 ./Drivers/STM32F4xx_HAL_Driver/Src/stm32f4xx_hal_tim.o
                0x00000000080057a8                TIM_Base_SetConfig
 .text.TIM_TI1_ConfigInputStage
                0x00000000080058e8       0x5e ./Drivers/STM32F4xx_HAL_Driver/Src/stm32f4xx_hal_tim.o
 .text.TIM_TI2_ConfigInputStage
                0x0000000008005946       0x60 ./Drivers/STM32F4xx_HAL_Driver/Src/stm32f4xx_hal_tim.o
 .text.TIM_ITRx_SetConfig
                0x00000000080059a6       0x36 ./Drivers/STM32F4xx_HAL_Driver/Src/stm32f4xx_hal_tim.o
 .text.TIM_ETR_SetConfig
                0x00000000080059dc       0x40 ./Drivers/STM32F4xx_HAL_Driver/Src/stm32f4xx_hal_tim.o
                0x00000000080059dc                TIM_ETR_SetConfig
 .text.HAL_TIMEx_MasterConfigSynchronization
                0x0000000008005a1c       0xf8 ./Drivers/STM32F4xx_HAL_Driver/Src/stm32f4xx_hal_tim_ex.o
                0x0000000008005a1c                HAL_TIMEx_MasterConfigSynchronization
 .text.__errno  0x0000000008005b14        0xc c:/st/stm32cubeide_1.11.2/stm32cubeide/plugins/com.st.stm32cube.ide.mcu.externaltools.gnu-tools-for-stm32.10.3-2021.10.win32_1.0.100.202210260954/tools/bin/../lib/gcc/arm-none-eabi/10.3.1/../../../../arm-none-eabi/lib/thumb/v7e-m+fp/hard\libc_nano.a(lib_a-errno.o)
                0x0000000008005b14                __errno
 .text.__libc_init_array
                0x0000000008005b20       0x48 c:/st/stm32cubeide_1.11.2/stm32cubeide/plugins/com.st.stm32cube.ide.mcu.externaltools.gnu-tools-for-stm32.10.3-2021.10.win32_1.0.100.202210260954/tools/bin/../lib/gcc/arm-none-eabi/10.3.1/../../../../arm-none-eabi/lib/thumb/v7e-m+fp/hard\libc_nano.a(lib_a-init.o)
                0x0000000008005b20                __libc_init_array
 .text.memset   0x0000000008005b68       0x10 c:/st/stm32cubeide_1.11.2/stm32cubeide/plugins/com.st.stm32cube.ide.mcu.externaltools.gnu-tools-for-stm32.10.3-2021.10.win32_1.0.100.202210260954/tools/bin/../lib/gcc/arm-none-eabi/10.3.1/../../../../arm-none-eabi/lib/thumb/v7e-m+fp/hard\libc_nano.a(lib_a-memset.o)
                0x0000000008005b68                memset
 .text._puts_r  0x0000000008005b78       0xdc c:/st/stm32cubeide_1.11.2/stm32cubeide/plugins/com.st.stm32cube.ide.mcu.externaltools.gnu-tools-for-stm32.10.3-2021.10.win32_1.0.100.202210260954/tools/bin/../lib/gcc/arm-none-eabi/10.3.1/../../../../arm-none-eabi/lib/thumb/v7e-m+fp/hard\libc_nano.a(lib_a-puts.o)
                0x0000000008005b78                _puts_r
 .text.puts     0x0000000008005c54       0x10 c:/st/stm32cubeide_1.11.2/stm32cubeide/plugins/com.st.stm32cube.ide.mcu.externaltools.gnu-tools-for-stm32.10.3-2021.10.win32_1.0.100.202210260954/tools/bin/../lib/gcc/arm-none-eabi/10.3.1/../../../../arm-none-eabi/lib/thumb/v7e-m+fp/hard\libc_nano.a(lib_a-puts.o)
                0x0000000008005c54                puts
 .text.__swbuf_r
                0x0000000008005c64       0xa4 c:/st/stm32cubeide_1.11.2/stm32cubeide/plugins/com.st.stm32cube.ide.mcu.externaltools.gnu-tools-for-stm32.10.3-2021.10.win32_1.0.100.202210260954/tools/bin/../lib/gcc/arm-none-eabi/10.3.1/../../../../arm-none-eabi/lib/thumb/v7e-m+fp/hard\libc_nano.a(lib_a-wbuf.o)
                0x0000000008005c64                __swbuf_r
 .text.__swsetup_r
                0x0000000008005d08       0xdc c:/st/stm32cubeide_1.11.2/stm32cubeide/plugins/com.st.stm32cube.ide.mcu.externaltools.gnu-tools-for-stm32.10.3-2021.10.win32_1.0.100.202210260954/tools/bin/../lib/gcc/arm-none-eabi/10.3.1/../../../../arm-none-eabi/lib/thumb/v7e-m+fp/hard\libc_nano.a(lib_a-wsetup.o)
                0x0000000008005d08                __swsetup_r
 .text.__sflush_r
                0x0000000008005de4      0x10c c:/st/stm32cubeide_1.11.2/stm32cubeide/plugins/com.st.stm32cube.ide.mcu.externaltools.gnu-tools-for-stm32.10.3-2021.10.win32_1.0.100.202210260954/tools/bin/../lib/gcc/arm-none-eabi/10.3.1/../../../../arm-none-eabi/lib/thumb/v7e-m+fp/hard\libc_nano.a(lib_a-fflush.o)
                0x0000000008005de4                __sflush_r
 .text._fflush_r
                0x0000000008005ef0       0x78 c:/st/stm32cubeide_1.11.2/stm32cubeide/plugins/com.st.stm32cube.ide.mcu.externaltools.gnu-tools-for-stm32.10.3-2021.10.win32_1.0.100.202210260954/tools/bin/../lib/gcc/arm-none-eabi/10.3.1/../../../../arm-none-eabi/lib/thumb/v7e-m+fp/hard\libc_nano.a(lib_a-fflush.o)
                0x0000000008005ef0                _fflush_r
 .text.std      0x0000000008005f68       0x48 c:/st/stm32cubeide_1.11.2/stm32cubeide/plugins/com.st.stm32cube.ide.mcu.externaltools.gnu-tools-for-stm32.10.3-2021.10.win32_1.0.100.202210260954/tools/bin/../lib/gcc/arm-none-eabi/10.3.1/../../../../arm-none-eabi/lib/thumb/v7e-m+fp/hard\libc_nano.a(lib_a-findfp.o)
 .text._cleanup_r
                0x0000000008005fb0        0xc c:/st/stm32cubeide_1.11.2/stm32cubeide/plugins/com.st.stm32cube.ide.mcu.externaltools.gnu-tools-for-stm32.10.3-2021.10.win32_1.0.100.202210260954/tools/bin/../lib/gcc/arm-none-eabi/10.3.1/../../../../arm-none-eabi/lib/thumb/v7e-m+fp/hard\libc_nano.a(lib_a-findfp.o)
                0x0000000008005fb0                _cleanup_r
 .text.__sfmoreglue
                0x0000000008005fbc       0x2c c:/st/stm32cubeide_1.11.2/stm32cubeide/plugins/com.st.stm32cube.ide.mcu.externaltools.gnu-tools-for-stm32.10.3-2021.10.win32_1.0.100.202210260954/tools/bin/../lib/gcc/arm-none-eabi/10.3.1/../../../../arm-none-eabi/lib/thumb/v7e-m+fp/hard\libc_nano.a(lib_a-findfp.o)
                0x0000000008005fbc                __sfmoreglue
 .text.__sfp_lock_acquire
                0x0000000008005fe8        0xc c:/st/stm32cubeide_1.11.2/stm32cubeide/plugins/com.st.stm32cube.ide.mcu.externaltools.gnu-tools-for-stm32.10.3-2021.10.win32_1.0.100.202210260954/tools/bin/../lib/gcc/arm-none-eabi/10.3.1/../../../../arm-none-eabi/lib/thumb/v7e-m+fp/hard\libc_nano.a(lib_a-findfp.o)
                0x0000000008005fe8                __sfp_lock_acquire
 .text.__sfp_lock_release
                0x0000000008005ff4        0xc c:/st/stm32cubeide_1.11.2/stm32cubeide/plugins/com.st.stm32cube.ide.mcu.externaltools.gnu-tools-for-stm32.10.3-2021.10.win32_1.0.100.202210260954/tools/bin/../lib/gcc/arm-none-eabi/10.3.1/../../../../arm-none-eabi/lib/thumb/v7e-m+fp/hard\libc_nano.a(lib_a-findfp.o)
                0x0000000008005ff4                __sfp_lock_release
 .text.__sinit_lock_acquire
                0x0000000008006000        0xc c:/st/stm32cubeide_1.11.2/stm32cubeide/plugins/com.st.stm32cube.ide.mcu.externaltools.gnu-tools-for-stm32.10.3-2021.10.win32_1.0.100.202210260954/tools/bin/../lib/gcc/arm-none-eabi/10.3.1/../../../../arm-none-eabi/lib/thumb/v7e-m+fp/hard\libc_nano.a(lib_a-findfp.o)
                0x0000000008006000                __sinit_lock_acquire
 .text.__sinit_lock_release
                0x000000000800600c        0xc c:/st/stm32cubeide_1.11.2/stm32cubeide/plugins/com.st.stm32cube.ide.mcu.externaltools.gnu-tools-for-stm32.10.3-2021.10.win32_1.0.100.202210260954/tools/bin/../lib/gcc/arm-none-eabi/10.3.1/../../../../arm-none-eabi/lib/thumb/v7e-m+fp/hard\libc_nano.a(lib_a-findfp.o)
                0x000000000800600c                __sinit_lock_release
 .text.__sinit  0x0000000008006018       0x70 c:/st/stm32cubeide_1.11.2/stm32cubeide/plugins/com.st.stm32cube.ide.mcu.externaltools.gnu-tools-for-stm32.10.3-2021.10.win32_1.0.100.202210260954/tools/bin/../lib/gcc/arm-none-eabi/10.3.1/../../../../arm-none-eabi/lib/thumb/v7e-m+fp/hard\libc_nano.a(lib_a-findfp.o)
                0x0000000008006018                __sinit
 .text.__sfp    0x0000000008006088       0x8c c:/st/stm32cubeide_1.11.2/stm32cubeide/plugins/com.st.stm32cube.ide.mcu.externaltools.gnu-tools-for-stm32.10.3-2021.10.win32_1.0.100.202210260954/tools/bin/../lib/gcc/arm-none-eabi/10.3.1/../../../../arm-none-eabi/lib/thumb/v7e-m+fp/hard\libc_nano.a(lib_a-findfp.o)
                0x0000000008006088                __sfp
 .text._fwalk_reent
                0x0000000008006114       0x3e c:/st/stm32cubeide_1.11.2/stm32cubeide/plugins/com.st.stm32cube.ide.mcu.externaltools.gnu-tools-for-stm32.10.3-2021.10.win32_1.0.100.202210260954/tools/bin/../lib/gcc/arm-none-eabi/10.3.1/../../../../arm-none-eabi/lib/thumb/v7e-m+fp/hard\libc_nano.a(lib_a-fwalk.o)
                0x0000000008006114                _fwalk_reent
 .text.__retarget_lock_init_recursive
                0x0000000008006152        0x2 c:/st/stm32cubeide_1.11.2/stm32cubeide/plugins/com.st.stm32cube.ide.mcu.externaltools.gnu-tools-for-stm32.10.3-2021.10.win32_1.0.100.202210260954/tools/bin/../lib/gcc/arm-none-eabi/10.3.1/../../../../arm-none-eabi/lib/thumb/v7e-m+fp/hard\libc_nano.a(lib_a-lock.o)
                0x0000000008006152                __retarget_lock_init_recursive
 .text.__retarget_lock_acquire_recursive
                0x0000000008006154        0x2 c:/st/stm32cubeide_1.11.2/stm32cubeide/plugins/com.st.stm32cube.ide.mcu.externaltools.gnu-tools-for-stm32.10.3-2021.10.win32_1.0.100.202210260954/tools/bin/../lib/gcc/arm-none-eabi/10.3.1/../../../../arm-none-eabi/lib/thumb/v7e-m+fp/hard\libc_nano.a(lib_a-lock.o)
                0x0000000008006154                __retarget_lock_acquire_recursive
 .text.__retarget_lock_release_recursive
                0x0000000008006156        0x2 c:/st/stm32cubeide_1.11.2/stm32cubeide/plugins/com.st.stm32cube.ide.mcu.externaltools.gnu-tools-for-stm32.10.3-2021.10.win32_1.0.100.202210260954/tools/bin/../lib/gcc/arm-none-eabi/10.3.1/../../../../arm-none-eabi/lib/thumb/v7e-m+fp/hard\libc_nano.a(lib_a-lock.o)
                0x0000000008006156                __retarget_lock_release_recursive
 .text.__swhatbuf_r
                0x0000000008006158       0x4a c:/st/stm32cubeide_1.11.2/stm32cubeide/plugins/com.st.stm32cube.ide.mcu.externaltools.gnu-tools-for-stm32.10.3-2021.10.win32_1.0.100.202210260954/tools/bin/../lib/gcc/arm-none-eabi/10.3.1/../../../../arm-none-eabi/lib/thumb/v7e-m+fp/hard\libc_nano.a(lib_a-makebuf.o)
                0x0000000008006158                __swhatbuf_r
 *fill*         0x00000000080061a2        0x2 
 .text.__smakebuf_r
                0x00000000080061a4       0x80 c:/st/stm32cubeide_1.11.2/stm32cubeide/plugins/com.st.stm32cube.ide.mcu.externaltools.gnu-tools-for-stm32.10.3-2021.10.win32_1.0.100.202210260954/tools/bin/../lib/gcc/arm-none-eabi/10.3.1/../../../../arm-none-eabi/lib/thumb/v7e-m+fp/hard\libc_nano.a(lib_a-makebuf.o)
                0x00000000080061a4                __smakebuf_r
 .text._free_r  0x0000000008006224       0x98 c:/st/stm32cubeide_1.11.2/stm32cubeide/plugins/com.st.stm32cube.ide.mcu.externaltools.gnu-tools-for-stm32.10.3-2021.10.win32_1.0.100.202210260954/tools/bin/../lib/gcc/arm-none-eabi/10.3.1/../../../../arm-none-eabi/lib/thumb/v7e-m+fp/hard\libc_nano.a(lib_a-nano-freer.o)
                0x0000000008006224                _free_r
 .text.sbrk_aligned
                0x00000000080062bc       0x40 c:/st/stm32cubeide_1.11.2/stm32cubeide/plugins/com.st.stm32cube.ide.mcu.externaltools.gnu-tools-for-stm32.10.3-2021.10.win32_1.0.100.202210260954/tools/bin/../lib/gcc/arm-none-eabi/10.3.1/../../../../arm-none-eabi/lib/thumb/v7e-m+fp/hard\libc_nano.a(lib_a-nano-mallocr.o)
 .text._malloc_r
                0x00000000080062fc       0xe8 c:/st/stm32cubeide_1.11.2/stm32cubeide/plugins/com.st.stm32cube.ide.mcu.externaltools.gnu-tools-for-stm32.10.3-2021.10.win32_1.0.100.202210260954/tools/bin/../lib/gcc/arm-none-eabi/10.3.1/../../../../arm-none-eabi/lib/thumb/v7e-m+fp/hard\libc_nano.a(lib_a-nano-mallocr.o)
                0x00000000080062fc                _malloc_r
 .text._sbrk_r  0x00000000080063e4       0x20 c:/st/stm32cubeide_1.11.2/stm32cubeide/plugins/com.st.stm32cube.ide.mcu.externaltools.gnu-tools-for-stm32.10.3-2021.10.win32_1.0.100.202210260954/tools/bin/../lib/gcc/arm-none-eabi/10.3.1/../../../../arm-none-eabi/lib/thumb/v7e-m+fp/hard\libc_nano.a(lib_a-sbrkr.o)
                0x00000000080063e4                _sbrk_r
 .text.__sread  0x0000000008006404       0x22 c:/st/stm32cubeide_1.11.2/stm32cubeide/plugins/com.st.stm32cube.ide.mcu.externaltools.gnu-tools-for-stm32.10.3-2021.10.win32_1.0.100.202210260954/tools/bin/../lib/gcc/arm-none-eabi/10.3.1/../../../../arm-none-eabi/lib/thumb/v7e-m+fp/hard\libc_nano.a(lib_a-stdio.o)
                0x0000000008006404                __sread
 .text.__swrite
                0x0000000008006426       0x38 c:/st/stm32cubeide_1.11.2/stm32cubeide/plugins/com.st.stm32cube.ide.mcu.externaltools.gnu-tools-for-stm32.10.3-2021.10.win32_1.0.100.202210260954/tools/bin/../lib/gcc/arm-none-eabi/10.3.1/../../../../arm-none-eabi/lib/thumb/v7e-m+fp/hard\libc_nano.a(lib_a-stdio.o)
                0x0000000008006426                __swrite
 .text.__sseek  0x000000000800645e       0x24 c:/st/stm32cubeide_1.11.2/stm32cubeide/plugins/com.st.stm32cube.ide.mcu.externaltools.gnu-tools-for-stm32.10.3-2021.10.win32_1.0.100.202210260954/tools/bin/../lib/gcc/arm-none-eabi/10.3.1/../../../../arm-none-eabi/lib/thumb/v7e-m+fp/hard\libc_nano.a(lib_a-stdio.o)
                0x000000000800645e                __sseek
 .text.__sclose
                0x0000000008006482        0x8 c:/st/stm32cubeide_1.11.2/stm32cubeide/plugins/com.st.stm32cube.ide.mcu.externaltools.gnu-tools-for-stm32.10.3-2021.10.win32_1.0.100.202210260954/tools/bin/../lib/gcc/arm-none-eabi/10.3.1/../../../../arm-none-eabi/lib/thumb/v7e-m+fp/hard\libc_nano.a(lib_a-stdio.o)
                0x0000000008006482                __sclose
 *fill*         0x000000000800648a        0x2 
 .text._write_r
                0x000000000800648c       0x24 c:/st/stm32cubeide_1.11.2/stm32cubeide/plugins/com.st.stm32cube.ide.mcu.externaltools.gnu-tools-for-stm32.10.3-2021.10.win32_1.0.100.202210260954/tools/bin/../lib/gcc/arm-none-eabi/10.3.1/../../../../arm-none-eabi/lib/thumb/v7e-m+fp/hard\libc_nano.a(lib_a-writer.o)
                0x000000000800648c                _write_r
 .text._close_r
                0x00000000080064b0       0x20 c:/st/stm32cubeide_1.11.2/stm32cubeide/plugins/com.st.stm32cube.ide.mcu.externaltools.gnu-tools-for-stm32.10.3-2021.10.win32_1.0.100.202210260954/tools/bin/../lib/gcc/arm-none-eabi/10.3.1/../../../../arm-none-eabi/lib/thumb/v7e-m+fp/hard\libc_nano.a(lib_a-closer.o)
                0x00000000080064b0                _close_r
 .text._fstat_r
                0x00000000080064d0       0x24 c:/st/stm32cubeide_1.11.2/stm32cubeide/plugins/com.st.stm32cube.ide.mcu.externaltools.gnu-tools-for-stm32.10.3-2021.10.win32_1.0.100.202210260954/tools/bin/../lib/gcc/arm-none-eabi/10.3.1/../../../../arm-none-eabi/lib/thumb/v7e-m+fp/hard\libc_nano.a(lib_a-fstatr.o)
                0x00000000080064d0                _fstat_r
 .text._isatty_r
                0x00000000080064f4       0x20 c:/st/stm32cubeide_1.11.2/stm32cubeide/plugins/com.st.stm32cube.ide.mcu.externaltools.gnu-tools-for-stm32.10.3-2021.10.win32_1.0.100.202210260954/tools/bin/../lib/gcc/arm-none-eabi/10.3.1/../../../../arm-none-eabi/lib/thumb/v7e-m+fp/hard\libc_nano.a(lib_a-isattyr.o)
                0x00000000080064f4                _isatty_r
 .text._lseek_r
                0x0000000008006514       0x24 c:/st/stm32cubeide_1.11.2/stm32cubeide/plugins/com.st.stm32cube.ide.mcu.externaltools.gnu-tools-for-stm32.10.3-2021.10.win32_1.0.100.202210260954/tools/bin/../lib/gcc/arm-none-eabi/10.3.1/../../../../arm-none-eabi/lib/thumb/v7e-m+fp/hard\libc_nano.a(lib_a-lseekr.o)
                0x0000000008006514                _lseek_r
 .text.__malloc_lock
                0x0000000008006538        0xc c:/st/stm32cubeide_1.11.2/stm32cubeide/plugins/com.st.stm32cube.ide.mcu.externaltools.gnu-tools-for-stm32.10.3-2021.10.win32_1.0.100.202210260954/tools/bin/../lib/gcc/arm-none-eabi/10.3.1/../../../../arm-none-eabi/lib/thumb/v7e-m+fp/hard\libc_nano.a(lib_a-mlock.o)
                0x0000000008006538                __malloc_lock
 .text.__malloc_unlock
                0x0000000008006544        0xc c:/st/stm32cubeide_1.11.2/stm32cubeide/plugins/com.st.stm32cube.ide.mcu.externaltools.gnu-tools-for-stm32.10.3-2021.10.win32_1.0.100.202210260954/tools/bin/../lib/gcc/arm-none-eabi/10.3.1/../../../../arm-none-eabi/lib/thumb/v7e-m+fp/hard\libc_nano.a(lib_a-mlock.o)
                0x0000000008006544                __malloc_unlock
 .text._read_r  0x0000000008006550       0x24 c:/st/stm32cubeide_1.11.2/stm32cubeide/plugins/com.st.stm32cube.ide.mcu.externaltools.gnu-tools-for-stm32.10.3-2021.10.win32_1.0.100.202210260954/tools/bin/../lib/gcc/arm-none-eabi/10.3.1/../../../../arm-none-eabi/lib/thumb/v7e-m+fp/hard\libc_nano.a(lib_a-readr.o)
                0x0000000008006550                _read_r
 .text.fmaxf    0x0000000008006574       0x36 c:/st/stm32cubeide_1.11.2/stm32cubeide/plugins/com.st.stm32cube.ide.mcu.externaltools.gnu-tools-for-stm32.10.3-2021.10.win32_1.0.100.202210260954/tools/bin/../lib/gcc/arm-none-eabi/10.3.1/../../../../arm-none-eabi/lib/thumb/v7e-m+fp/hard\libm.a(lib_a-sf_fmax.o)
                0x0000000008006574                fmaxf
 .text.fminf    0x00000000080065aa       0x36 c:/st/stm32cubeide_1.11.2/stm32cubeide/plugins/com.st.stm32cube.ide.mcu.externaltools.gnu-tools-for-stm32.10.3-2021.10.win32_1.0.100.202210260954/tools/bin/../lib/gcc/arm-none-eabi/10.3.1/../../../../arm-none-eabi/lib/thumb/v7e-m+fp/hard\libm.a(lib_a-sf_fmin.o)
                0x00000000080065aa                fminf
 .text.__fpclassifyf
                0x00000000080065e0       0x38 c:/st/stm32cubeide_1.11.2/stm32cubeide/plugins/com.st.stm32cube.ide.mcu.externaltools.gnu-tools-for-stm32.10.3-2021.10.win32_1.0.100.202210260954/tools/bin/../lib/gcc/arm-none-eabi/10.3.1/../../../../arm-none-eabi/lib/thumb/v7e-m+fp/hard\libm.a(lib_a-sf_fpclassify.o)
                0x00000000080065e0                __fpclassifyf
 *(.glue_7)
 .glue_7        0x0000000008006618        0x0 linker stubs
 *(.glue_7t)
 .glue_7t       0x0000000008006618        0x0 linker stubs
 *(.eh_frame)
 .eh_frame      0x0000000008006618        0x0 c:/st/stm32cubeide_1.11.2/stm32cubeide/plugins/com.st.stm32cube.ide.mcu.externaltools.gnu-tools-for-stm32.10.3-2021.10.win32_1.0.100.202210260954/tools/bin/../lib/gcc/arm-none-eabi/10.3.1/thumb/v7e-m+fp/hard/crtbegin.o
 *(.init)
 .init          0x0000000008006618        0x4 c:/st/stm32cubeide_1.11.2/stm32cubeide/plugins/com.st.stm32cube.ide.mcu.externaltools.gnu-tools-for-stm32.10.3-2021.10.win32_1.0.100.202210260954/tools/bin/../lib/gcc/arm-none-eabi/10.3.1/thumb/v7e-m+fp/hard/crti.o
                0x0000000008006618                _init
 .init          0x000000000800661c        0x8 c:/st/stm32cubeide_1.11.2/stm32cubeide/plugins/com.st.stm32cube.ide.mcu.externaltools.gnu-tools-for-stm32.10.3-2021.10.win32_1.0.100.202210260954/tools/bin/../lib/gcc/arm-none-eabi/10.3.1/thumb/v7e-m+fp/hard/crtn.o
 *(.fini)
 .fini          0x0000000008006624        0x4 c:/st/stm32cubeide_1.11.2/stm32cubeide/plugins/com.st.stm32cube.ide.mcu.externaltools.gnu-tools-for-stm32.10.3-2021.10.win32_1.0.100.202210260954/tools/bin/../lib/gcc/arm-none-eabi/10.3.1/thumb/v7e-m+fp/hard/crti.o
                0x0000000008006624                _fini
 .fini          0x0000000008006628        0x8 c:/st/stm32cubeide_1.11.2/stm32cubeide/plugins/com.st.stm32cube.ide.mcu.externaltools.gnu-tools-for-stm32.10.3-2021.10.win32_1.0.100.202210260954/tools/bin/../lib/gcc/arm-none-eabi/10.3.1/thumb/v7e-m+fp/hard/crtn.o
                0x0000000008006630                . = ALIGN (0x4)
                0x0000000008006630                _etext = .

.vfp11_veneer   0x0000000008006630        0x0
 .vfp11_veneer  0x0000000008006630        0x0 linker stubs

.v4_bx          0x0000000008006630        0x0
 .v4_bx         0x0000000008006630        0x0 linker stubs

.iplt           0x0000000008006630        0x0
 .iplt          0x0000000008006630        0x0 c:/st/stm32cubeide_1.11.2/stm32cubeide/plugins/com.st.stm32cube.ide.mcu.externaltools.gnu-tools-for-stm32.10.3-2021.10.win32_1.0.100.202210260954/tools/bin/../lib/gcc/arm-none-eabi/10.3.1/thumb/v7e-m+fp/hard/crtbegin.o

.rodata         0x0000000008006630       0x84
                0x0000000008006630                . = ALIGN (0x4)
 *(.rodata)
 .rodata        0x0000000008006630        0x6 ./Core/Src/main.o
 *(.rodata*)
 *fill*         0x0000000008006636        0x2 
 .rodata.AHBPrescTable
                0x0000000008006638       0x10 ./Core/Src/system_stm32f4xx.o
                0x0000000008006638                AHBPrescTable
 .rodata.flagBitshiftOffset.0
                0x0000000008006648        0x8 ./Drivers/STM32F4xx_HAL_Driver/Src/stm32f4xx_hal_dma.o
 .rodata._global_impure_ptr
                0x0000000008006650        0x4 c:/st/stm32cubeide_1.11.2/stm32cubeide/plugins/com.st.stm32cube.ide.mcu.externaltools.gnu-tools-for-stm32.10.3-2021.10.win32_1.0.100.202210260954/tools/bin/../lib/gcc/arm-none-eabi/10.3.1/../../../../arm-none-eabi/lib/thumb/v7e-m+fp/hard\libc_nano.a(lib_a-impure.o)
                0x0000000008006650                _global_impure_ptr
 .rodata.__sf_fake_stderr
                0x0000000008006654       0x20 c:/st/stm32cubeide_1.11.2/stm32cubeide/plugins/com.st.stm32cube.ide.mcu.externaltools.gnu-tools-for-stm32.10.3-2021.10.win32_1.0.100.202210260954/tools/bin/../lib/gcc/arm-none-eabi/10.3.1/../../../../arm-none-eabi/lib/thumb/v7e-m+fp/hard\libc_nano.a(lib_a-findfp.o)
                0x0000000008006654                __sf_fake_stderr
 .rodata.__sf_fake_stdin
                0x0000000008006674       0x20 c:/st/stm32cubeide_1.11.2/stm32cubeide/plugins/com.st.stm32cube.ide.mcu.externaltools.gnu-tools-for-stm32.10.3-2021.10.win32_1.0.100.202210260954/tools/bin/../lib/gcc/arm-none-eabi/10.3.1/../../../../arm-none-eabi/lib/thumb/v7e-m+fp/hard\libc_nano.a(lib_a-findfp.o)
                0x0000000008006674                __sf_fake_stdin
 .rodata.__sf_fake_stdout
                0x0000000008006694       0x20 c:/st/stm32cubeide_1.11.2/stm32cubeide/plugins/com.st.stm32cube.ide.mcu.externaltools.gnu-tools-for-stm32.10.3-2021.10.win32_1.0.100.202210260954/tools/bin/../lib/gcc/arm-none-eabi/10.3.1/../../../../arm-none-eabi/lib/thumb/v7e-m+fp/hard\libc_nano.a(lib_a-findfp.o)
                0x0000000008006694                __sf_fake_stdout
                0x00000000080066b4                . = ALIGN (0x4)

.ARM.extab      0x00000000080066b4        0x0
                0x00000000080066b4                . = ALIGN (0x4)
 *(.ARM.extab* .gnu.linkonce.armextab.*)
                0x00000000080066b4                . = ALIGN (0x4)

.ARM            0x00000000080066b4        0x8
                0x00000000080066b4                . = ALIGN (0x4)
                0x00000000080066b4                __exidx_start = .
 *(.ARM.exidx*)
 .ARM.exidx     0x00000000080066b4        0x8 c:/st/stm32cubeide_1.11.2/stm32cubeide/plugins/com.st.stm32cube.ide.mcu.externaltools.gnu-tools-for-stm32.10.3-2021.10.win32_1.0.100.202210260954/tools/bin/../lib/gcc/arm-none-eabi/10.3.1/thumb/v7e-m+fp/hard\libgcc.a(_udivmoddi4.o)
                0x00000000080066bc                __exidx_end = .
                0x00000000080066bc                . = ALIGN (0x4)

.rel.dyn        0x00000000080066bc        0x0
 .rel.iplt      0x00000000080066bc        0x0 c:/st/stm32cubeide_1.11.2/stm32cubeide/plugins/com.st.stm32cube.ide.mcu.externaltools.gnu-tools-for-stm32.10.3-2021.10.win32_1.0.100.202210260954/tools/bin/../lib/gcc/arm-none-eabi/10.3.1/thumb/v7e-m+fp/hard/crtbegin.o

.preinit_array  0x00000000080066bc        0x0
                0x00000000080066bc                . = ALIGN (0x4)
                0x00000000080066bc                PROVIDE (__preinit_array_start = .)
 *(.preinit_array*)
                0x00000000080066bc                PROVIDE (__preinit_array_end = .)
                0x00000000080066bc                . = ALIGN (0x4)

.init_array     0x00000000080066bc        0x4
                0x00000000080066bc                . = ALIGN (0x4)
                0x00000000080066bc                PROVIDE (__init_array_start = .)
 *(SORT_BY_NAME(.init_array.*))
 *(.init_array*)
 .init_array    0x00000000080066bc        0x4 c:/st/stm32cubeide_1.11.2/stm32cubeide/plugins/com.st.stm32cube.ide.mcu.externaltools.gnu-tools-for-stm32.10.3-2021.10.win32_1.0.100.202210260954/tools/bin/../lib/gcc/arm-none-eabi/10.3.1/thumb/v7e-m+fp/hard/crtbegin.o
                0x00000000080066c0                PROVIDE (__init_array_end = .)
                0x00000000080066c0                . = ALIGN (0x4)

.fini_array     0x00000000080066c0        0x4
                0x00000000080066c0                . = ALIGN (0x4)
                [!provide]                        PROVIDE (__fini_array_start = .)
 *(SORT_BY_NAME(.fini_array.*))
 *(.fini_array*)
 .fini_array    0x00000000080066c0        0x4 c:/st/stm32cubeide_1.11.2/stm32cubeide/plugins/com.st.stm32cube.ide.mcu.externaltools.gnu-tools-for-stm32.10.3-2021.10.win32_1.0.100.202210260954/tools/bin/../lib/gcc/arm-none-eabi/10.3.1/thumb/v7e-m+fp/hard/crtbegin.o
                [!provide]                        PROVIDE (__fini_array_end = .)
                0x00000000080066c4                . = ALIGN (0x4)
                0x00000000080066c4                _sidata = LOADADDR (.data)

.data           0x0000000020000000       0x88 load address 0x00000000080066c4
                0x0000000020000000                . = ALIGN (0x4)
                0x0000000020000000                _sdata = .
 *(.data)
 *(.data*)
 .data.kp_in    0x0000000020000000        0x4 ./Core/Src/main.o
                0x0000000020000000                kp_in
 .data.kd_in    0x0000000020000004        0x4 ./Core/Src/main.o
                0x0000000020000004                kd_in
 .data.p_step   0x0000000020000008        0x4 ./Core/Src/main.o
                0x0000000020000008                p_step
 .data.Ab_CAN   0x000000002000000c        0x1 ./Core/Src/main.o
                0x000000002000000c                Ab_CAN
 .data.Hip_CAN  0x000000002000000d        0x1 ./Core/Src/main.o
                0x000000002000000d                Hip_CAN
 .data.Knee_CAN
                0x000000002000000e        0x1 ./Core/Src/main.o
                0x000000002000000e                Knee_CAN
 *fill*         0x000000002000000f        0x1 
 .data.datacheck
                0x0000000020000010        0x4 ./Core/Src/main.o
                0x0000000020000010                datacheck
 .data.count    0x0000000020000014        0x4 ./Core/Src/main.o
                0x0000000020000014                count
 .data.SystemCoreClock
                0x0000000020000018        0x4 ./Core/Src/system_stm32f4xx.o
                0x0000000020000018                SystemCoreClock
 .data.uwTickPrio
                0x000000002000001c        0x4 ./Drivers/STM32F4xx_HAL_Driver/Src/stm32f4xx_hal.o
                0x000000002000001c                uwTickPrio
 .data.uwTickFreq
                0x0000000020000020        0x1 ./Drivers/STM32F4xx_HAL_Driver/Src/stm32f4xx_hal.o
                0x0000000020000020                uwTickFreq
 *fill*         0x0000000020000021        0x3 
 .data._impure_ptr
                0x0000000020000024        0x4 c:/st/stm32cubeide_1.11.2/stm32cubeide/plugins/com.st.stm32cube.ide.mcu.externaltools.gnu-tools-for-stm32.10.3-2021.10.win32_1.0.100.202210260954/tools/bin/../lib/gcc/arm-none-eabi/10.3.1/../../../../arm-none-eabi/lib/thumb/v7e-m+fp/hard\libc_nano.a(lib_a-impure.o)
                0x0000000020000024                _impure_ptr
 .data.impure_data
                0x0000000020000028       0x60 c:/st/stm32cubeide_1.11.2/stm32cubeide/plugins/com.st.stm32cube.ide.mcu.externaltools.gnu-tools-for-stm32.10.3-2021.10.win32_1.0.100.202210260954/tools/bin/../lib/gcc/arm-none-eabi/10.3.1/../../../../arm-none-eabi/lib/thumb/v7e-m+fp/hard\libc_nano.a(lib_a-impure.o)
 *(.RamFunc)
 *(.RamFunc*)
                0x0000000020000088                . = ALIGN (0x4)
                0x0000000020000088                _edata = .

.igot.plt       0x0000000020000088        0x0 load address 0x000000000800674c
 .igot.plt      0x0000000020000088        0x0 c:/st/stm32cubeide_1.11.2/stm32cubeide/plugins/com.st.stm32cube.ide.mcu.externaltools.gnu-tools-for-stm32.10.3-2021.10.win32_1.0.100.202210260954/tools/bin/../lib/gcc/arm-none-eabi/10.3.1/thumb/v7e-m+fp/hard/crtbegin.o
                0x0000000020000088                . = ALIGN (0x4)

.bss            0x0000000020000088      0x594 load address 0x000000000800674c
                0x0000000020000088                _sbss = .
                0x0000000020000088                __bss_start__ = _sbss
 *(.bss)
 .bss           0x0000000020000088       0x1c c:/st/stm32cubeide_1.11.2/stm32cubeide/plugins/com.st.stm32cube.ide.mcu.externaltools.gnu-tools-for-stm32.10.3-2021.10.win32_1.0.100.202210260954/tools/bin/../lib/gcc/arm-none-eabi/10.3.1/thumb/v7e-m+fp/hard/crtbegin.o
 *(.bss*)
 .bss.KeypadStruct
                0x00000000200000a4       0x30 ./Core/Src/MY_Keypad4x4.o
 .bss.OutPositions
                0x00000000200000d4        0x4 ./Core/Src/MY_Keypad4x4.o
 .bss.hcan1     0x00000000200000d8       0x28 ./Core/Src/main.o
                0x00000000200000d8                hcan1
 .bss.hcan2     0x0000000020000100       0x28 ./Core/Src/main.o
                0x0000000020000100                hcan2
 .bss.hspi1     0x0000000020000128       0x58 ./Core/Src/main.o
                0x0000000020000128                hspi1
 .bss.hdma_spi1_rx
                0x0000000020000180       0x60 ./Core/Src/main.o
                0x0000000020000180                hdma_spi1_rx
 .bss.hdma_spi1_tx
                0x00000000200001e0       0x60 ./Core/Src/main.o
                0x00000000200001e0                hdma_spi1_tx
 .bss.htim1     0x0000000020000240       0x48 ./Core/Src/main.o
                0x0000000020000240                htim1
 .bss.htim8     0x0000000020000288       0x48 ./Core/Src/main.o
                0x0000000020000288                htim8
 .bss.spi_tx_buffer
                0x00000000200002d0       0x84 ./Core/Src/main.o
                0x00000000200002d0                spi_tx_buffer
 .bss.spi_rx_buffer
                0x0000000020000354       0x84 ./Core/Src/main.o
                0x0000000020000354                spi_rx_buffer
 .bss.valuesrec
                0x00000000200003d8       0x84 ./Core/Src/main.o
                0x00000000200003d8                valuesrec
 .bss.control   0x000000002000045c       0x84 ./Core/Src/main.o
                0x000000002000045c                control
 .bss.state     0x00000000200004e0       0x3c ./Core/Src/main.o
                0x00000000200004e0                state
 .bss.torque    0x000000002000051c       0x18 ./Core/Src/main.o
                0x000000002000051c                torque
 .bss.check     0x0000000020000534        0x4 ./Core/Src/main.o
                0x0000000020000534                check
 .bss.p_in      0x0000000020000538        0x4 ./Core/Src/main.o
                0x0000000020000538                p_in
 .bss.v_in      0x000000002000053c        0x4 ./Core/Src/main.o
                0x000000002000053c                v_in
 .bss.t_in      0x0000000020000540        0x4 ./Core/Src/main.o
                0x0000000020000540                t_in
 .bss.p_out     0x0000000020000544        0x4 ./Core/Src/main.o
                0x0000000020000544                p_out
 .bss.v_out     0x0000000020000548        0x4 ./Core/Src/main.o
                0x0000000020000548                v_out
 .bss.t_out     0x000000002000054c        0x4 ./Core/Src/main.o
                0x000000002000054c                t_out
 .bss.CAN       0x0000000020000550        0x1 ./Core/Src/main.o
                0x0000000020000550                CAN
 *fill*         0x0000000020000551        0x3 
 .bss.TxHeader  0x0000000020000554       0x18 ./Core/Src/main.o
                0x0000000020000554                TxHeader
 .bss.RxHeader  0x000000002000056c       0x1c ./Core/Src/main.o
                0x000000002000056c                RxHeader
 .bss.TxData    0x0000000020000588        0x8 ./Core/Src/main.o
                0x0000000020000588                TxData
 .bss.RxData    0x0000000020000590        0x8 ./Core/Src/main.o
                0x0000000020000590                RxData
 .bss.TxMailbox
                0x0000000020000598        0x4 ./Core/Src/main.o
                0x0000000020000598                TxMailbox
 .bss.keycontrol
                0x000000002000059c        0x4 ./Core/Src/main.o
                0x000000002000059c                keycontrol
 .bss.spi_enabled
                0x00000000200005a0        0x4 ./Core/Src/main.o
                0x00000000200005a0                spi_enabled
 .bss.callback_enabled
                0x00000000200005a4        0x4 ./Core/Src/main.o
                0x00000000200005a4                callback_enabled
 .bss.time      0x00000000200005a8        0x4 ./Core/Src/main.o
                0x00000000200005a8                time
 .bss.time2     0x00000000200005ac        0x4 ./Core/Src/main.o
                0x00000000200005ac                time2
 .bss.mySwitches
                0x00000000200005b0       0x10 ./Core/Src/main.o
                0x00000000200005b0                mySwitches
 .bss.myKeypadStruct
                0x00000000200005c0       0x30 ./Core/Src/main.o
                0x00000000200005c0                myKeypadStruct
 .bss.spi_test  0x00000000200005f0        0x4 ./Core/Src/main.o
                0x00000000200005f0                spi_test
 .bss.Error_spi
                0x00000000200005f4        0x4 ./Core/Src/main.o
                0x00000000200005f4                Error_spi
 .bss.CallbackError_spi
                0x00000000200005f8        0x4 ./Core/Src/main.o
                0x00000000200005f8                CallbackError_spi
 .bss.State_spi
                0x00000000200005fc        0x4 ./Core/Src/main.o
                0x00000000200005fc                State_spi
 .bss.HAL_RCC_CAN1_CLK_ENABLED
                0x0000000020000600        0x4 ./Core/Src/stm32f4xx_hal_msp.o
 .bss.__sbrk_heap_end
                0x0000000020000604        0x4 ./Core/Src/sysmem.o
 .bss.uwTick    0x0000000020000608        0x4 ./Drivers/STM32F4xx_HAL_Driver/Src/stm32f4xx_hal.o
                0x0000000020000608                uwTick
 .bss.__lock___malloc_recursive_mutex
                0x000000002000060c        0x1 c:/st/stm32cubeide_1.11.2/stm32cubeide/plugins/com.st.stm32cube.ide.mcu.externaltools.gnu-tools-for-stm32.10.3-2021.10.win32_1.0.100.202210260954/tools/bin/../lib/gcc/arm-none-eabi/10.3.1/../../../../arm-none-eabi/lib/thumb/v7e-m+fp/hard\libc_nano.a(lib_a-lock.o)
                0x000000002000060c                __lock___malloc_recursive_mutex
 .bss.__lock___sfp_recursive_mutex
                0x000000002000060d        0x1 c:/st/stm32cubeide_1.11.2/stm32cubeide/plugins/com.st.stm32cube.ide.mcu.externaltools.gnu-tools-for-stm32.10.3-2021.10.win32_1.0.100.202210260954/tools/bin/../lib/gcc/arm-none-eabi/10.3.1/../../../../arm-none-eabi/lib/thumb/v7e-m+fp/hard\libc_nano.a(lib_a-lock.o)
                0x000000002000060d                __lock___sfp_recursive_mutex
 .bss.__lock___sinit_recursive_mutex
                0x000000002000060e        0x1 c:/st/stm32cubeide_1.11.2/stm32cubeide/plugins/com.st.stm32cube.ide.mcu.externaltools.gnu-tools-for-stm32.10.3-2021.10.win32_1.0.100.202210260954/tools/bin/../lib/gcc/arm-none-eabi/10.3.1/../../../../arm-none-eabi/lib/thumb/v7e-m+fp/hard\libc_nano.a(lib_a-lock.o)
                0x000000002000060e                __lock___sinit_recursive_mutex
 *fill*         0x000000002000060f        0x1 
 .bss.__malloc_free_list
                0x0000000020000610        0x4 c:/st/stm32cubeide_1.11.2/stm32cubeide/plugins/com.st.stm32cube.ide.mcu.externaltools.gnu-tools-for-stm32.10.3-2021.10.win32_1.0.100.202210260954/tools/bin/../lib/gcc/arm-none-eabi/10.3.1/../../../../arm-none-eabi/lib/thumb/v7e-m+fp/hard\libc_nano.a(lib_a-nano-mallocr.o)
                0x0000000020000610                __malloc_free_list
 .bss.__malloc_sbrk_start
                0x0000000020000614        0x4 c:/st/stm32cubeide_1.11.2/stm32cubeide/plugins/com.st.stm32cube.ide.mcu.externaltools.gnu-tools-for-stm32.10.3-2021.10.win32_1.0.100.202210260954/tools/bin/../lib/gcc/arm-none-eabi/10.3.1/../../../../arm-none-eabi/lib/thumb/v7e-m+fp/hard\libc_nano.a(lib_a-nano-mallocr.o)
                0x0000000020000614                __malloc_sbrk_start
 .bss.errno     0x0000000020000618        0x4 c:/st/stm32cubeide_1.11.2/stm32cubeide/plugins/com.st.stm32cube.ide.mcu.externaltools.gnu-tools-for-stm32.10.3-2021.10.win32_1.0.100.202210260954/tools/bin/../lib/gcc/arm-none-eabi/10.3.1/../../../../arm-none-eabi/lib/thumb/v7e-m+fp/hard\libc_nano.a(lib_a-reent.o)
                0x0000000020000618                errno
 *(COMMON)
                0x000000002000061c                . = ALIGN (0x4)
                0x000000002000061c                _ebss = .
                0x000000002000061c                __bss_end__ = _ebss

._user_heap_stack
                0x000000002000061c      0x604 load address 0x000000000800674c
                0x0000000020000620                . = ALIGN (0x8)
 *fill*         0x000000002000061c        0x4 
                [!provide]                        PROVIDE (end = .)
                0x0000000020000620                PROVIDE (_end = .)
                0x0000000020000820                . = (. + _Min_Heap_Size)
 *fill*         0x0000000020000620      0x200 
                0x0000000020000c20                . = (. + _Min_Stack_Size)
 *fill*         0x0000000020000820      0x400 
                0x0000000020000c20                . = ALIGN (0x8)

/DISCARD/
 libc.a(*)
 libm.a(*)
 libgcc.a(*)

.ARM.attributes
                0x0000000000000000       0x30
 *(.ARM.attributes)
 .ARM.attributes
                0x0000000000000000       0x1e c:/st/stm32cubeide_1.11.2/stm32cubeide/plugins/com.st.stm32cube.ide.mcu.externaltools.gnu-tools-for-stm32.10.3-2021.10.win32_1.0.100.202210260954/tools/bin/../lib/gcc/arm-none-eabi/10.3.1/thumb/v7e-m+fp/hard/crti.o
 .ARM.attributes
                0x000000000000001e       0x34 c:/st/stm32cubeide_1.11.2/stm32cubeide/plugins/com.st.stm32cube.ide.mcu.externaltools.gnu-tools-for-stm32.10.3-2021.10.win32_1.0.100.202210260954/tools/bin/../lib/gcc/arm-none-eabi/10.3.1/thumb/v7e-m+fp/hard/crtbegin.o
 .ARM.attributes
                0x0000000000000052       0x34 ./Core/Src/MY_Keypad4x4.o
 .ARM.attributes
                0x0000000000000086       0x34 ./Core/Src/main.o
 .ARM.attributes
                0x00000000000000ba       0x34 ./Core/Src/stm32f4xx_hal_msp.o
 .ARM.attributes
                0x00000000000000ee       0x34 ./Core/Src/stm32f4xx_it.o
 .ARM.attributes
                0x0000000000000122       0x34 ./Core/Src/syscalls.o
 .ARM.attributes
                0x0000000000000156       0x34 ./Core/Src/sysmem.o
 .ARM.attributes
                0x000000000000018a       0x34 ./Core/Src/system_stm32f4xx.o
 .ARM.attributes
                0x00000000000001be       0x21 ./Core/Startup/startup_stm32f446retx.o
 .ARM.attributes
                0x00000000000001df       0x34 ./Drivers/STM32F4xx_HAL_Driver/Src/stm32f4xx_hal.o
 .ARM.attributes
                0x0000000000000213       0x34 ./Drivers/STM32F4xx_HAL_Driver/Src/stm32f4xx_hal_can.o
 .ARM.attributes
                0x0000000000000247       0x34 ./Drivers/STM32F4xx_HAL_Driver/Src/stm32f4xx_hal_cortex.o
 .ARM.attributes
                0x000000000000027b       0x34 ./Drivers/STM32F4xx_HAL_Driver/Src/stm32f4xx_hal_dma.o
 .ARM.attributes
                0x00000000000002af       0x34 ./Drivers/STM32F4xx_HAL_Driver/Src/stm32f4xx_hal_gpio.o
 .ARM.attributes
                0x00000000000002e3       0x34 ./Drivers/STM32F4xx_HAL_Driver/Src/stm32f4xx_hal_pwr_ex.o
 .ARM.attributes
                0x0000000000000317       0x34 ./Drivers/STM32F4xx_HAL_Driver/Src/stm32f4xx_hal_rcc.o
 .ARM.attributes
                0x000000000000034b       0x34 ./Drivers/STM32F4xx_HAL_Driver/Src/stm32f4xx_hal_rcc_ex.o
 .ARM.attributes
                0x000000000000037f       0x34 ./Drivers/STM32F4xx_HAL_Driver/Src/stm32f4xx_hal_spi.o
 .ARM.attributes
                0x00000000000003b3       0x34 ./Drivers/STM32F4xx_HAL_Driver/Src/stm32f4xx_hal_tim.o
 .ARM.attributes
                0x00000000000003e7       0x34 ./Drivers/STM32F4xx_HAL_Driver/Src/stm32f4xx_hal_tim_ex.o
 .ARM.attributes
                0x000000000000041b       0x34 c:/st/stm32cubeide_1.11.2/stm32cubeide/plugins/com.st.stm32cube.ide.mcu.externaltools.gnu-tools-for-stm32.10.3-2021.10.win32_1.0.100.202210260954/tools/bin/../lib/gcc/arm-none-eabi/10.3.1/../../../../arm-none-eabi/lib/thumb/v7e-m+fp/hard\libc_nano.a(lib_a-errno.o)
 .ARM.attributes
                0x000000000000044f       0x34 c:/st/stm32cubeide_1.11.2/stm32cubeide/plugins/com.st.stm32cube.ide.mcu.externaltools.gnu-tools-for-stm32.10.3-2021.10.win32_1.0.100.202210260954/tools/bin/../lib/gcc/arm-none-eabi/10.3.1/../../../../arm-none-eabi/lib/thumb/v7e-m+fp/hard\libc_nano.a(lib_a-impure.o)
 .ARM.attributes
                0x0000000000000483       0x34 c:/st/stm32cubeide_1.11.2/stm32cubeide/plugins/com.st.stm32cube.ide.mcu.externaltools.gnu-tools-for-stm32.10.3-2021.10.win32_1.0.100.202210260954/tools/bin/../lib/gcc/arm-none-eabi/10.3.1/../../../../arm-none-eabi/lib/thumb/v7e-m+fp/hard\libc_nano.a(lib_a-init.o)
 .ARM.attributes
                0x00000000000004b7       0x34 c:/st/stm32cubeide_1.11.2/stm32cubeide/plugins/com.st.stm32cube.ide.mcu.externaltools.gnu-tools-for-stm32.10.3-2021.10.win32_1.0.100.202210260954/tools/bin/../lib/gcc/arm-none-eabi/10.3.1/../../../../arm-none-eabi/lib/thumb/v7e-m+fp/hard\libc_nano.a(lib_a-memset.o)
 .ARM.attributes
                0x00000000000004eb       0x34 c:/st/stm32cubeide_1.11.2/stm32cubeide/plugins/com.st.stm32cube.ide.mcu.externaltools.gnu-tools-for-stm32.10.3-2021.10.win32_1.0.100.202210260954/tools/bin/../lib/gcc/arm-none-eabi/10.3.1/../../../../arm-none-eabi/lib/thumb/v7e-m+fp/hard\libc_nano.a(lib_a-puts.o)
 .ARM.attributes
                0x000000000000051f       0x34 c:/st/stm32cubeide_1.11.2/stm32cubeide/plugins/com.st.stm32cube.ide.mcu.externaltools.gnu-tools-for-stm32.10.3-2021.10.win32_1.0.100.202210260954/tools/bin/../lib/gcc/arm-none-eabi/10.3.1/../../../../arm-none-eabi/lib/thumb/v7e-m+fp/hard\libc_nano.a(lib_a-wbuf.o)
 .ARM.attributes
                0x0000000000000553       0x34 c:/st/stm32cubeide_1.11.2/stm32cubeide/plugins/com.st.stm32cube.ide.mcu.externaltools.gnu-tools-for-stm32.10.3-2021.10.win32_1.0.100.202210260954/tools/bin/../lib/gcc/arm-none-eabi/10.3.1/../../../../arm-none-eabi/lib/thumb/v7e-m+fp/hard\libc_nano.a(lib_a-wsetup.o)
 .ARM.attributes
                0x0000000000000587       0x34 c:/st/stm32cubeide_1.11.2/stm32cubeide/plugins/com.st.stm32cube.ide.mcu.externaltools.gnu-tools-for-stm32.10.3-2021.10.win32_1.0.100.202210260954/tools/bin/../lib/gcc/arm-none-eabi/10.3.1/../../../../arm-none-eabi/lib/thumb/v7e-m+fp/hard\libc_nano.a(lib_a-fflush.o)
 .ARM.attributes
                0x00000000000005bb       0x34 c:/st/stm32cubeide_1.11.2/stm32cubeide/plugins/com.st.stm32cube.ide.mcu.externaltools.gnu-tools-for-stm32.10.3-2021.10.win32_1.0.100.202210260954/tools/bin/../lib/gcc/arm-none-eabi/10.3.1/../../../../arm-none-eabi/lib/thumb/v7e-m+fp/hard\libc_nano.a(lib_a-findfp.o)
 .ARM.attributes
                0x00000000000005ef       0x34 c:/st/stm32cubeide_1.11.2/stm32cubeide/plugins/com.st.stm32cube.ide.mcu.externaltools.gnu-tools-for-stm32.10.3-2021.10.win32_1.0.100.202210260954/tools/bin/../lib/gcc/arm-none-eabi/10.3.1/../../../../arm-none-eabi/lib/thumb/v7e-m+fp/hard\libc_nano.a(lib_a-fwalk.o)
 .ARM.attributes
                0x0000000000000623       0x34 c:/st/stm32cubeide_1.11.2/stm32cubeide/plugins/com.st.stm32cube.ide.mcu.externaltools.gnu-tools-for-stm32.10.3-2021.10.win32_1.0.100.202210260954/tools/bin/../lib/gcc/arm-none-eabi/10.3.1/../../../../arm-none-eabi/lib/thumb/v7e-m+fp/hard\libc_nano.a(lib_a-lock.o)
 .ARM.attributes
                0x0000000000000657       0x34 c:/st/stm32cubeide_1.11.2/stm32cubeide/plugins/com.st.stm32cube.ide.mcu.externaltools.gnu-tools-for-stm32.10.3-2021.10.win32_1.0.100.202210260954/tools/bin/../lib/gcc/arm-none-eabi/10.3.1/../../../../arm-none-eabi/lib/thumb/v7e-m+fp/hard\libc_nano.a(lib_a-makebuf.o)
 .ARM.attributes
                0x000000000000068b       0x34 c:/st/stm32cubeide_1.11.2/stm32cubeide/plugins/com.st.stm32cube.ide.mcu.externaltools.gnu-tools-for-stm32.10.3-2021.10.win32_1.0.100.202210260954/tools/bin/../lib/gcc/arm-none-eabi/10.3.1/../../../../arm-none-eabi/lib/thumb/v7e-m+fp/hard\libc_nano.a(lib_a-nano-freer.o)
 .ARM.attributes
                0x00000000000006bf       0x34 c:/st/stm32cubeide_1.11.2/stm32cubeide/plugins/com.st.stm32cube.ide.mcu.externaltools.gnu-tools-for-stm32.10.3-2021.10.win32_1.0.100.202210260954/tools/bin/../lib/gcc/arm-none-eabi/10.3.1/../../../../arm-none-eabi/lib/thumb/v7e-m+fp/hard\libc_nano.a(lib_a-nano-mallocr.o)
 .ARM.attributes
                0x00000000000006f3       0x34 c:/st/stm32cubeide_1.11.2/stm32cubeide/plugins/com.st.stm32cube.ide.mcu.externaltools.gnu-tools-for-stm32.10.3-2021.10.win32_1.0.100.202210260954/tools/bin/../lib/gcc/arm-none-eabi/10.3.1/../../../../arm-none-eabi/lib/thumb/v7e-m+fp/hard\libc_nano.a(lib_a-sbrkr.o)
 .ARM.attributes
                0x0000000000000727       0x34 c:/st/stm32cubeide_1.11.2/stm32cubeide/plugins/com.st.stm32cube.ide.mcu.externaltools.gnu-tools-for-stm32.10.3-2021.10.win32_1.0.100.202210260954/tools/bin/../lib/gcc/arm-none-eabi/10.3.1/../../../../arm-none-eabi/lib/thumb/v7e-m+fp/hard\libc_nano.a(lib_a-stdio.o)
 .ARM.attributes
                0x000000000000075b       0x34 c:/st/stm32cubeide_1.11.2/stm32cubeide/plugins/com.st.stm32cube.ide.mcu.externaltools.gnu-tools-for-stm32.10.3-2021.10.win32_1.0.100.202210260954/tools/bin/../lib/gcc/arm-none-eabi/10.3.1/../../../../arm-none-eabi/lib/thumb/v7e-m+fp/hard\libc_nano.a(lib_a-writer.o)
 .ARM.attributes
                0x000000000000078f       0x34 c:/st/stm32cubeide_1.11.2/stm32cubeide/plugins/com.st.stm32cube.ide.mcu.externaltools.gnu-tools-for-stm32.10.3-2021.10.win32_1.0.100.202210260954/tools/bin/../lib/gcc/arm-none-eabi/10.3.1/../../../../arm-none-eabi/lib/thumb/v7e-m+fp/hard\libc_nano.a(lib_a-closer.o)
 .ARM.attributes
                0x00000000000007c3       0x34 c:/st/stm32cubeide_1.11.2/stm32cubeide/plugins/com.st.stm32cube.ide.mcu.externaltools.gnu-tools-for-stm32.10.3-2021.10.win32_1.0.100.202210260954/tools/bin/../lib/gcc/arm-none-eabi/10.3.1/../../../../arm-none-eabi/lib/thumb/v7e-m+fp/hard\libc_nano.a(lib_a-fstatr.o)
 .ARM.attributes
                0x00000000000007f7       0x34 c:/st/stm32cubeide_1.11.2/stm32cubeide/plugins/com.st.stm32cube.ide.mcu.externaltools.gnu-tools-for-stm32.10.3-2021.10.win32_1.0.100.202210260954/tools/bin/../lib/gcc/arm-none-eabi/10.3.1/../../../../arm-none-eabi/lib/thumb/v7e-m+fp/hard\libc_nano.a(lib_a-isattyr.o)
 .ARM.attributes
                0x000000000000082b       0x34 c:/st/stm32cubeide_1.11.2/stm32cubeide/plugins/com.st.stm32cube.ide.mcu.externaltools.gnu-tools-for-stm32.10.3-2021.10.win32_1.0.100.202210260954/tools/bin/../lib/gcc/arm-none-eabi/10.3.1/../../../../arm-none-eabi/lib/thumb/v7e-m+fp/hard\libc_nano.a(lib_a-lseekr.o)
 .ARM.attributes
                0x000000000000085f       0x34 c:/st/stm32cubeide_1.11.2/stm32cubeide/plugins/com.st.stm32cube.ide.mcu.externaltools.gnu-tools-for-stm32.10.3-2021.10.win32_1.0.100.202210260954/tools/bin/../lib/gcc/arm-none-eabi/10.3.1/../../../../arm-none-eabi/lib/thumb/v7e-m+fp/hard\libc_nano.a(lib_a-mlock.o)
 .ARM.attributes
                0x0000000000000893       0x34 c:/st/stm32cubeide_1.11.2/stm32cubeide/plugins/com.st.stm32cube.ide.mcu.externaltools.gnu-tools-for-stm32.10.3-2021.10.win32_1.0.100.202210260954/tools/bin/../lib/gcc/arm-none-eabi/10.3.1/../../../../arm-none-eabi/lib/thumb/v7e-m+fp/hard\libc_nano.a(lib_a-readr.o)
 .ARM.attributes
                0x00000000000008c7       0x34 c:/st/stm32cubeide_1.11.2/stm32cubeide/plugins/com.st.stm32cube.ide.mcu.externaltools.gnu-tools-for-stm32.10.3-2021.10.win32_1.0.100.202210260954/tools/bin/../lib/gcc/arm-none-eabi/10.3.1/../../../../arm-none-eabi/lib/thumb/v7e-m+fp/hard\libc_nano.a(lib_a-reent.o)
 .ARM.attributes
                0x00000000000008fb       0x34 c:/st/stm32cubeide_1.11.2/stm32cubeide/plugins/com.st.stm32cube.ide.mcu.externaltools.gnu-tools-for-stm32.10.3-2021.10.win32_1.0.100.202210260954/tools/bin/../lib/gcc/arm-none-eabi/10.3.1/../../../../arm-none-eabi/lib/thumb/v7e-m+fp/hard\libm.a(lib_a-sf_fmax.o)
 .ARM.attributes
                0x000000000000092f       0x34 c:/st/stm32cubeide_1.11.2/stm32cubeide/plugins/com.st.stm32cube.ide.mcu.externaltools.gnu-tools-for-stm32.10.3-2021.10.win32_1.0.100.202210260954/tools/bin/../lib/gcc/arm-none-eabi/10.3.1/../../../../arm-none-eabi/lib/thumb/v7e-m+fp/hard\libm.a(lib_a-sf_fmin.o)
 .ARM.attributes
                0x0000000000000963       0x34 c:/st/stm32cubeide_1.11.2/stm32cubeide/plugins/com.st.stm32cube.ide.mcu.externaltools.gnu-tools-for-stm32.10.3-2021.10.win32_1.0.100.202210260954/tools/bin/../lib/gcc/arm-none-eabi/10.3.1/../../../../arm-none-eabi/lib/thumb/v7e-m+fp/hard\libm.a(lib_a-sf_fpclassify.o)
 .ARM.attributes
                0x0000000000000997       0x1e c:/st/stm32cubeide_1.11.2/stm32cubeide/plugins/com.st.stm32cube.ide.mcu.externaltools.gnu-tools-for-stm32.10.3-2021.10.win32_1.0.100.202210260954/tools/bin/../lib/gcc/arm-none-eabi/10.3.1/thumb/v7e-m+fp/hard\libgcc.a(_aeabi_uldivmod.o)
 .ARM.attributes
                0x00000000000009b5       0x34 c:/st/stm32cubeide_1.11.2/stm32cubeide/plugins/com.st.stm32cube.ide.mcu.externaltools.gnu-tools-for-stm32.10.3-2021.10.win32_1.0.100.202210260954/tools/bin/../lib/gcc/arm-none-eabi/10.3.1/thumb/v7e-m+fp/hard\libgcc.a(_udivmoddi4.o)
 .ARM.attributes
                0x00000000000009e9       0x1e c:/st/stm32cubeide_1.11.2/stm32cubeide/plugins/com.st.stm32cube.ide.mcu.externaltools.gnu-tools-for-stm32.10.3-2021.10.win32_1.0.100.202210260954/tools/bin/../lib/gcc/arm-none-eabi/10.3.1/thumb/v7e-m+fp/hard\libgcc.a(_dvmd_tls.o)
 .ARM.attributes
                0x0000000000000a07       0x1e c:/st/stm32cubeide_1.11.2/stm32cubeide/plugins/com.st.stm32cube.ide.mcu.externaltools.gnu-tools-for-stm32.10.3-2021.10.win32_1.0.100.202210260954/tools/bin/../lib/gcc/arm-none-eabi/10.3.1/thumb/v7e-m+fp/hard/crtn.o
OUTPUT(CAN_MOTORFIRMWARE_like_MIT.elf elf32-littlearm)
LOAD linker stubs
LOAD c:/st/stm32cubeide_1.11.2/stm32cubeide/plugins/com.st.stm32cube.ide.mcu.externaltools.gnu-tools-for-stm32.10.3-2021.10.win32_1.0.100.202210260954/tools/bin/../lib/gcc/arm-none-eabi/10.3.1/../../../../arm-none-eabi/lib/thumb/v7e-m+fp/hard\libc.a
LOAD c:/st/stm32cubeide_1.11.2/stm32cubeide/plugins/com.st.stm32cube.ide.mcu.externaltools.gnu-tools-for-stm32.10.3-2021.10.win32_1.0.100.202210260954/tools/bin/../lib/gcc/arm-none-eabi/10.3.1/../../../../arm-none-eabi/lib/thumb/v7e-m+fp/hard\libm.a
LOAD c:/st/stm32cubeide_1.11.2/stm32cubeide/plugins/com.st.stm32cube.ide.mcu.externaltools.gnu-tools-for-stm32.10.3-2021.10.win32_1.0.100.202210260954/tools/bin/../lib/gcc/arm-none-eabi/10.3.1/thumb/v7e-m+fp/hard\libgcc.a

.debug_info     0x0000000000000000    0x10959
 .debug_info    0x0000000000000000      0x3f1 ./Core/Src/MY_Keypad4x4.o
 .debug_info    0x00000000000003f1     0x29f0 ./Core/Src/main.o
 .debug_info    0x0000000000002de1     0x15d1 ./Core/Src/stm32f4xx_hal_msp.o
 .debug_info    0x00000000000043b2      0xb6c ./Core/Src/stm32f4xx_it.o
 .debug_info    0x0000000000004f1e      0x6e0 ./Core/Src/syscalls.o
 .debug_info    0x00000000000055fe      0x171 ./Core/Src/sysmem.o
 .debug_info    0x000000000000576f      0x55b ./Core/Src/system_stm32f4xx.o
 .debug_info    0x0000000000005cca       0x22 ./Core/Startup/startup_stm32f446retx.o
 .debug_info    0x0000000000005cec      0x9d2 ./Drivers/STM32F4xx_HAL_Driver/Src/stm32f4xx_hal.o
 .debug_info    0x00000000000066be      0xfc6 ./Drivers/STM32F4xx_HAL_Driver/Src/stm32f4xx_hal_can.o
 .debug_info    0x0000000000007684      0xe39 ./Drivers/STM32F4xx_HAL_Driver/Src/stm32f4xx_hal_cortex.o
 .debug_info    0x00000000000084bd      0x94f ./Drivers/STM32F4xx_HAL_Driver/Src/stm32f4xx_hal_dma.o
 .debug_info    0x0000000000008e0c      0x7be ./Drivers/STM32F4xx_HAL_Driver/Src/stm32f4xx_hal_gpio.o
 .debug_info    0x00000000000095ca      0x702 ./Drivers/STM32F4xx_HAL_Driver/Src/stm32f4xx_hal_pwr_ex.o
 .debug_info    0x0000000000009ccc      0x9ab ./Drivers/STM32F4xx_HAL_Driver/Src/stm32f4xx_hal_rcc.o
 .debug_info    0x000000000000a677      0x9ec ./Drivers/STM32F4xx_HAL_Driver/Src/stm32f4xx_hal_rcc_ex.o
 .debug_info    0x000000000000b063     0x1758 ./Drivers/STM32F4xx_HAL_Driver/Src/stm32f4xx_hal_spi.o
 .debug_info    0x000000000000c7bb     0x2bbe ./Drivers/STM32F4xx_HAL_Driver/Src/stm32f4xx_hal_tim.o
 .debug_info    0x000000000000f379     0x15e0 ./Drivers/STM32F4xx_HAL_Driver/Src/stm32f4xx_hal_tim_ex.o

.debug_abbrev   0x0000000000000000     0x2674
 .debug_abbrev  0x0000000000000000      0x194 ./Core/Src/MY_Keypad4x4.o
 .debug_abbrev  0x0000000000000194      0x3cd ./Core/Src/main.o
 .debug_abbrev  0x0000000000000561      0x28d ./Core/Src/stm32f4xx_hal_msp.o
 .debug_abbrev  0x00000000000007ee      0x1e2 ./Core/Src/stm32f4xx_it.o
 .debug_abbrev  0x00000000000009d0      0x1b3 ./Core/Src/syscalls.o
 .debug_abbrev  0x0000000000000b83       0xbb ./Core/Src/sysmem.o
 .debug_abbrev  0x0000000000000c3e      0x116 ./Core/Src/system_stm32f4xx.o
 .debug_abbrev  0x0000000000000d54       0x12 ./Core/Startup/startup_stm32f446retx.o
 .debug_abbrev  0x0000000000000d66      0x20d ./Drivers/STM32F4xx_HAL_Driver/Src/stm32f4xx_hal.o
 .debug_abbrev  0x0000000000000f73      0x22e ./Drivers/STM32F4xx_HAL_Driver/Src/stm32f4xx_hal_can.o
 .debug_abbrev  0x00000000000011a1      0x316 ./Drivers/STM32F4xx_HAL_Driver/Src/stm32f4xx_hal_cortex.o
 .debug_abbrev  0x00000000000014b7      0x25b ./Drivers/STM32F4xx_HAL_Driver/Src/stm32f4xx_hal_dma.o
 .debug_abbrev  0x0000000000001712      0x1c4 ./Drivers/STM32F4xx_HAL_Driver/Src/stm32f4xx_hal_gpio.o
 .debug_abbrev  0x00000000000018d6      0x1c9 ./Drivers/STM32F4xx_HAL_Driver/Src/stm32f4xx_hal_pwr_ex.o
 .debug_abbrev  0x0000000000001a9f      0x2aa ./Drivers/STM32F4xx_HAL_Driver/Src/stm32f4xx_hal_rcc.o
 .debug_abbrev  0x0000000000001d49      0x1fb ./Drivers/STM32F4xx_HAL_Driver/Src/stm32f4xx_hal_rcc_ex.o
 .debug_abbrev  0x0000000000001f44      0x26e ./Drivers/STM32F4xx_HAL_Driver/Src/stm32f4xx_hal_spi.o
 .debug_abbrev  0x00000000000021b2      0x25d ./Drivers/STM32F4xx_HAL_Driver/Src/stm32f4xx_hal_tim.o
 .debug_abbrev  0x000000000000240f      0x265 ./Drivers/STM32F4xx_HAL_Driver/Src/stm32f4xx_hal_tim_ex.o

.debug_aranges  0x0000000000000000      0xfd0
 .debug_aranges
                0x0000000000000000       0x40 ./Core/Src/MY_Keypad4x4.o
 .debug_aranges
                0x0000000000000040      0x100 ./Core/Src/main.o
 .debug_aranges
                0x0000000000000140       0x50 ./Core/Src/stm32f4xx_hal_msp.o
 .debug_aranges
                0x0000000000000190       0x98 ./Core/Src/stm32f4xx_it.o
 .debug_aranges
                0x0000000000000228       0xa8 ./Core/Src/syscalls.o
 .debug_aranges
                0x00000000000002d0       0x20 ./Core/Src/sysmem.o
 .debug_aranges
                0x00000000000002f0       0x28 ./Core/Src/system_stm32f4xx.o
 .debug_aranges
                0x0000000000000318       0x28 ./Core/Startup/startup_stm32f446retx.o
 .debug_aranges
                0x0000000000000340       0xf0 ./Drivers/STM32F4xx_HAL_Driver/Src/stm32f4xx_hal.o
 .debug_aranges
                0x0000000000000430      0x138 ./Drivers/STM32F4xx_HAL_Driver/Src/stm32f4xx_hal_can.o
 .debug_aranges
                0x0000000000000568      0x118 ./Drivers/STM32F4xx_HAL_Driver/Src/stm32f4xx_hal_cortex.o
 .debug_aranges
                0x0000000000000680       0x90 ./Drivers/STM32F4xx_HAL_Driver/Src/stm32f4xx_hal_dma.o
 .debug_aranges
                0x0000000000000710       0x58 ./Drivers/STM32F4xx_HAL_Driver/Src/stm32f4xx_hal_gpio.o
 .debug_aranges
                0x0000000000000768       0x60 ./Drivers/STM32F4xx_HAL_Driver/Src/stm32f4xx_hal_pwr_ex.o
 .debug_aranges
                0x00000000000007c8       0x88 ./Drivers/STM32F4xx_HAL_Driver/Src/stm32f4xx_hal_rcc.o
 .debug_aranges
                0x0000000000000850       0x78 ./Drivers/STM32F4xx_HAL_Driver/Src/stm32f4xx_hal_rcc_ex.o
 .debug_aranges
                0x00000000000008c8      0x1d0 ./Drivers/STM32F4xx_HAL_Driver/Src/stm32f4xx_hal_spi.o
 .debug_aranges
                0x0000000000000a98      0x3d0 ./Drivers/STM32F4xx_HAL_Driver/Src/stm32f4xx_hal_tim.o
 .debug_aranges
                0x0000000000000e68      0x168 ./Drivers/STM32F4xx_HAL_Driver/Src/stm32f4xx_hal_tim_ex.o

.debug_ranges   0x0000000000000000      0xea8
 .debug_ranges  0x0000000000000000       0x30 ./Core/Src/MY_Keypad4x4.o
 .debug_ranges  0x0000000000000030       0xf0 ./Core/Src/main.o
 .debug_ranges  0x0000000000000120       0x40 ./Core/Src/stm32f4xx_hal_msp.o
 .debug_ranges  0x0000000000000160       0x88 ./Core/Src/stm32f4xx_it.o
 .debug_ranges  0x00000000000001e8       0x98 ./Core/Src/syscalls.o
 .debug_ranges  0x0000000000000280       0x10 ./Core/Src/sysmem.o
 .debug_ranges  0x0000000000000290       0x18 ./Core/Src/system_stm32f4xx.o
 .debug_ranges  0x00000000000002a8       0x20 ./Core/Startup/startup_stm32f446retx.o
 .debug_ranges  0x00000000000002c8       0xe0 ./Drivers/STM32F4xx_HAL_Driver/Src/stm32f4xx_hal.o
 .debug_ranges  0x00000000000003a8      0x128 ./Drivers/STM32F4xx_HAL_Driver/Src/stm32f4xx_hal_can.o
 .debug_ranges  0x00000000000004d0      0x108 ./Drivers/STM32F4xx_HAL_Driver/Src/stm32f4xx_hal_cortex.o
 .debug_ranges  0x00000000000005d8       0x80 ./Drivers/STM32F4xx_HAL_Driver/Src/stm32f4xx_hal_dma.o
 .debug_ranges  0x0000000000000658       0x48 ./Drivers/STM32F4xx_HAL_Driver/Src/stm32f4xx_hal_gpio.o
 .debug_ranges  0x00000000000006a0       0x50 ./Drivers/STM32F4xx_HAL_Driver/Src/stm32f4xx_hal_pwr_ex.o
 .debug_ranges  0x00000000000006f0       0x78 ./Drivers/STM32F4xx_HAL_Driver/Src/stm32f4xx_hal_rcc.o
 .debug_ranges  0x0000000000000768       0x68 ./Drivers/STM32F4xx_HAL_Driver/Src/stm32f4xx_hal_rcc_ex.o
 .debug_ranges  0x00000000000007d0      0x1c0 ./Drivers/STM32F4xx_HAL_Driver/Src/stm32f4xx_hal_spi.o
 .debug_ranges  0x0000000000000990      0x3c0 ./Drivers/STM32F4xx_HAL_Driver/Src/stm32f4xx_hal_tim.o
 .debug_ranges  0x0000000000000d50      0x158 ./Drivers/STM32F4xx_HAL_Driver/Src/stm32f4xx_hal_tim_ex.o

.debug_macro    0x0000000000000000    0x2361d
 .debug_macro   0x0000000000000000      0x1e5 ./Core/Src/MY_Keypad4x4.o
 .debug_macro   0x00000000000001e5      0xa78 ./Core/Src/MY_Keypad4x4.o
 .debug_macro   0x0000000000000c5d      0x2a1 ./Core/Src/MY_Keypad4x4.o
 .debug_macro   0x0000000000000efe       0x2e ./Core/Src/MY_Keypad4x4.o
 .debug_macro   0x0000000000000f2c       0x28 ./Core/Src/MY_Keypad4x4.o
 .debug_macro   0x0000000000000f54       0x22 ./Core/Src/MY_Keypad4x4.o
 .debug_macro   0x0000000000000f76       0x8e ./Core/Src/MY_Keypad4x4.o
 .debug_macro   0x0000000000001004       0x51 ./Core/Src/MY_Keypad4x4.o
 .debug_macro   0x0000000000001055      0x103 ./Core/Src/MY_Keypad4x4.o
 .debug_macro   0x0000000000001158       0x6a ./Core/Src/MY_Keypad4x4.o
 .debug_macro   0x00000000000011c2      0x1df ./Core/Src/MY_Keypad4x4.o
 .debug_macro   0x00000000000013a1       0x1c ./Core/Src/MY_Keypad4x4.o
 .debug_macro   0x00000000000013bd       0x22 ./Core/Src/MY_Keypad4x4.o
 .debug_macro   0x00000000000013df       0xd9 ./Core/Src/MY_Keypad4x4.o
 .debug_macro   0x00000000000014b8     0x102d ./Core/Src/MY_Keypad4x4.o
 .debug_macro   0x00000000000024e5      0x11f ./Core/Src/MY_Keypad4x4.o
 .debug_macro   0x0000000000002604    0x16749 ./Core/Src/MY_Keypad4x4.o
 .debug_macro   0x0000000000018d4d       0x6d ./Core/Src/MY_Keypad4x4.o
 .debug_macro   0x0000000000018dba     0x367e ./Core/Src/MY_Keypad4x4.o
 .debug_macro   0x000000000001c438      0x174 ./Core/Src/MY_Keypad4x4.o
 .debug_macro   0x000000000001c5ac       0x5c ./Core/Src/MY_Keypad4x4.o
 .debug_macro   0x000000000001c608      0xc90 ./Core/Src/MY_Keypad4x4.o
 .debug_macro   0x000000000001d298      0x9fe ./Core/Src/MY_Keypad4x4.o
 .debug_macro   0x000000000001dc96      0x115 ./Core/Src/MY_Keypad4x4.o
 .debug_macro   0x000000000001ddab      0x1a0 ./Core/Src/MY_Keypad4x4.o
 .debug_macro   0x000000000001df4b       0xa5 ./Core/Src/MY_Keypad4x4.o
 .debug_macro   0x000000000001dff0      0x16d ./Core/Src/MY_Keypad4x4.o
 .debug_macro   0x000000000001e15d      0x287 ./Core/Src/MY_Keypad4x4.o
 .debug_macro   0x000000000001e3e4       0x5f ./Core/Src/MY_Keypad4x4.o
 .debug_macro   0x000000000001e443      0x236 ./Core/Src/MY_Keypad4x4.o
 .debug_macro   0x000000000001e679      0x40f ./Core/Src/MY_Keypad4x4.o
 .debug_macro   0x000000000001ea88      0x132 ./Core/Src/MY_Keypad4x4.o
 .debug_macro   0x000000000001ebba      0x29c ./Core/Src/MY_Keypad4x4.o
 .debug_macro   0x000000000001ee56       0x2e ./Core/Src/MY_Keypad4x4.o
 .debug_macro   0x000000000001ee84      0x11a ./Core/Src/MY_Keypad4x4.o
 .debug_macro   0x000000000001ef9e       0xe8 ./Core/Src/MY_Keypad4x4.o
 .debug_macro   0x000000000001f086       0x89 ./Core/Src/MY_Keypad4x4.o
 .debug_macro   0x000000000001f10f      0x225 ./Core/Src/MY_Keypad4x4.o
 .debug_macro   0x000000000001f334      0x8e6 ./Core/Src/MY_Keypad4x4.o
 .debug_macro   0x000000000001fc1a       0x4d ./Core/Src/MY_Keypad4x4.o
 .debug_macro   0x000000000001fc67      0x126 ./Core/Src/MY_Keypad4x4.o
 .debug_macro   0x000000000001fd8d       0x22 ./Core/Src/MY_Keypad4x4.o