Archive member included to satisfy reference by file (symbol)

C:/ST/STM32CubeIDE_1.6.1/STM32CubeIDE/plugins/com.st.stm32cube.ide.mcu.externaltools.gnu-tools-for-stm32.11.3.rel1.win32_1.1.100.202309141235/tools/bin/../lib/gcc/arm-none-eabi/11.3.1/../../../../arm-none-eabi/lib/thumb/v7e-m+fp/hard\libc_nano.a(libc_a-exit.o)
                              C:/ST/STM32CubeIDE_1.6.1/STM32CubeIDE/plugins/com.st.stm32cube.ide.mcu.externaltools.gnu-tools-for-stm32.11.3.rel1.win32_1.1.100.202309141235/tools/bin/../lib/gcc/arm-none-eabi/11.3.1/../../../../arm-none-eabi/lib/thumb/v7e-m+fp/hard/crt0.o (exit)
C:/ST/STM32CubeIDE_1.6.1/STM32CubeIDE/plugins/com.st.stm32cube.ide.mcu.externaltools.gnu-tools-for-stm32.11.3.rel1.win32_1.1.100.202309141235/tools/bin/../lib/gcc/arm-none-eabi/11.3.1/../../../../arm-none-eabi/lib/thumb/v7e-m+fp/hard\libc_nano.a(libc_a-findfp.o)
                              C:/ST/STM32CubeIDE_1.6.1/STM32CubeIDE/plugins/com.st.stm32cube.ide.mcu.externaltools.gnu-tools-for-stm32.11.3.rel1.win32_1.1.100.202309141235/tools/bin/../lib/gcc/arm-none-eabi/11.3.1/../../../../arm-none-eabi/lib/thumb/v7e-m+fp/hard\libc_nano.a(libc_a-exit.o) (__stdio_exit_handler)
C:/ST/STM32CubeIDE_1.6.1/STM32CubeIDE/plugins/com.st.stm32cube.ide.mcu.externaltools.gnu-tools-for-stm32.11.3.rel1.win32_1.1.100.202309141235/tools/bin/../lib/gcc/arm-none-eabi/11.3.1/../../../../arm-none-eabi/lib/thumb/v7e-m+fp/hard\libc_nano.a(libc_a-fwalk.o)
                              C:/ST/STM32CubeIDE_1.6.1/STM32CubeIDE/plugins/com.st.stm32cube.ide.mcu.externaltools.gnu-tools-for-stm32.11.3.rel1.win32_1.1.100.202309141235/tools/bin/../lib/gcc/arm-none-eabi/11.3.1/../../../../arm-none-eabi/lib/thumb/v7e-m+fp/hard\libc_nano.a(libc_a-findfp.o) (_fwalk_sglue)
C:/ST/STM32CubeIDE_1.6.1/STM32CubeIDE/plugins/com.st.stm32cube.ide.mcu.externaltools.gnu-tools-for-stm32.11.3.rel1.win32_1.1.100.202309141235/tools/bin/../lib/gcc/arm-none-eabi/11.3.1/../../../../arm-none-eabi/lib/thumb/v7e-m+fp/hard\libc_nano.a(libc_a-puts.o)
                              ./Core/Src/main.o (puts)
C:/ST/STM32CubeIDE_1.6.1/STM32CubeIDE/plugins/com.st.stm32cube.ide.mcu.externaltools.gnu-tools-for-stm32.11.3.rel1.win32_1.1.100.202309141235/tools/bin/../lib/gcc/arm-none-eabi/11.3.1/../../../../arm-none-eabi/lib/thumb/v7e-m+fp/hard\libc_nano.a(libc_a-stdio.o)
                              C:/ST/STM32CubeIDE_1.6.1/STM32CubeIDE/plugins/com.st.stm32cube.ide.mcu.externaltools.gnu-tools-for-stm32.11.3.rel1.win32_1.1.100.202309141235/tools/bin/../lib/gcc/arm-none-eabi/11.3.1/../../../../arm-none-eabi/lib/thumb/v7e-m+fp/hard\libc_nano.a(libc_a-findfp.o) (__sread)
C:/ST/STM32CubeIDE_1.6.1/STM32CubeIDE/plugins/com.st.stm32cube.ide.mcu.externaltools.gnu-tools-for-stm32.11.3.rel1.win32_1.1.100.202309141235/tools/bin/../lib/gcc/arm-none-eabi/11.3.1/../../../../arm-none-eabi/lib/thumb/v7e-m+fp/hard\libc_nano.a(libc_a-wbuf.o)
                              C:/ST/STM32CubeIDE_1.6.1/STM32CubeIDE/plugins/com.st.stm32cube.ide.mcu.externaltools.gnu-tools-for-stm32.11.3.rel1.win32_1.1.100.202309141235/tools/bin/../lib/gcc/arm-none-eabi/11.3.1/../../../../arm-none-eabi/lib/thumb/v7e-m+fp/hard\libc_nano.a(libc_a-puts.o) (__swbuf_r)
C:/ST/STM32CubeIDE_1.6.1/STM32CubeIDE/plugins/com.st.stm32cube.ide.mcu.externaltools.gnu-tools-for-stm32.11.3.rel1.win32_1.1.100.202309141235/tools/bin/../lib/gcc/arm-none-eabi/11.3.1/../../../../arm-none-eabi/lib/thumb/v7e-m+fp/hard\libc_nano.a(libc_a-wsetup.o)
                              C:/ST/STM32CubeIDE_1.6.1/STM32CubeIDE/plugins/com.st.stm32cube.ide.mcu.externaltools.gnu-tools-for-stm32.11.3.rel1.win32_1.1.100.202309141235/tools/bin/../lib/gcc/arm-none-eabi/11.3.1/../../../../arm-none-eabi/lib/thumb/v7e-m+fp/hard\libc_nano.a(libc_a-puts.o) (__swsetup_r)
C:/ST/STM32CubeIDE_1.6.1/STM32CubeIDE/plugins/com.st.stm32cube.ide.mcu.externaltools.gnu-tools-for-stm32.11.3.rel1.win32_1.1.100.202309141235/tools/bin/../lib/gcc/arm-none-eabi/11.3.1/../../../../arm-none-eabi/lib/thumb/v7e-m+fp/hard\libc_nano.a(libc_a-memset.o)
                              C:/ST/STM32CubeIDE_1.6.1/STM32CubeIDE/plugins/com.st.stm32cube.ide.mcu.externaltools.gnu-tools-for-stm32.11.3.rel1.win32_1.1.100.202309141235/tools/bin/../lib/gcc/arm-none-eabi/11.3.1/../../../../arm-none-eabi/lib/thumb/v7e-m+fp/hard/crt0.o (memset)
C:/ST/STM32CubeIDE_1.6.1/STM32CubeIDE/plugins/com.st.stm32cube.ide.mcu.externaltools.gnu-tools-for-stm32.11.3.rel1.win32_1.1.100.202309141235/tools/bin/../lib/gcc/arm-none-eabi/11.3.1/../../../../arm-none-eabi/lib/thumb/v7e-m+fp/hard\libc_nano.a(libc_a-closer.o)
                              C:/ST/STM32CubeIDE_1.6.1/STM32CubeIDE/plugins/com.st.stm32cube.ide.mcu.externaltools.gnu-tools-for-stm32.11.3.rel1.win32_1.1.100.202309141235/tools/bin/../lib/gcc/arm-none-eabi/11.3.1/../../../../arm-none-eabi/lib/thumb/v7e-m+fp/hard\libc_nano.a(libc_a-stdio.o) (_close_r)
[...]
Memory Configuration

Name             Origin             Length             Attributes
RAM              0x0000000020000000 0x0000000000020000 xrw
FLASH            0x0000000008000000 0x0000000000080000 xr
*default*        0x0000000000000000 0xffffffffffffffff

Linker script and memory map

LOAD C:/ST/STM32CubeIDE_1.6.1/STM32CubeIDE/plugins/com.st.stm32cube.ide.mcu.externaltools.gnu-tools-for-stm32.11.3.rel1.win32_1.1.100.202309141235/tools/bin/../lib/gcc/arm-none-eabi/11.3.1/thumb/v7e-m+fp/hard/crti.o
LOAD C:/ST/STM32CubeIDE_1.6.1/STM32CubeIDE/plugins/com.st.stm32cube.ide.mcu.externaltools.gnu-tools-for-stm32.11.3.rel1.win32_1.1.100.202309141235/tools/bin/../lib/gcc/arm-none-eabi/11.3.1/thumb/v7e-m+fp/hard/crtbegin.o
LOAD C:/ST/STM32CubeIDE_1.6.1/STM32CubeIDE/plugins/com.st.stm32cube.ide.mcu.externaltools.gnu-tools-for-stm32.11.3.rel1.win32_1.1.100.202309141235/tools/bin/../lib/gcc/arm-none-eabi/11.3.1/../../../../arm-none-eabi/lib/thumb/v7e-m+fp/hard/crt0.o
LOAD ./Core/Src/MY_Keypad4x4.o
LOAD ./Core/Src/main.o
LOAD ./Core/Src/stm32f4xx_hal_msp.o
LOAD ./Core/Src/stm32f4xx_it.o
LOAD ./Core/Src/syscalls.o
LOAD ./Core/Src/sysmem.o
LOAD ./Core/Src/system_stm32f4xx.o
LOAD ./Core/Startup/startup_stm32f446retx.o
LOAD ./Drivers/STM32F4xx_HAL_Driver/Src/stm32f4xx_hal.o
LOAD ./Drivers/STM32F4xx_HAL_Driver/Src/stm32f4xx_hal_can.o
LOAD ./Drivers/STM32F4xx_HAL_Driver/Src/stm32f4xx_hal_cortex.o
LOAD ./Drivers/STM32F4xx_HAL_Driver/Src/stm32f4xx_hal_dma.o
LOAD ./Drivers/STM32F4xx_HAL_Driver/Src/stm32f4xx_hal_dma_ex.o
LOAD ./Drivers/STM32F4xx_HAL_Driver/Src/stm32f4xx_hal_exti.o
LOAD ./Drivers/STM32F4xx_HAL_Driver/Src/stm32f4xx_hal_flash.o
LOAD ./Drivers/STM32F4xx_HAL_Driver/Src/stm32f4xx_hal_flash_ex.o
LOAD ./Drivers/STM32F4xx_HAL_Driver/Src/stm32f4xx_hal_flash_ramfunc.o
LOAD ./Drivers/STM32F4xx_HAL_Driver/Src/stm32f4xx_hal_gpio.o
LOAD ./Drivers/STM32F4xx_HAL_Driver/Src/stm32f4xx_hal_pwr.o
LOAD ./Drivers/STM32F4xx_HAL_Driver/Src/stm32f4xx_hal_pwr_ex.o
LOAD ./Drivers/STM32F4xx_HAL_Driver/Src/stm32f4xx_hal_rcc.o
LOAD ./Drivers/STM32F4xx_HAL_Driver/Src/stm32f4xx_hal_rcc_ex.o
LOAD ./Drivers/STM32F4xx_HAL_Driver/Src/stm32f4xx_hal_spi.o
LOAD ./Drivers/STM32F4xx_HAL_Driver/Src/stm32f4xx_hal_tim.o
LOAD ./Drivers/STM32F4xx_HAL_Driver/Src/stm32f4xx_hal_tim_ex.o
START GROUP
LOAD C:/ST/STM32CubeIDE_1.6.1/STM32CubeIDE/plugins/com.st.stm32cube.ide.mcu.externaltools.gnu-tools-for-stm32.11.3.rel1.win32_1.1.100.202309141235/tools/bin/../lib/gcc/arm-none-eabi/11.3.1/../../../../arm-none-eabi/lib/thumb/v7e-m+fp/hard\libc_nano.a
LOAD C:/ST/STM32CubeIDE_1.6.1/STM32CubeIDE/plugins/com.st.stm32cube.ide.mcu.externaltools.gnu-tools-for-stm32.11.3.rel1.win32_1.1.100.202309141235/tools/bin/../lib/gcc/arm-none-eabi/11.3.1/../../../../arm-none-eabi/lib/thumb/v7e-m+fp/hard\libm.a
END GROUP
START GROUP
LOAD C:/ST/STM32CubeIDE_1.6.1/STM32CubeIDE/plugins/com.st.stm32cube.ide.mcu.externaltools.gnu-tools-for-stm32.11.3.rel1.win32_1.1.100.202309141235/tools/bin/../lib/gcc/arm-none-eabi/11.3.1/thumb/v7e-m+fp/hard\libgcc.a
LOAD C:/ST/STM32CubeIDE_1.6.1/STM32CubeIDE/plugins/com.st.stm32cube.ide.mcu.externaltools.gnu-tools-for-stm32.11.3.rel1.win32_1.1.100.202309141235/tools/bin/../lib/gcc/arm-none-eabi/11.3.1/../../../../arm-none-eabi/lib/thumb/v7e-m+fp/hard\libc_nano.a
END GROUP
START GROUP
LOAD C:/ST/STM32CubeIDE_1.6.1/STM32CubeIDE/plugins/com.st.stm32cube.ide.mcu.externaltools.gnu-tools-for-stm32.11.3.rel1.win32_1.1.100.202309141235/tools/bin/../lib/gcc/arm-none-eabi/11.3.1/thumb/v7e-m+fp/hard\libgcc.a
LOAD C:/ST/STM32CubeIDE_1.6.1/STM32CubeIDE/plugins/com.st.stm32cube.ide.mcu.externaltools.gnu-tools-for-stm32.11.3.rel1.win32_1.1.100.202309141235/tools/bin/../lib/gcc/arm-none-eabi/11.3.1/../../../../arm-none-eabi/lib/thumb/v7e-m+fp/hard\libc_nano.a
LOAD C:/ST/STM32CubeIDE_1.6.1/STM32CubeIDE/plugins/com.st.stm32cube.ide.mcu.externaltools.gnu-tools-for-stm32.11.3.rel1.win32_1.1.100.202309141235/tools/bin/../lib/gcc/arm-none-eabi/11.3.1/../../../../arm-none-eabi/lib/thumb/v7e-m+fp/hard\libnosys.a
END GROUP
START GROUP
LOAD C:/ST/STM32CubeIDE_1.6.1/STM32CubeIDE/plugins/com.st.stm32cube.ide.mcu.externaltools.gnu-tools-for-stm32.11.3.rel1.win32_1.1.100.202309141235/tools/bin/../lib/gcc/arm-none-eabi/11.3.1/thumb/v7e-m+fp/hard\libgcc.a
LOAD C:/ST/STM32CubeIDE_1.6.1/STM32CubeIDE/plugins/com.st.stm32cube.ide.mcu.externaltools.gnu-tools-for-stm32.11.3.rel1.win32_1.1.100.202309141235/tools/bin/../lib/gcc/arm-none-eabi/11.3.1/../../../../arm-none-eabi/lib/thumb/v7e-m+fp/hard\libc_nano.a
LOAD C:/ST/STM32CubeIDE_1.6.1/STM32CubeIDE/plugins/com.st.stm32cube.ide.mcu.externaltools.gnu-tools-for-stm32.11.3.rel1.win32_1.1.100.202309141235/tools/bin/../lib/gcc/arm-none-eabi/11.3.1/../../../../arm-none-eabi/lib/thumb/v7e-m+fp/hard\libnosys.a
END GROUP
LOAD C:/ST/STM32CubeIDE_1.6.1/STM32CubeIDE/plugins/com.st.stm32cube.ide.mcu.externaltools.gnu-tools-for-stm32.11.3.rel1.win32_1.1.100.202309141235/tools/bin/../lib/gcc/arm-none-eabi/11.3.1/thumb/v7e-m+fp/hard/crtend.o
LOAD C:/ST/STM32CubeIDE_1.6.1/STM32CubeIDE/plugins/com.st.stm32cube.ide.mcu.externaltools.gnu-tools-for-stm32.11.3.rel1.win32_1.1.100.202309141235/tools/bin/../lib/gcc/arm-none-eabi/11.3.1/thumb/v7e-m+fp/hard/crtn.o
                0x0000000020020000                _estack = (ORIGIN (RAM) + LENGTH (RAM))
                0x0000000000000200                _Min_Heap_Size = 0x200
                0x0000000000000400                _Min_Stack_Size = 0x400

.isr_vector     0x0000000008000000      0x1c4
                0x0000000008000000                . = ALIGN (0x4)
 *(.isr_vector)
 .isr_vector    0x0000000008000000      0x1c4 ./Core/Startup/startup_stm32f446retx.o
                0x0000000008000000                g_pfnVectors
                0x00000000080001c4                . = ALIGN (0x4)

.text           0x00000000080001c4     0x5a4c
                0x00000000080001c4                . = ALIGN (0x4)
 *(.text)
 .text          0x00000000080001c4       0x40 C:/ST/STM32CubeIDE_1.6.1/STM32CubeIDE/plugins/com.st.stm32cube.ide.mcu.externaltools.gnu-tools-for-stm32.11.3.rel1.win32_1.1.100.202309141235/tools/bin/../lib/gcc/arm-none-eabi/11.3.1/thumb/v7e-m+fp/hard/crtbegin.o
 .text          0x0000000008000204       0x30 C:/ST/STM32CubeIDE_1.6.1/STM32CubeIDE/plugins/com.st.stm32cube.ide.mcu.externaltools.gnu-tools-for-stm32.11.3.rel1.win32_1.1.100.202309141235/tools/bin/../lib/gcc/arm-none-eabi/11.3.1/thumb/v7e-m+fp/hard\libgcc.a(_aeabi_uldivmod.o)
                0x0000000008000204                __aeabi_uldivmod
 .text          0x0000000008000234      0x2c8 C:/ST/STM32CubeIDE_1.6.1/STM32CubeIDE/plugins/com.st.stm32cube.ide.mcu.externaltools.gnu-tools-for-stm32.11.3.rel1.win32_1.1.100.202309141235/tools/bin/../lib/gcc/arm-none-eabi/11.3.1/thumb/v7e-m+fp/hard\libgcc.a(_udivmoddi4.o)
                0x0000000008000234                __udivmoddi4
 .text          0x00000000080004fc        0x4 C:/ST/STM32CubeIDE_1.6.1/STM32CubeIDE/plugins/com.st.stm32cube.ide.mcu.externaltools.gnu-tools-for-stm32.11.3.rel1.win32_1.1.100.202309141235/tools/bin/../lib/gcc/arm-none-eabi/11.3.1/thumb/v7e-m+fp/hard\libgcc.a(_dvmd_tls.o)
                0x00000000080004fc                __aeabi_idiv0
                0x00000000080004fc                __aeabi_ldiv0
 *(.text*)
 .text.Keypad4x4_Init
                0x0000000008000500       0xdc ./Core/Src/MY_Keypad4x4.o
                0x0000000008000500                Keypad4x4_Init
 .text.Keypad4x4_FindPins_positions
                0x00000000080005dc       0x9c ./Core/Src/MY_Keypad4x4.o
 .text.Keypad4x4_ChangeColomn
                0x0000000008000678      0x1dc ./Core/Src/MY_Keypad4x4.o
 .text.Keypad4x4_ReadKeypad
                0x0000000008000854      0x268 ./Core/Src/MY_Keypad4x4.o
                0x0000000008000854                Keypad4x4_ReadKeypad
 .text.ITM_SendChar
                0x0000000008000abc       0x4e ./Core/Src/main.o
 *fill*         0x0000000008000b0a        0x2 
 .text.HAL_CAN_RxFifo0MsgPendingCallback
                0x0000000008000b0c       0x38 ./Core/Src/main.o
                0x0000000008000b0c                HAL_CAN_RxFifo0MsgPendingCallback
 .text.HAL_CAN_RxFifo1MsgPendingCallback
                0x0000000008000b44       0x38 ./Core/Src/main.o
                0x0000000008000b44                HAL_CAN_RxFifo1MsgPendingCallback
 .text.main     0x0000000008000b7c      0x190 ./Core/Src/main.o
                0x0000000008000b7c                main
 .text.SystemClock_Config
                0x0000000008000d0c       0xe4 ./Core/Src/main.o
                0x0000000008000d0c                SystemClock_Config
 .text.MX_CAN1_Init
                0x0000000008000df0       0xa8 ./Core/Src/main.o
 .text.MX_CAN2_Init
                0x0000000008000e98       0xa8 ./Core/Src/main.o
 .text.MX_SPI1_Init
                0x0000000008000f40       0x68 ./Core/Src/main.o
 .text.MX_TIM1_Init
                0x0000000008000fa8       0xa0 ./Core/Src/main.o
 .text.MX_TIM8_Init
                0x0000000008001048       0xa0 ./Core/Src/main.o
 .text.MX_GPIO_Init
                0x00000000080010e8      0x144 ./Core/Src/main.o
 .text._write   0x000000000800122c       0x38 ./Core/Src/main.o
                0x000000000800122c                _write
 .text.motor_mode
                0x0000000008001264       0x84 ./Core/Src/main.o
                0x0000000008001264                motor_mode
 .text.exit_mode
                0x00000000080012e8       0x84 ./Core/Src/main.o
                0x00000000080012e8                exit_mode
 .text.zero     0x000000000800136c       0x84 ./Core/Src/main.o
                0x000000000800136c                zero
 .text.pack_message
                0x00000000080013f0      0x418 ./Core/Src/main.o
                0x00000000080013f0                pack_message
 .text.unpack_replay
                0x0000000008001808      0x188 ./Core/Src/main.o
                0x0000000008001808                unpack_replay
 .text.can_send_receive
                0x0000000008001990      0x130 ./Core/Src/main.o
                0x0000000008001990                can_send_receive
 .text.can_control
                0x0000000008001ac0      0x2e8 ./Core/Src/main.o
                0x0000000008001ac0                can_control
 .text.float_to_uint
                0x0000000008001da8       0x66 ./Core/Src/main.o
                0x0000000008001da8                float_to_uint
 .text.uint_to_float
                0x0000000008001e0e       0x64 ./Core/Src/main.o
                0x0000000008001e0e                uint_to_float
 *fill*         0x0000000008001e72        0x2 
 .text.softstop_joint
                0x0000000008001e74       0xe8 ./Core/Src/main.o
                0x0000000008001e74                softstop_joint
 .text.xor_checksum
                0x0000000008001f5c       0x40 ./Core/Src/main.o
                0x0000000008001f5c                xor_checksum
 .text.spi_send_receive
                0x0000000008001f9c      0x104 ./Core/Src/main.o
                0x0000000008001f9c                spi_send_receive
 .text.Error_Handler
                0x00000000080020a0        0xa ./Core/Src/main.o
                0x00000000080020a0                Error_Handler
 *fill*         0x00000000080020aa        0x2 
 .text.HAL_MspInit
                0x00000000080020ac       0x50 ./Core/Src/stm32f4xx_hal_msp.o
                0x00000000080020ac                HAL_MspInit
 .text.HAL_CAN_MspInit
                0x00000000080020fc      0x170 ./Core/Src/stm32f4xx_hal_msp.o
                0x00000000080020fc                HAL_CAN_MspInit
 .text.HAL_SPI_MspInit
                0x000000000800226c       0xd0 ./Core/Src/stm32f4xx_hal_msp.o
                0x000000000800226c                HAL_SPI_MspInit
 .text.HAL_TIM_Base_MspInit
                0x000000000800233c       0x70 ./Core/Src/stm32f4xx_hal_msp.o
                0x000000000800233c                HAL_TIM_Base_MspInit
 .text.NMI_Handler
                0x00000000080023ac        0x6 ./Core/Src/stm32f4xx_it.o
                0x00000000080023ac                NMI_Handler
 .text.HardFault_Handler
                0x00000000080023b2        0x6 ./Core/Src/stm32f4xx_it.o
                0x00000000080023b2                HardFault_Handler
 .text.MemManage_Handler
                0x00000000080023b8        0x6 ./Core/Src/stm32f4xx_it.o
                0x00000000080023b8                MemManage_Handler
 .text.BusFault_Handler
                0x00000000080023be        0x6 ./Core/Src/stm32f4xx_it.o
                0x00000000080023be                BusFault_Handler
 .text.UsageFault_Handler
                0x00000000080023c4        0x6 ./Core/Src/stm32f4xx_it.o
                0x00000000080023c4                UsageFault_Handler
 .text.SVC_Handler
                0x00000000080023ca        0xe ./Core/Src/stm32f4xx_it.o
                0x00000000080023ca                SVC_Handler
 .text.DebugMon_Handler
                0x00000000080023d8        0xe ./Core/Src/stm32f4xx_it.o
                0x00000000080023d8                DebugMon_Handler
 .text.PendSV_Handler
                0x00000000080023e6        0xe ./Core/Src/stm32f4xx_it.o
                0x00000000080023e6                PendSV_Handler
 .text.SysTick_Handler
                0x00000000080023f4        0xc ./Core/Src/stm32f4xx_it.o
                0x00000000080023f4                SysTick_Handler
 .text.CAN1_RX0_IRQHandler
                0x0000000008002400       0x14 ./Core/Src/stm32f4xx_it.o
                0x0000000008002400                CAN1_RX0_IRQHandler
 .text.EXTI15_10_IRQHandler
                0x0000000008002414       0x18 ./Core/Src/stm32f4xx_it.o
                0x0000000008002414                EXTI15_10_IRQHandler
 .text.CAN2_RX0_IRQHandler
                0x000000000800242c       0x14 ./Core/Src/stm32f4xx_it.o
                0x000000000800242c                CAN2_RX0_IRQHandler
 .text.CAN2_RX1_IRQHandler
                0x0000000008002440       0x14 ./Core/Src/stm32f4xx_it.o
                0x0000000008002440                CAN2_RX1_IRQHandler
 .text._read    0x0000000008002454       0x3a ./Core/Src/syscalls.o
                0x0000000008002454                _read
 .text._close   0x000000000800248e       0x18 ./Core/Src/syscalls.o
                0x000000000800248e                _close
 .text._fstat   0x00000000080024a6       0x20 ./Core/Src/syscalls.o
                0x00000000080024a6                _fstat
 .text._isatty  0x00000000080024c6       0x16 ./Core/Src/syscalls.o
                0x00000000080024c6                _isatty
 .text._lseek   0x00000000080024dc       0x1a ./Core/Src/syscalls.o
                0x00000000080024dc                _lseek
 *fill*         0x00000000080024f6        0x2 
 .text._sbrk    0x00000000080024f8       0x6c ./Core/Src/sysmem.o
                0x00000000080024f8                _sbrk
 .text.SystemInit
                0x0000000008002564       0x24 ./Core/Src/system_stm32f4xx.o
                0x0000000008002564                SystemInit
 .text.Reset_Handler
                0x0000000008002588       0x50 ./Core/Startup/startup_stm32f446retx.o
                0x0000000008002588                Reset_Handler
 .text.Default_Handler
                0x00000000080025d8        0x2 ./Core/Startup/startup_stm32f446retx.o
                0x00000000080025d8                RTC_Alarm_IRQHandler
                0x00000000080025d8                EXTI2_IRQHandler
                0x00000000080025d8                TIM8_CC_IRQHandler
                0x00000000080025d8                FMPI2C1_EV_IRQHandler
                0x00000000080025d8                SPI4_IRQHandler
                0x00000000080025d8                TIM1_CC_IRQHandler
                0x00000000080025d8                DMA2_Stream5_IRQHandler
                0x00000000080025d8                DMA1_Stream5_IRQHandler
                0x00000000080025d8                PVD_IRQHandler
                0x00000000080025d8                SDIO_IRQHandler
                0x00000000080025d8                TAMP_STAMP_IRQHandler
                0x00000000080025d8                EXTI3_IRQHandler
                0x00000000080025d8                TIM8_TRG_COM_TIM14_IRQHandler
                0x00000000080025d8                TIM1_UP_TIM10_IRQHandler
                0x00000000080025d8                TIM8_UP_TIM13_IRQHandler
                0x00000000080025d8                I2C3_ER_IRQHandler
                0x00000000080025d8                EXTI0_IRQHandler
                0x00000000080025d8                I2C2_EV_IRQHandler
                0x00000000080025d8                DMA1_Stream2_IRQHandler
                0x00000000080025d8                FPU_IRQHandler
                0x00000000080025d8                OTG_HS_WKUP_IRQHandler
                0x00000000080025d8                CAN2_SCE_IRQHandler
                0x00000000080025d8                DMA2_Stream2_IRQHandler
                0x00000000080025d8                SPI1_IRQHandler
                0x00000000080025d8                TIM6_DAC_IRQHandler
                0x00000000080025d8                TIM1_BRK_TIM9_IRQHandler
                0x00000000080025d8                DCMI_IRQHandler
                0x00000000080025d8                DMA2_Stream3_IRQHandler
                0x00000000080025d8                SAI2_IRQHandler
                0x00000000080025d8                USART6_IRQHandler
                0x00000000080025d8                USART3_IRQHandler
                0x00000000080025d8                CAN1_RX1_IRQHandler
                0x00000000080025d8                UART5_IRQHandler
                0x00000000080025d8                DMA2_Stream0_IRQHandler
                0x00000000080025d8                TIM4_IRQHandler
                0x00000000080025d8                QUADSPI_IRQHandler
                0x00000000080025d8                I2C1_EV_IRQHandler
                0x00000000080025d8                DMA1_Stream6_IRQHandler
                0x00000000080025d8                DMA1_Stream1_IRQHandler
                0x00000000080025d8                UART4_IRQHandler
                0x00000000080025d8                TIM3_IRQHandler
                0x00000000080025d8                RCC_IRQHandler
                0x00000000080025d8                TIM8_BRK_TIM12_IRQHandler
                0x00000000080025d8                Default_Handler
                0x00000000080025d8                CEC_IRQHandler
                0x00000000080025d8                ADC_IRQHandler
                0x00000000080025d8                DMA1_Stream7_IRQHandler
                0x00000000080025d8                TIM7_IRQHandler
                0x00000000080025d8                CAN2_TX_IRQHandler
                0x00000000080025d8                TIM5_IRQHandler
                0x00000000080025d8                DMA2_Stream7_IRQHandler
                0x00000000080025d8                I2C3_EV_IRQHandler
                0x00000000080025d8                EXTI9_5_IRQHandler
                0x00000000080025d8                RTC_WKUP_IRQHandler
                0x00000000080025d8                SPDIF_RX_IRQHandler
                0x00000000080025d8                SPI2_IRQHandler
                0x00000000080025d8                OTG_HS_EP1_IN_IRQHandler
                0x00000000080025d8                DMA1_Stream0_IRQHandler
                0x00000000080025d8                CAN1_TX_IRQHandler
                0x00000000080025d8                FMPI2C1_ER_IRQHandler
                0x00000000080025d8                EXTI4_IRQHandler
                0x00000000080025d8                OTG_HS_EP1_OUT_IRQHandler
                0x00000000080025d8                WWDG_IRQHandler
                0x00000000080025d8                TIM2_IRQHandler
                0x00000000080025d8                OTG_FS_WKUP_IRQHandler
                0x00000000080025d8                TIM1_TRG_COM_TIM11_IRQHandler
                0x00000000080025d8                OTG_HS_IRQHandler
                0x00000000080025d8                EXTI1_IRQHandler
                0x00000000080025d8                USART2_IRQHandler
                0x00000000080025d8                I2C2_ER_IRQHandler
                0x00000000080025d8                DMA2_Stream1_IRQHandler
                0x00000000080025d8                CAN1_SCE_IRQHandler
                0x00000000080025d8                FLASH_IRQHandler
                0x00000000080025d8                DMA2_Stream4_IRQHandler
                0x00000000080025d8                USART1_IRQHandler
                0x00000000080025d8                OTG_FS_IRQHandler
                0x00000000080025d8                SPI3_IRQHandler
                0x00000000080025d8                DMA1_Stream4_IRQHandler
                0x00000000080025d8                I2C1_ER_IRQHandler
                0x00000000080025d8                FMC_IRQHandler
                0x00000000080025d8                DMA2_Stream6_IRQHandler
                0x00000000080025d8                SAI1_IRQHandler
                0x00000000080025d8                DMA1_Stream3_IRQHandler
 *fill*         0x00000000080025da        0x2 
 .text.HAL_Init
                0x00000000080025dc       0x44 ./Drivers/STM32F4xx_HAL_Driver/Src/stm32f4xx_hal.o
                0x00000000080025dc                HAL_Init
 .text.HAL_InitTick
                0x0000000008002620       0x60 ./Drivers/STM32F4xx_HAL_Driver/Src/stm32f4xx_hal.o
                0x0000000008002620                HAL_InitTick
 .text.HAL_IncTick
                0x0000000008002680       0x28 ./Drivers/STM32F4xx_HAL_Driver/Src/stm32f4xx_hal.o
                0x0000000008002680                HAL_IncTick
 .text.HAL_GetTick
                0x00000000080026a8       0x18 ./Drivers/STM32F4xx_HAL_Driver/Src/stm32f4xx_hal.o
                0x00000000080026a8                HAL_GetTick
 .text.HAL_CAN_Init
                0x00000000080026c0      0x1f6 ./Drivers/STM32F4xx_HAL_Driver/Src/stm32f4xx_hal_can.o
                0x00000000080026c0                HAL_CAN_Init
 *fill*         0x00000000080028b6        0x2 
 .text.HAL_CAN_ConfigFilter
                0x00000000080028b8      0x1c0 ./Drivers/STM32F4xx_HAL_Driver/Src/stm32f4xx_hal_can.o
                0x00000000080028b8                HAL_CAN_ConfigFilter
 .text.HAL_CAN_Start
                0x0000000008002a78       0x88 ./Drivers/STM32F4xx_HAL_Driver/Src/stm32f4xx_hal_can.o
                0x0000000008002a78                HAL_CAN_Start
 .text.HAL_CAN_AddTxMessage
                0x0000000008002b00      0x1b6 ./Drivers/STM32F4xx_HAL_Driver/Src/stm32f4xx_hal_can.o
                0x0000000008002b00                HAL_CAN_AddTxMessage
 .text.HAL_CAN_GetRxMessage
                0x0000000008002cb6      0x224 ./Drivers/STM32F4xx_HAL_Driver/Src/stm32f4xx_hal_can.o
                0x0000000008002cb6                HAL_CAN_GetRxMessage
 .text.HAL_CAN_ActivateNotification
                0x0000000008002eda       0x4c ./Drivers/STM32F4xx_HAL_Driver/Src/stm32f4xx_hal_can.o
                0x0000000008002eda                HAL_CAN_ActivateNotification
 .text.HAL_CAN_IRQHandler
                0x0000000008002f26      0x36e ./Drivers/STM32F4xx_HAL_Driver/Src/stm32f4xx_hal_can.o
                0x0000000008002f26                HAL_CAN_IRQHandler
 .text.HAL_CAN_TxMailbox0CompleteCallback
                0x0000000008003294       0x14 ./Drivers/STM32F4xx_HAL_Driver/Src/stm32f4xx_hal_can.o
                0x0000000008003294                HAL_CAN_TxMailbox0CompleteCallback
 .text.HAL_CAN_TxMailbox1CompleteCallback
                0x00000000080032a8       0x14 ./Drivers/STM32F4xx_HAL_Driver/Src/stm32f4xx_hal_can.o
                0x00000000080032a8                HAL_CAN_TxMailbox1CompleteCallback
 .text.HAL_CAN_TxMailbox2CompleteCallback
                0x00000000080032bc       0x14 ./Drivers/STM32F4xx_HAL_Driver/Src/stm32f4xx_hal_can.o
                0x00000000080032bc                HAL_CAN_TxMailbox2CompleteCallback
 .text.HAL_CAN_TxMailbox0AbortCallback
                0x00000000080032d0       0x14 ./Drivers/STM32F4xx_HAL_Driver/Src/stm32f4xx_hal_can.o
                0x00000000080032d0                HAL_CAN_TxMailbox0AbortCallback
 .text.HAL_CAN_TxMailbox1AbortCallback
                0x00000000080032e4       0x14 ./Drivers/STM32F4xx_HAL_Driver/Src/stm32f4xx_hal_can.o
                0x00000000080032e4                HAL_CAN_TxMailbox1AbortCallback
 .text.HAL_CAN_TxMailbox2AbortCallback
                0x00000000080032f8       0x14 ./Drivers/STM32F4xx_HAL_Driver/Src/stm32f4xx_hal_can.o
                0x00000000080032f8                HAL_CAN_TxMailbox2AbortCallback
 .text.HAL_CAN_RxFifo0FullCallback
                0x000000000800330c       0x14 ./Drivers/STM32F4xx_HAL_Driver/Src/stm32f4xx_hal_can.o
                0x000000000800330c                HAL_CAN_RxFifo0FullCallback
 .text.HAL_CAN_RxFifo1FullCallback
                0x0000000008003320       0x14 ./Drivers/STM32F4xx_HAL_Driver/Src/stm32f4xx_hal_can.o
                0x0000000008003320                HAL_CAN_RxFifo1FullCallback
 .text.HAL_CAN_SleepCallback
                0x0000000008003334       0x14 ./Drivers/STM32F4xx_HAL_Driver/Src/stm32f4xx_hal_can.o
                0x0000000008003334                HAL_CAN_SleepCallback
 .text.HAL_CAN_WakeUpFromRxMsgCallback
                0x0000000008003348       0x14 ./Drivers/STM32F4xx_HAL_Driver/Src/stm32f4xx_hal_can.o
                0x0000000008003348                HAL_CAN_WakeUpFromRxMsgCallback
 .text.HAL_CAN_ErrorCallback
                0x000000000800335c       0x14 ./Drivers/STM32F4xx_HAL_Driver/Src/stm32f4xx_hal_can.o
                0x000000000800335c                HAL_CAN_ErrorCallback
 .text.__NVIC_SetPriorityGrouping
                0x0000000008003370       0x48 ./Drivers/STM32F4xx_HAL_Driver/Src/stm32f4xx_hal_cortex.o
 .text.__NVIC_GetPriorityGrouping
                0x00000000080033b8       0x1c ./Drivers/STM32F4xx_HAL_Driver/Src/stm32f4xx_hal_cortex.o
 .text.__NVIC_EnableIRQ
                0x00000000080033d4       0x3c ./Drivers/STM32F4xx_HAL_Driver/Src/stm32f4xx_hal_cortex.o
 .text.__NVIC_SetPriority
                0x0000000008003410       0x54 ./Drivers/STM32F4xx_HAL_Driver/Src/stm32f4xx_hal_cortex.o
 .text.NVIC_EncodePriority
                0x0000000008003464       0x66 ./Drivers/STM32F4xx_HAL_Driver/Src/stm32f4xx_hal_cortex.o
 *fill*         0x00000000080034ca        0x2 
 .text.SysTick_Config
                0x00000000080034cc       0x44 ./Drivers/STM32F4xx_HAL_Driver/Src/stm32f4xx_hal_cortex.o
 .text.HAL_NVIC_SetPriorityGrouping
                0x0000000008003510       0x16 ./Drivers/STM32F4xx_HAL_Driver/Src/stm32f4xx_hal_cortex.o
                0x0000000008003510                HAL_NVIC_SetPriorityGrouping
 .text.HAL_NVIC_SetPriority
                0x0000000008003526       0x38 ./Drivers/STM32F4xx_HAL_Driver/Src/stm32f4xx_hal_cortex.o
                0x0000000008003526                HAL_NVIC_SetPriority
 .text.HAL_NVIC_EnableIRQ
                0x000000000800355e       0x1c ./Drivers/STM32F4xx_HAL_Driver/Src/stm32f4xx_hal_cortex.o
                0x000000000800355e                HAL_NVIC_EnableIRQ
 .text.HAL_SYSTICK_Config
                0x000000000800357a       0x18 ./Drivers/STM32F4xx_HAL_Driver/Src/stm32f4xx_hal_cortex.o
                0x000000000800357a                HAL_SYSTICK_Config
 *fill*         0x0000000008003592        0x2 
 .text.HAL_GPIO_Init
                0x0000000008003594      0x328 ./Drivers/STM32F4xx_HAL_Driver/Src/stm32f4xx_hal_gpio.o
                0x0000000008003594                HAL_GPIO_Init
 .text.HAL_GPIO_ReadPin
                0x00000000080038bc       0x30 ./Drivers/STM32F4xx_HAL_Driver/Src/stm32f4xx_hal_gpio.o
                0x00000000080038bc                HAL_GPIO_ReadPin
 .text.HAL_GPIO_WritePin
                0x00000000080038ec       0x32 ./Drivers/STM32F4xx_HAL_Driver/Src/stm32f4xx_hal_gpio.o
                0x00000000080038ec                HAL_GPIO_WritePin
 *fill*         0x000000000800391e        0x2 
 .text.HAL_GPIO_EXTI_IRQHandler
                0x0000000008003920       0x30 ./Drivers/STM32F4xx_HAL_Driver/Src/stm32f4xx_hal_gpio.o
                0x0000000008003920                HAL_GPIO_EXTI_IRQHandler
 .text.HAL_GPIO_EXTI_Callback
                0x0000000008003950       0x16 ./Drivers/STM32F4xx_HAL_Driver/Src/stm32f4xx_hal_gpio.o
                0x0000000008003950                HAL_GPIO_EXTI_Callback
 *fill*         0x0000000008003966        0x2 
 .text.HAL_PWREx_EnableOverDrive
                0x0000000008003968       0xa0 ./Drivers/STM32F4xx_HAL_Driver/Src/stm32f4xx_hal_pwr_ex.o
                0x0000000008003968                HAL_PWREx_EnableOverDrive
 .text.HAL_RCC_ClockConfig
                0x0000000008003a08      0x1cc ./Drivers/STM32F4xx_HAL_Driver/Src/stm32f4xx_hal_rcc.o
                0x0000000008003a08                HAL_RCC_ClockConfig
 .text.HAL_RCC_GetSysClockFreq
                0x0000000008003bd4      0x460 ./Drivers/STM32F4xx_HAL_Driver/Src/stm32f4xx_hal_rcc_ex.o
                0x0000000008003bd4                HAL_RCC_GetSysClockFreq
 .text.HAL_RCC_OscConfig
                0x0000000008004034      0x53c ./Drivers/STM32F4xx_HAL_Driver/Src/stm32f4xx_hal_rcc_ex.o
                0x0000000008004034                HAL_RCC_OscConfig
 .text.HAL_SPI_Init
                0x0000000008004570      0x112 ./Drivers/STM32F4xx_HAL_Driver/Src/stm32f4xx_hal_spi.o
                0x0000000008004570                HAL_SPI_Init
 .text.HAL_SPI_TransmitReceive
                0x0000000008004682      0x344 ./Drivers/STM32F4xx_HAL_Driver/Src/stm32f4xx_hal_spi.o
                0x0000000008004682                HAL_SPI_TransmitReceive
 .text.HAL_SPI_GetState
                0x00000000080049c6       0x1c ./Drivers/STM32F4xx_HAL_Driver/Src/stm32f4xx_hal_spi.o
                0x00000000080049c6                HAL_SPI_GetState
 .text.HAL_SPI_GetError
                0x00000000080049e2       0x18 ./Drivers/STM32F4xx_HAL_Driver/Src/stm32f4xx_hal_spi.o
                0x00000000080049e2                HAL_SPI_GetError
 *fill*         0x00000000080049fa        0x2 
 .text.SPI_WaitFlagStateUntilTimeout
                0x00000000080049fc      0x110 ./Drivers/STM32F4xx_HAL_Driver/Src/stm32f4xx_hal_spi.o
 .text.SPI_EndRxTxTransaction
                0x0000000008004b0c       0x84 ./Drivers/STM32F4xx_HAL_Driver/Src/stm32f4xx_hal_spi.o
 .text.HAL_TIM_Base_Init
                0x0000000008004b90       0x9e ./Drivers/STM32F4xx_HAL_Driver/Src/stm32f4xx_hal_tim.o
                0x0000000008004b90                HAL_TIM_Base_Init
 *fill*         0x0000000008004c2e        0x2 
 .text.HAL_TIM_Base_Start
                0x0000000008004c30       0xd0 ./Drivers/STM32F4xx_HAL_Driver/Src/stm32f4xx_hal_tim.o
                0x0000000008004c30                HAL_TIM_Base_Start
 .text.HAL_TIM_ConfigClockSource
                0x0000000008004d00      0x18e ./Drivers/STM32F4xx_HAL_Driver/Src/stm32f4xx_hal_tim.o
                0x0000000008004d00                HAL_TIM_ConfigClockSource
 *fill*         0x0000000008004e8e        0x2 
 .text.TIM_Base_SetConfig
                0x0000000008004e90      0x140 ./Drivers/STM32F4xx_HAL_Driver/Src/stm32f4xx_hal_tim.o
                0x0000000008004e90                TIM_Base_SetConfig
 .text.TIM_TI1_ConfigInputStage
                0x0000000008004fd0       0x5e ./Drivers/STM32F4xx_HAL_Driver/Src/stm32f4xx_hal_tim.o
 .text.TIM_TI2_ConfigInputStage
                0x000000000800502e       0x60 ./Drivers/STM32F4xx_HAL_Driver/Src/stm32f4xx_hal_tim.o
 .text.TIM_ITRx_SetConfig
                0x000000000800508e       0x36 ./Drivers/STM32F4xx_HAL_Driver/Src/stm32f4xx_hal_tim.o
 .text.TIM_ETR_SetConfig
                0x00000000080050c4       0x40 ./Drivers/STM32F4xx_HAL_Driver/Src/stm32f4xx_hal_tim.o
                0x00000000080050c4                TIM_ETR_SetConfig
 .text.HAL_TIMEx_MasterConfigSynchronization
                0x0000000008005104       0xf8 ./Drivers/STM32F4xx_HAL_Driver/Src/stm32f4xx_hal_tim_ex.o
                0x0000000008005104                HAL_TIMEx_MasterConfigSynchronization
 .text.std      0x00000000080051fc       0x6c C:/ST/STM32CubeIDE_1.6.1/STM32CubeIDE/plugins/com.st.stm32cube.ide.mcu.externaltools.gnu-tools-for-stm32.11.3.rel1.win32_1.1.100.202309141235/tools/bin/../lib/gcc/arm-none-eabi/11.3.1/../../../../arm-none-eabi/lib/thumb/v7e-m+fp/hard\libc_nano.a(libc_a-findfp.o)
 .text.stdio_exit_handler
                0x0000000008005268       0x18 C:/ST/STM32CubeIDE_1.6.1/STM32CubeIDE/plugins/com.st.stm32cube.ide.mcu.externaltools.gnu-tools-for-stm32.11.3.rel1.win32_1.1.100.202309141235/tools/bin/../lib/gcc/arm-none-eabi/11.3.1/../../../../arm-none-eabi/lib/thumb/v7e-m+fp/hard\libc_nano.a(libc_a-findfp.o)
 .text.cleanup_stdio
                0x0000000008005280       0x40 C:/ST/STM32CubeIDE_1.6.1/STM32CubeIDE/plugins/com.st.stm32cube.ide.mcu.externaltools.gnu-tools-for-stm32.11.3.rel1.win32_1.1.100.202309141235/tools/bin/../lib/gcc/arm-none-eabi/11.3.1/../../../../arm-none-eabi/lib/thumb/v7e-m+fp/hard\libc_nano.a(libc_a-findfp.o)
 .text.global_stdio_init.part.0
                0x00000000080052c0       0x3c C:/ST/STM32CubeIDE_1.6.1/STM32CubeIDE/plugins/com.st.stm32cube.ide.mcu.externaltools.gnu-tools-for-stm32.11.3.rel1.win32_1.1.100.202309141235/tools/bin/../lib/gcc/arm-none-eabi/11.3.1/../../../../arm-none-eabi/lib/thumb/v7e-m+fp/hard\libc_nano.a(libc_a-findfp.o)
 .text.__sfp_lock_acquire
                0x00000000080052fc        0xc C:/ST/STM32CubeIDE_1.6.1/STM32CubeIDE/plugins/com.st.stm32cube.ide.mcu.externaltools.gnu-tools-for-stm32.11.3.rel1.win32_1.1.100.202309141235/tools/bin/../lib/gcc/arm-none-eabi/11.3.1/../../../../arm-none-eabi/lib/thumb/v7e-m+fp/hard\libc_nano.a(libc_a-findfp.o)
                0x00000000080052fc                __sfp_lock_acquire
 .text.__sfp_lock_release
                0x0000000008005308        0xc C:/ST/STM32CubeIDE_1.6.1/STM32CubeIDE/plugins/com.st.stm32cube.ide.mcu.externaltools.gnu-tools-for-stm32.11.3.rel1.win32_1.1.100.202309141235/tools/bin/../lib/gcc/arm-none-eabi/11.3.1/../../../../arm-none-eabi/lib/thumb/v7e-m+fp/hard\libc_nano.a(libc_a-findfp.o)
                0x0000000008005308                __sfp_lock_release
 .text.__sinit  0x0000000008005314       0x30 C:/ST/STM32CubeIDE_1.6.1/STM32CubeIDE/plugins/com.st.stm32cube.ide.mcu.externaltools.gnu-tools-for-stm32.11.3.rel1.win32_1.1.100.202309141235/tools/bin/../lib/gcc/arm-none-eabi/11.3.1/../../../../arm-none-eabi/lib/thumb/v7e-m+fp/hard\libc_nano.a(libc_a-findfp.o)
                0x0000000008005314                __sinit
 .text._fwalk_sglue
                0x0000000008005344       0x3c C:/ST/STM32CubeIDE_1.6.1/STM32CubeIDE/plugins/com.st.stm32cube.ide.mcu.externaltools.gnu-tools-for-stm32.11.3.rel1.win32_1.1.100.202309141235/tools/bin/../lib/gcc/arm-none-eabi/11.3.1/../../../../arm-none-eabi/lib/thumb/v7e-m+fp/hard\libc_nano.a(libc_a-fwalk.o)
                0x0000000008005344                _fwalk_sglue
 .text._puts_r  0x0000000008005380       0xa8 C:/ST/STM32CubeIDE_1.6.1/STM32CubeIDE/plugins/com.st.stm32cube.ide.mcu.externaltools.gnu-tools-for-stm32.11.3.rel1.win32_1.1.100.202309141235/tools/bin/../lib/gcc/arm-none-eabi/11.3.1/../../../../arm-none-eabi/lib/thumb/v7e-m+fp/hard\libc_nano.a(libc_a-puts.o)
                0x0000000008005380                _puts_r
 .text.puts     0x0000000008005428       0x10 C:/ST/STM32CubeIDE_1.6.1/STM32CubeIDE/plugins/com.st.stm32cube.ide.mcu.externaltools.gnu-tools-for-stm32.11.3.rel1.win32_1.1.100.202309141235/tools/bin/../lib/gcc/arm-none-eabi/11.3.1/../../../../arm-none-eabi/lib/thumb/v7e-m+fp/hard\libc_nano.a(libc_a-puts.o)
                0x0000000008005428                puts
 .text.__sread  0x0000000008005438       0x22 C:/ST/STM32CubeIDE_1.6.1/STM32CubeIDE/plugins/com.st.stm32cube.ide.mcu.externaltools.gnu-tools-for-stm32.11.3.rel1.win32_1.1.100.202309141235/tools/bin/../lib/gcc/arm-none-eabi/11.3.1/../../../../arm-none-eabi/lib/thumb/v7e-m+fp/hard\libc_nano.a(libc_a-stdio.o)
                0x0000000008005438                __sread
 .text.__swrite
                0x000000000800545a       0x38 C:/ST/STM32CubeIDE_1.6.1/STM32CubeIDE/plugins/com.st.stm32cube.ide.mcu.externaltools.gnu-tools-for-stm32.11.3.rel1.win32_1.1.100.202309141235/tools/bin/../lib/gcc/arm-none-eabi/11.3.1/../../../../arm-none-eabi/lib/thumb/v7e-m+fp/hard\libc_nano.a(libc_a-stdio.o)
                0x000000000800545a                __swrite
 .text.__sseek  0x0000000008005492       0x24 C:/ST/STM32CubeIDE_1.6.1/STM32CubeIDE/plugins/com.st.stm32cube.ide.mcu.externaltools.gnu-tools-for-stm32.11.3.rel1.win32_1.1.100.202309141235/tools/bin/../lib/gcc/arm-none-eabi/11.3.1/../../../../arm-none-eabi/lib/thumb/v7e-m+fp/hard\libc_nano.a(libc_a-stdio.o)
                0x0000000008005492                __sseek
 .text.__sclose
                0x00000000080054b6        0x8 C:/ST/STM32CubeIDE_1.6.1/STM32CubeIDE/plugins/com.st.stm32cube.ide.mcu.externaltools.gnu-tools-for-stm32.11.3.rel1.win32_1.1.100.202309141235/tools/bin/../lib/gcc/arm-none-eabi/11.3.1/../../../../arm-none-eabi/lib/thumb/v7e-m+fp/hard\libc_nano.a(libc_a-stdio.o)
                0x00000000080054b6                __sclose
 .text.__swbuf_r
                0x00000000080054be       0x7a C:/ST/STM32CubeIDE_1.6.1/STM32CubeIDE/plugins/com.st.stm32cube.ide.mcu.externaltools.gnu-tools-for-stm32.11.3.rel1.win32_1.1.100.202309141235/tools/bin/../lib/gcc/arm-none-eabi/11.3.1/../../../../arm-none-eabi/lib/thumb/v7e-m+fp/hard\libc_nano.a(libc_a-wbuf.o)
                0x00000000080054be                __swbuf_r
 .text.__swsetup_r
                0x0000000008005538       0xb0 C:/ST/STM32CubeIDE_1.6.1/STM32CubeIDE/plugins/com.st.stm32cube.ide.mcu.externaltools.gnu-tools-for-stm32.11.3.rel1.win32_1.1.100.202309141235/tools/bin/../lib/gcc/arm-none-eabi/11.3.1/../../../../arm-none-eabi/lib/thumb/v7e-m+fp/hard\libc_nano.a(libc_a-wsetup.o)
                0x0000000008005538                __swsetup_r
 .text.memset   0x00000000080055e8       0x10 C:/ST/STM32CubeIDE_1.6.1/STM32CubeIDE/plugins/com.st.stm32cube.ide.mcu.externaltools.gnu-tools-for-stm32.11.3.rel1.win32_1.1.100.202309141235/tools/bin/../lib/gcc/arm-none-eabi/11.3.1/../../../../arm-none-eabi/lib/thumb/v7e-m+fp/hard\libc_nano.a(libc_a-memset.o)
                0x00000000080055e8                memset
 .text._close_r
                0x00000000080055f8       0x20 C:/ST/STM32CubeIDE_1.6.1/STM32CubeIDE/plugins/com.st.stm32cube.ide.mcu.externaltools.gnu-tools-for-stm32.11.3.rel1.win32_1.1.100.202309141235/tools/bin/../lib/gcc/arm-none-eabi/11.3.1/../../../../arm-none-eabi/lib/thumb/v7e-m+fp/hard\libc_nano.a(libc_a-closer.o)
                0x00000000080055f8                _close_r
 .text._lseek_r
                0x0000000008005618       0x24 C:/ST/STM32CubeIDE_1.6.1/STM32CubeIDE/plugins/com.st.stm32cube.ide.mcu.externaltools.gnu-tools-for-stm32.11.3.rel1.win32_1.1.100.202309141235/tools/bin/../lib/gcc/arm-none-eabi/11.3.1/../../../../arm-none-eabi/lib/thumb/v7e-m+fp/hard\libc_nano.a(libc_a-lseekr.o)
                0x0000000008005618                _lseek_r
 .text._read_r  0x000000000800563c       0x24 C:/ST/STM32CubeIDE_1.6.1/STM32CubeIDE/plugins/com.st.stm32cube.ide.mcu.externaltools.gnu-tools-for-stm32.11.3.rel1.win32_1.1.100.202309141235/tools/bin/../lib/gcc/arm-none-eabi/11.3.1/../../../../arm-none-eabi/lib/thumb/v7e-m+fp/hard\libc_nano.a(libc_a-readr.o)
                0x000000000800563c                _read_r
 .text._write_r
                0x0000000008005660       0x24 C:/ST/STM32CubeIDE_1.6.1/STM32CubeIDE/plugins/com.st.stm32cube.ide.mcu.externaltools.gnu-tools-for-stm32.11.3.rel1.win32_1.1.100.202309141235/tools/bin/../lib/gcc/arm-none-eabi/11.3.1/../../../../arm-none-eabi/lib/thumb/v7e-m+fp/hard\libc_nano.a(libc_a-writer.o)
                0x0000000008005660                _write_r
 .text.__errno  0x0000000008005684        0xc C:/ST/STM32CubeIDE_1.6.1/STM32CubeIDE/plugins/com.st.stm32cube.ide.mcu.externaltools.gnu-tools-for-stm32.11.3.rel1.win32_1.1.100.202309141235/tools/bin/../lib/gcc/arm-none-eabi/11.3.1/../../../../arm-none-eabi/lib/thumb/v7e-m+fp/hard\libc_nano.a(libc_a-errno.o)
                0x0000000008005684                __errno
 .text.__libc_init_array
                0x0000000008005690       0x48 C:/ST/STM32CubeIDE_1.6.1/STM32CubeIDE/plugins/com.st.stm32cube.ide.mcu.externaltools.gnu-tools-for-stm32.11.3.rel1.win32_1.1.100.202309141235/tools/bin/../lib/gcc/arm-none-eabi/11.3.1/../../../../arm-none-eabi/lib/thumb/v7e-m+fp/hard\libc_nano.a(libc_a-init.o)
                0x0000000008005690                __libc_init_array
 .text.__retarget_lock_init_recursive
                0x00000000080056d8        0x2 C:/ST/STM32CubeIDE_1.6.1/STM32CubeIDE/plugins/com.st.stm32cube.ide.mcu.externaltools.gnu-tools-for-stm32.11.3.rel1.win32_1.1.100.202309141235/tools/bin/../lib/gcc/arm-none-eabi/11.3.1/../../../../arm-none-eabi/lib/thumb/v7e-m+fp/hard\libc_nano.a(libc_a-lock.o)
                0x00000000080056d8                __retarget_lock_init_recursive
 .text.__retarget_lock_acquire_recursive
                0x00000000080056da        0x2 C:/ST/STM32CubeIDE_1.6.1/STM32CubeIDE/plugins/com.st.stm32cube.ide.mcu.externaltools.gnu-tools-for-stm32.11.3.rel1.win32_1.1.100.202309141235/tools/bin/../lib/gcc/arm-none-eabi/11.3.1/../../../../arm-none-eabi/lib/thumb/v7e-m+fp/hard\libc_nano.a(libc_a-lock.o)
                0x00000000080056da                __retarget_lock_acquire_recursive
 .text.__retarget_lock_release_recursive
                0x00000000080056dc        0x2 C:/ST/STM32CubeIDE_1.6.1/STM32CubeIDE/plugins/com.st.stm32cube.ide.mcu.externaltools.gnu-tools-for-stm32.11.3.rel1.win32_1.1.100.202309141235/tools/bin/../lib/gcc/arm-none-eabi/11.3.1/../../../../arm-none-eabi/lib/thumb/v7e-m+fp/hard\libc_nano.a(libc_a-lock.o)
                0x00000000080056dc                __retarget_lock_release_recursive
 *fill*         0x00000000080056de        0x2 
 .text._free_r  0x00000000080056e0       0x98 C:/ST/STM32CubeIDE_1.6.1/STM32CubeIDE/plugins/com.st.stm32cube.ide.mcu.externaltools.gnu-tools-for-stm32.11.3.rel1.win32_1.1.100.202309141235/tools/bin/../lib/gcc/arm-none-eabi/11.3.1/../../../../arm-none-eabi/lib/thumb/v7e-m+fp/hard\libc_nano.a(libc_a-freer.o)
                0x00000000080056e0                _free_r
 .text.sbrk_aligned
                0x0000000008005778       0x40 C:/ST/STM32CubeIDE_1.6.1/STM32CubeIDE/plugins/com.st.stm32cube.ide.mcu.externaltools.gnu-tools-for-stm32.11.3.rel1.win32_1.1.100.202309141235/tools/bin/../lib/gcc/arm-none-eabi/11.3.1/../../../../arm-none-eabi/lib/thumb/v7e-m+fp/hard\libc_nano.a(libc_a-mallocr.o)
 .text._malloc_r
                0x00000000080057b8      0x100 C:/ST/STM32CubeIDE_1.6.1/STM32CubeIDE/plugins/com.st.stm32cube.ide.mcu.externaltools.gnu-tools-for-stm32.11.3.rel1.win32_1.1.100.202309141235/tools/bin/../lib/gcc/arm-none-eabi/11.3.1/../../../../arm-none-eabi/lib/thumb/v7e-m+fp/hard\libc_nano.a(libc_a-mallocr.o)
                0x00000000080057b8                _malloc_r
 .text.__malloc_lock
                0x00000000080058b8        0xc C:/ST/STM32CubeIDE_1.6.1/STM32CubeIDE/plugins/com.st.stm32cube.ide.mcu.externaltools.gnu-tools-for-stm32.11.3.rel1.win32_1.1.100.202309141235/tools/bin/../lib/gcc/arm-none-eabi/11.3.1/../../../../arm-none-eabi/lib/thumb/v7e-m+fp/hard\libc_nano.a(libc_a-mlock.o)
                0x00000000080058b8                __malloc_lock
 .text.__malloc_unlock
                0x00000000080058c4        0xc C:/ST/STM32CubeIDE_1.6.1/STM32CubeIDE/plugins/com.st.stm32cube.ide.mcu.externaltools.gnu-tools-for-stm32.11.3.rel1.win32_1.1.100.202309141235/tools/bin/../lib/gcc/arm-none-eabi/11.3.1/../../../../arm-none-eabi/lib/thumb/v7e-m+fp/hard\libc_nano.a(libc_a-mlock.o)
                0x00000000080058c4                __malloc_unlock
 .text.__sflush_r
                0x00000000080058d0      0x10c C:/ST/STM32CubeIDE_1.6.1/STM32CubeIDE/plugins/com.st.stm32cube.ide.mcu.externaltools.gnu-tools-for-stm32.11.3.rel1.win32_1.1.100.202309141235/tools/bin/../lib/gcc/arm-none-eabi/11.3.1/../../../../arm-none-eabi/lib/thumb/v7e-m+fp/hard\libc_nano.a(libc_a-fflush.o)
                0x00000000080058d0                __sflush_r
 .text._fflush_r
                0x00000000080059dc       0x50 C:/ST/STM32CubeIDE_1.6.1/STM32CubeIDE/plugins/com.st.stm32cube.ide.mcu.externaltools.gnu-tools-for-stm32.11.3.rel1.win32_1.1.100.202309141235/tools/bin/../lib/gcc/arm-none-eabi/11.3.1/../../../../arm-none-eabi/lib/thumb/v7e-m+fp/hard\libc_nano.a(libc_a-fflush.o)
                0x00000000080059dc                _fflush_r
 .text.__swhatbuf_r
                0x0000000008005a2c       0x4c C:/ST/STM32CubeIDE_1.6.1/STM32CubeIDE/plugins/com.st.stm32cube.ide.mcu.externaltools.gnu-tools-for-stm32.11.3.rel1.win32_1.1.100.202309141235/tools/bin/../lib/gcc/arm-none-eabi/11.3.1/../../../../arm-none-eabi/lib/thumb/v7e-m+fp/hard\libc_nano.a(libc_a-makebuf.o)
                0x0000000008005a2c                __swhatbuf_r
 .text.__smakebuf_r
                0x0000000008005a78       0x78 C:/ST/STM32CubeIDE_1.6.1/STM32CubeIDE/plugins/com.st.stm32cube.ide.mcu.externaltools.gnu-tools-for-stm32.11.3.rel1.win32_1.1.100.202309141235/tools/bin/../lib/gcc/arm-none-eabi/11.3.1/../../../../arm-none-eabi/lib/thumb/v7e-m+fp/hard\libc_nano.a(libc_a-makebuf.o)
                0x0000000008005a78                __smakebuf_r
 .text._fstat_r
                0x0000000008005af0       0x24 C:/ST/STM32CubeIDE_1.6.1/STM32CubeIDE/plugins/com.st.stm32cube.ide.mcu.externaltools.gnu-tools-for-stm32.11.3.rel1.win32_1.1.100.202309141235/tools/bin/../lib/gcc/arm-none-eabi/11.3.1/../../../../arm-none-eabi/lib/thumb/v7e-m+fp/hard\libc_nano.a(libc_a-fstatr.o)
                0x0000000008005af0                _fstat_r
 .text._isatty_r
                0x0000000008005b14       0x20 C:/ST/STM32CubeIDE_1.6.1/STM32CubeIDE/plugins/com.st.stm32cube.ide.mcu.externaltools.gnu-tools-for-stm32.11.3.rel1.win32_1.1.100.202309141235/tools/bin/../lib/gcc/arm-none-eabi/11.3.1/../../../../arm-none-eabi/lib/thumb/v7e-m+fp/hard\libc_nano.a(libc_a-isattyr.o)
                0x0000000008005b14                _isatty_r
 .text._sbrk_r  0x0000000008005b34       0x20 C:/ST/STM32CubeIDE_1.6.1/STM32CubeIDE/plugins/com.st.stm32cube.ide.mcu.externaltools.gnu-tools-for-stm32.11.3.rel1.win32_1.1.100.202309141235/tools/bin/../lib/gcc/arm-none-eabi/11.3.1/../../../../arm-none-eabi/lib/thumb/v7e-m+fp/hard\libc_nano.a(libc_a-sbrkr.o)
                0x0000000008005b34                _sbrk_r
 .text.fmaxf    0x0000000008005b54       0x36 C:/ST/STM32CubeIDE_1.6.1/STM32CubeIDE/plugins/com.st.stm32cube.ide.mcu.externaltools.gnu-tools-for-stm32.11.3.rel1.win32_1.1.100.202309141235/tools/bin/../lib/gcc/arm-none-eabi/11.3.1/../../../../arm-none-eabi/lib/thumb/v7e-m+fp/hard\libm.a(libm_a-sf_fmax.o)
                0x0000000008005b54                fmaxf
 .text.fminf    0x0000000008005b8a       0x36 C:/ST/STM32CubeIDE_1.6.1/STM32CubeIDE/plugins/com.st.stm32cube.ide.mcu.externaltools.gnu-tools-for-stm32.11.3.rel1.win32_1.1.100.202309141235/tools/bin/../lib/gcc/arm-none-eabi/11.3.1/../../../../arm-none-eabi/lib/thumb/v7e-m+fp/hard\libm.a(libm_a-sf_fmin.o)
                0x0000000008005b8a                fminf
 .text.__fpclassifyf
                0x0000000008005bc0       0x38 C:/ST/STM32CubeIDE_1.6.1/STM32CubeIDE/plugins/com.st.stm32cube.ide.mcu.externaltools.gnu-tools-for-stm32.11.3.rel1.win32_1.1.100.202309141235/tools/bin/../lib/gcc/arm-none-eabi/11.3.1/../../../../arm-none-eabi/lib/thumb/v7e-m+fp/hard\libm.a(libm_a-sf_fpclassify.o)
                0x0000000008005bc0                __fpclassifyf
 *(.glue_7)
 .glue_7        0x0000000008005bf8        0x0 linker stubs
 *(.glue_7t)
 .glue_7t       0x0000000008005bf8        0x0 linker stubs
 *(.eh_frame)
 .eh_frame      0x0000000008005bf8        0x0 C:/ST/STM32CubeIDE_1.6.1/STM32CubeIDE/plugins/com.st.stm32cube.ide.mcu.externaltools.gnu-tools-for-stm32.11.3.rel1.win32_1.1.100.202309141235/tools/bin/../lib/gcc/arm-none-eabi/11.3.1/thumb/v7e-m+fp/hard/crtbegin.o
 *(.init)
 .init          0x0000000008005bf8        0x4 C:/ST/STM32CubeIDE_1.6.1/STM32CubeIDE/plugins/com.st.stm32cube.ide.mcu.externaltools.gnu-tools-for-stm32.11.3.rel1.win32_1.1.100.202309141235/tools/bin/../lib/gcc/arm-none-eabi/11.3.1/thumb/v7e-m+fp/hard/crti.o
                0x0000000008005bf8                _init
 .init          0x0000000008005bfc        0x8 C:/ST/STM32CubeIDE_1.6.1/STM32CubeIDE/plugins/com.st.stm32cube.ide.mcu.externaltools.gnu-tools-for-stm32.11.3.rel1.win32_1.1.100.202309141235/tools/bin/../lib/gcc/arm-none-eabi/11.3.1/thumb/v7e-m+fp/hard/crtn.o
 *(.fini)
 .fini          0x0000000008005c04        0x4 C:/ST/STM32CubeIDE_1.6.1/STM32CubeIDE/plugins/com.st.stm32cube.ide.mcu.externaltools.gnu-tools-for-stm32.11.3.rel1.win32_1.1.100.202309141235/tools/bin/../lib/gcc/arm-none-eabi/11.3.1/thumb/v7e-m+fp/hard/crti.o
                0x0000000008005c04                _fini
 .fini          0x0000000008005c08        0x8 C:/ST/STM32CubeIDE_1.6.1/STM32CubeIDE/plugins/com.st.stm32cube.ide.mcu.externaltools.gnu-tools-for-stm32.11.3.rel1.win32_1.1.100.202309141235/tools/bin/../lib/gcc/arm-none-eabi/11.3.1/thumb/v7e-m+fp/hard/crtn.o
                0x0000000008005c10                . = ALIGN (0x4)
                0x0000000008005c10                _etext = .

.vfp11_veneer   0x0000000008005c10        0x0
 .vfp11_veneer  0x0000000008005c10        0x0 linker stubs

.v4_bx          0x0000000008005c10        0x0
 .v4_bx         0x0000000008005c10        0x0 linker stubs

.iplt           0x0000000008005c10        0x0
 .iplt          0x0000000008005c10        0x0 C:/ST/STM32CubeIDE_1.6.1/STM32CubeIDE/plugins/com.st.stm32cube.ide.mcu.externaltools.gnu-tools-for-stm32.11.3.rel1.win32_1.1.100.202309141235/tools/bin/../lib/gcc/arm-none-eabi/11.3.1/thumb/v7e-m+fp/hard/crtbegin.o

.rodata         0x0000000008005c10       0x18
                0x0000000008005c10                . = ALIGN (0x4)
 *(.rodata)
 .rodata        0x0000000008005c10        0x6 ./Core/Src/main.o
 *(.rodata*)
 *fill*         0x0000000008005c16        0x2 
 .rodata.AHBPrescTable
                0x0000000008005c18       0x10 ./Core/Src/system_stm32f4xx.o
                0x0000000008005c18                AHBPrescTable
                0x0000000008005c28                . = ALIGN (0x4)

.ARM.extab      0x0000000008005c28        0x0
                0x0000000008005c28                . = ALIGN (0x4)
 *(.ARM.extab* .gnu.linkonce.armextab.*)
                0x0000000008005c28                . = ALIGN (0x4)

.ARM            0x0000000008005c28        0x8
                0x0000000008005c28                . = ALIGN (0x4)
                0x0000000008005c28                __exidx_start = .
 *(.ARM.exidx*)
 .ARM.exidx     0x0000000008005c28        0x8 C:/ST/STM32CubeIDE_1.6.1/STM32CubeIDE/plugins/com.st.stm32cube.ide.mcu.externaltools.gnu-tools-for-stm32.11.3.rel1.win32_1.1.100.202309141235/tools/bin/../lib/gcc/arm-none-eabi/11.3.1/thumb/v7e-m+fp/hard\libgcc.a(_udivmoddi4.o)
                0x0000000008005c30                __exidx_end = .
                0x0000000008005c30                . = ALIGN (0x4)

.rel.dyn        0x0000000008005c30        0x0
 .rel.iplt      0x0000000008005c30        0x0 C:/ST/STM32CubeIDE_1.6.1/STM32CubeIDE/plugins/com.st.stm32cube.ide.mcu.externaltools.gnu-tools-for-stm32.11.3.rel1.win32_1.1.100.202309141235/tools/bin/../lib/gcc/arm-none-eabi/11.3.1/thumb/v7e-m+fp/hard/crtbegin.o

.preinit_array  0x0000000008005c30        0x0
                0x0000000008005c30                . = ALIGN (0x4)
                0x0000000008005c30                PROVIDE (__preinit_array_start = .)
 *(.preinit_array*)
                0x0000000008005c30                PROVIDE (__preinit_array_end = .)
                0x0000000008005c30                . = ALIGN (0x4)

.init_array     0x0000000008005c30        0x4
                0x0000000008005c30                . = ALIGN (0x4)
                0x0000000008005c30                PROVIDE (__init_array_start = .)
 *(SORT_BY_NAME(.init_array.*))
 *(.init_array*)
 .init_array    0x0000000008005c30        0x4 C:/ST/STM32CubeIDE_1.6.1/STM32CubeIDE/plugins/com.st.stm32cube.ide.mcu.externaltools.gnu-tools-for-stm32.11.3.rel1.win32_1.1.100.202309141235/tools/bin/../lib/gcc/arm-none-eabi/11.3.1/thumb/v7e-m+fp/hard/crtbegin.o
                0x0000000008005c34                PROVIDE (__init_array_end = .)
                0x0000000008005c34                . = ALIGN (0x4)

.fini_array     0x0000000008005c34        0x4
                0x0000000008005c34                . = ALIGN (0x4)
                [!provide]                        PROVIDE (__fini_array_start = .)
 *(SORT_BY_NAME(.fini_array.*))
 *(.fini_array*)
 .fini_array    0x0000000008005c34        0x4 C:/ST/STM32CubeIDE_1.6.1/STM32CubeIDE/plugins/com.st.stm32cube.ide.mcu.externaltools.gnu-tools-for-stm32.11.3.rel1.win32_1.1.100.202309141235/tools/bin/../lib/gcc/arm-none-eabi/11.3.1/thumb/v7e-m+fp/hard/crtbegin.o
                [!provide]                        PROVIDE (__fini_array_end = .)
                0x0000000008005c38                . = ALIGN (0x4)
                0x0000000008005c38                _sidata = LOADADDR (.data)

.data           0x0000000020000000       0x80 load address 0x0000000008005c38
                0x0000000020000000                . = ALIGN (0x4)
                0x0000000020000000                _sdata = .
 *(.data)
 *(.data*)
 .data.kp_in    0x0000000020000000        0x4 ./Core/Src/main.o
                0x0000000020000000                kp_in
 .data.kd_in    0x0000000020000004        0x4 ./Core/Src/main.o
                0x0000000020000004                kd_in
 .data.p_step   0x0000000020000008        0x4 ./Core/Src/main.o
                0x0000000020000008                p_step
 .data.Ab_CAN   0x000000002000000c        0x1 ./Core/Src/main.o
                0x000000002000000c                Ab_CAN
 .data.Hip_CAN  0x000000002000000d        0x1 ./Core/Src/main.o
                0x000000002000000d                Hip_CAN
 .data.Knee_CAN
                0x000000002000000e        0x1 ./Core/Src/main.o
                0x000000002000000e                Knee_CAN
 *fill*         0x000000002000000f        0x1 
 .data.datacheck
                0x0000000020000010        0x4 ./Core/Src/main.o
                0x0000000020000010                datacheck
 .data.count    0x0000000020000014        0x4 ./Core/Src/main.o
                0x0000000020000014                count
 .data.SystemCoreClock
                0x0000000020000018        0x4 ./Core/Src/system_stm32f4xx.o
                0x0000000020000018                SystemCoreClock
 .data.uwTickPrio
                0x000000002000001c        0x4 ./Drivers/STM32F4xx_HAL_Driver/Src/stm32f4xx_hal.o
                0x000000002000001c                uwTickPrio
 .data.uwTickFreq
                0x0000000020000020        0x1 ./Drivers/STM32F4xx_HAL_Driver/Src/stm32f4xx_hal.o
                0x0000000020000020                uwTickFreq
 *fill*         0x0000000020000021        0x3 
 .data.__sglue  0x0000000020000024        0xc C:/ST/STM32CubeIDE_1.6.1/STM32CubeIDE/plugins/com.st.stm32cube.ide.mcu.externaltools.gnu-tools-for-stm32.11.3.rel1.win32_1.1.100.202309141235/tools/bin/../lib/gcc/arm-none-eabi/11.3.1/../../../../arm-none-eabi/lib/thumb/v7e-m+fp/hard\libc_nano.a(libc_a-findfp.o)
                0x0000000020000024                __sglue
 .data._impure_data
                0x0000000020000030       0x4c C:/ST/STM32CubeIDE_1.6.1/STM32CubeIDE/plugins/com.st.stm32cube.ide.mcu.externaltools.gnu-tools-for-stm32.11.3.rel1.win32_1.1.100.202309141235/tools/bin/../lib/gcc/arm-none-eabi/11.3.1/../../../../arm-none-eabi/lib/thumb/v7e-m+fp/hard\libc_nano.a(libc_a-impure.o)
                0x0000000020000030                _impure_data
 .data._impure_ptr
                0x000000002000007c        0x4 C:/ST/STM32CubeIDE_1.6.1/STM32CubeIDE/plugins/com.st.stm32cube.ide.mcu.externaltools.gnu-tools-for-stm32.11.3.rel1.win32_1.1.100.202309141235/tools/bin/../lib/gcc/arm-none-eabi/11.3.1/../../../../arm-none-eabi/lib/thumb/v7e-m+fp/hard\libc_nano.a(libc_a-impure.o)
                0x000000002000007c                _impure_ptr
 *(.RamFunc)
 *(.RamFunc*)
                0x0000000020000080                . = ALIGN (0x4)
                0x0000000020000080                _edata = .

.igot.plt       0x0000000020000080        0x0 load address 0x0000000008005cb8
 .igot.plt      0x0000000020000080        0x0 C:/ST/STM32CubeIDE_1.6.1/STM32CubeIDE/plugins/com.st.stm32cube.ide.mcu.externaltools.gnu-tools-for-stm32.11.3.rel1.win32_1.1.100.202309141235/tools/bin/../lib/gcc/arm-none-eabi/11.3.1/thumb/v7e-m+fp/hard/crtbegin.o
                0x0000000020000080                . = ALIGN (0x4)

.bss            0x0000000020000080      0x604 load address 0x0000000008005cb8
                0x0000000020000080                _sbss = .
                0x0000000020000080                __bss_start__ = _sbss
 *(.bss)
 .bss           0x0000000020000080       0x1c C:/ST/STM32CubeIDE_1.6.1/STM32CubeIDE/plugins/com.st.stm32cube.ide.mcu.externaltools.gnu-tools-for-stm32.11.3.rel1.win32_1.1.100.202309141235/tools/bin/../lib/gcc/arm-none-eabi/11.3.1/thumb/v7e-m+fp/hard/crtbegin.o
 *(.bss*)
 .bss.KeypadStruct
                0x000000002000009c       0x30 ./Core/Src/MY_Keypad4x4.o
 .bss.OutPositions
                0x00000000200000cc        0x4 ./Core/Src/MY_Keypad4x4.o
 .bss.hcan1     0x00000000200000d0       0x28 ./Core/Src/main.o
                0x00000000200000d0                hcan1
 .bss.hcan2     0x00000000200000f8       0x28 ./Core/Src/main.o
                0x00000000200000f8                hcan2
 .bss.hspi1     0x0000000020000120       0x58 ./Core/Src/main.o
                0x0000000020000120                hspi1
 .bss.htim1     0x0000000020000178       0x48 ./Core/Src/main.o
                0x0000000020000178                htim1
 .bss.htim8     0x00000000200001c0       0x48 ./Core/Src/main.o
                0x00000000200001c0                htim8
 .bss.spi_tx_buffer
                0x0000000020000208       0x84 ./Core/Src/main.o
                0x0000000020000208                spi_tx_buffer
 .bss.spi_rx_buffer
                0x000000002000028c       0x84 ./Core/Src/main.o
                0x000000002000028c                spi_rx_buffer
 .bss.valuesrec
                0x0000000020000310       0x84 ./Core/Src/main.o
                0x0000000020000310                valuesrec
 .bss.control   0x0000000020000394       0x84 ./Core/Src/main.o
                0x0000000020000394                control
 .bss.state     0x0000000020000418       0x3c ./Core/Src/main.o
                0x0000000020000418                state
 .bss.torque    0x0000000020000454       0x18 ./Core/Src/main.o
                0x0000000020000454                torque
 .bss.check     0x000000002000046c        0x4 ./Core/Src/main.o
                0x000000002000046c                check
 .bss.p_in      0x0000000020000470        0x4 ./Core/Src/main.o
                0x0000000020000470                p_in
 .bss.v_in      0x0000000020000474        0x4 ./Core/Src/main.o
                0x0000000020000474                v_in
 .bss.t_in      0x0000000020000478        0x4 ./Core/Src/main.o
                0x0000000020000478                t_in
 .bss.p_out     0x000000002000047c        0x4 ./Core/Src/main.o
                0x000000002000047c                p_out
 .bss.v_out     0x0000000020000480        0x4 ./Core/Src/main.o
                0x0000000020000480                v_out
 .bss.t_out     0x0000000020000484        0x4 ./Core/Src/main.o
                0x0000000020000484                t_out
 .bss.CAN       0x0000000020000488        0x1 ./Core/Src/main.o
                0x0000000020000488                CAN
 *fill*         0x0000000020000489        0x3 
 .bss.TxHeader  0x000000002000048c       0x18 ./Core/Src/main.o
                0x000000002000048c                TxHeader
 .bss.RxHeader  0x00000000200004a4       0x1c ./Core/Src/main.o
                0x00000000200004a4                RxHeader
 .bss.TxData    0x00000000200004c0        0x8 ./Core/Src/main.o
                0x00000000200004c0                TxData
 .bss.RxData    0x00000000200004c8        0x8 ./Core/Src/main.o
                0x00000000200004c8                RxData
 .bss.TxMailbox
                0x00000000200004d0        0x4 ./Core/Src/main.o
                0x00000000200004d0                TxMailbox
 .bss.keycontrol
                0x00000000200004d4        0x4 ./Core/Src/main.o
                0x00000000200004d4                keycontrol
 .bss.time      0x00000000200004d8        0x4 ./Core/Src/main.o
                0x00000000200004d8                time
 .bss.time2     0x00000000200004dc        0x4 ./Core/Src/main.o
                0x00000000200004dc                time2
 .bss.mySwitches
                0x00000000200004e0       0x10 ./Core/Src/main.o
                0x00000000200004e0                mySwitches
 .bss.myKeypadStruct
                0x00000000200004f0       0x30 ./Core/Src/main.o
                0x00000000200004f0                myKeypadStruct
 .bss.spi_test  0x0000000020000520        0x4 ./Core/Src/main.o
                0x0000000020000520                spi_test
 .bss.Error_spi
                0x0000000020000524        0x4 ./Core/Src/main.o
                0x0000000020000524                Error_spi
 .bss.State_spi
                0x0000000020000528        0x4 ./Core/Src/main.o
                0x0000000020000528                State_spi
 .bss.HAL_RCC_CAN1_CLK_ENABLED
                0x000000002000052c        0x4 ./Core/Src/stm32f4xx_hal_msp.o
 .bss.__sbrk_heap_end
                0x0000000020000530        0x4 ./Core/Src/sysmem.o
 .bss.uwTick    0x0000000020000534        0x4 ./Drivers/STM32F4xx_HAL_Driver/Src/stm32f4xx_hal.o
                0x0000000020000534                uwTick
 .bss.__sf      0x0000000020000538      0x138 C:/ST/STM32CubeIDE_1.6.1/STM32CubeIDE/plugins/com.st.stm32cube.ide.mcu.externaltools.gnu-tools-for-stm32.11.3.rel1.win32_1.1.100.202309141235/tools/bin/../lib/gcc/arm-none-eabi/11.3.1/../../../../arm-none-eabi/lib/thumb/v7e-m+fp/hard\libc_nano.a(libc_a-findfp.o)
                0x0000000020000538                __sf
 .bss.__stdio_exit_handler
                0x0000000020000670        0x4 C:/ST/STM32CubeIDE_1.6.1/STM32CubeIDE/plugins/com.st.stm32cube.ide.mcu.externaltools.gnu-tools-for-stm32.11.3.rel1.win32_1.1.100.202309141235/tools/bin/../lib/gcc/arm-none-eabi/11.3.1/../../../../arm-none-eabi/lib/thumb/v7e-m+fp/hard\libc_nano.a(libc_a-findfp.o)
                0x0000000020000670                __stdio_exit_handler
 .bss.errno     0x0000000020000674        0x4 C:/ST/STM32CubeIDE_1.6.1/STM32CubeIDE/plugins/com.st.stm32cube.ide.mcu.externaltools.gnu-tools-for-stm32.11.3.rel1.win32_1.1.100.202309141235/tools/bin/../lib/gcc/arm-none-eabi/11.3.1/../../../../arm-none-eabi/lib/thumb/v7e-m+fp/hard\libc_nano.a(libc_a-reent.o)
                0x0000000020000674                errno
 .bss.__lock___malloc_recursive_mutex
                0x0000000020000678        0x1 C:/ST/STM32CubeIDE_1.6.1/STM32CubeIDE/plugins/com.st.stm32cube.ide.mcu.externaltools.gnu-tools-for-stm32.11.3.rel1.win32_1.1.100.202309141235/tools/bin/../lib/gcc/arm-none-eabi/11.3.1/../../../../arm-none-eabi/lib/thumb/v7e-m+fp/hard\libc_nano.a(libc_a-lock.o)
                0x0000000020000678                __lock___malloc_recursive_mutex
 .bss.__lock___sfp_recursive_mutex
                0x0000000020000679        0x1 C:/ST/STM32CubeIDE_1.6.1/STM32CubeIDE/plugins/com.st.stm32cube.ide.mcu.externaltools.gnu-tools-for-stm32.11.3.rel1.win32_1.1.100.202309141235/tools/bin/../lib/gcc/arm-none-eabi/11.3.1/../../../../arm-none-eabi/lib/thumb/v7e-m+fp/hard\libc_nano.a(libc_a-lock.o)
                0x0000000020000679                __lock___sfp_recursive_mutex
 *fill*         0x000000002000067a        0x2 
 .bss.__malloc_free_list
                0x000000002000067c        0x4 C:/ST/STM32CubeIDE_1.6.1/STM32CubeIDE/plugins/com.st.stm32cube.ide.mcu.externaltools.gnu-tools-for-stm32.11.3.rel1.win32_1.1.100.202309141235/tools/bin/../lib/gcc/arm-none-eabi/11.3.1/../../../../arm-none-eabi/lib/thumb/v7e-m+fp/hard\libc_nano.a(libc_a-mallocr.o)
                0x000000002000067c                __malloc_free_list
 .bss.__malloc_sbrk_start
                0x0000000020000680        0x4 C:/ST/STM32CubeIDE_1.6.1/STM32CubeIDE/plugins/com.st.stm32cube.ide.mcu.externaltools.gnu-tools-for-stm32.11.3.rel1.win32_1.1.100.202309141235/tools/bin/../lib/gcc/arm-none-eabi/11.3.1/../../../../arm-none-eabi/lib/thumb/v7e-m+fp/hard\libc_nano.a(libc_a-mallocr.o)
                0x0000000020000680                __malloc_sbrk_start
 *(COMMON)
                0x0000000020000684                . = ALIGN (0x4)
                0x0000000020000684                _ebss = .
                0x0000000020000684                __bss_end__ = _ebss

._user_heap_stack
                0x0000000020000684      0x604 load address 0x0000000008005cb8
                0x0000000020000688                . = ALIGN (0x8)
 *fill*         0x0000000020000684        0x4 
                [!provide]                        PROVIDE (end = .)
                0x0000000020000688                PROVIDE (_end = .)
                0x0000000020000888                . = (. + _Min_Heap_Size)
 *fill*         0x0000000020000688      0x200 
                0x0000000020000c88                . = (. + _Min_Stack_Size)
 *fill*         0x0000000020000888      0x400 
                0x0000000020000c88                . = ALIGN (0x8)

/DISCARD/
 libc.a(*)
 libm.a(*)
 libgcc.a(*)

.ARM.attributes
                0x0000000000000000       0x30
 *(.ARM.attributes)
 .ARM.attributes
                0x0000000000000000       0x1e C:/ST/STM32CubeIDE_1.6.1/STM32CubeIDE/plugins/com.st.stm32cube.ide.mcu.externaltools.gnu-tools-for-stm32.11.3.rel1.win32_1.1.100.202309141235/tools/bin/../lib/gcc/arm-none-eabi/11.3.1/thumb/v7e-m+fp/hard/crti.o
 .ARM.attributes
                0x000000000000001e       0x34 C:/ST/STM32CubeIDE_1.6.1/STM32CubeIDE/plugins/com.st.stm32cube.ide.mcu.externaltools.gnu-tools-for-stm32.11.3.rel1.win32_1.1.100.202309141235/tools/bin/../lib/gcc/arm-none-eabi/11.3.1/thumb/v7e-m+fp/hard/crtbegin.o
 .ARM.attributes
                0x0000000000000052       0x34 ./Core/Src/MY_Keypad4x4.o
 .ARM.attributes
                0x0000000000000086       0x34 ./Core/Src/main.o
 .ARM.attributes
                0x00000000000000ba       0x34 ./Core/Src/stm32f4xx_hal_msp.o
 .ARM.attributes
                0x00000000000000ee       0x34 ./Core/Src/stm32f4xx_it.o
 .ARM.attributes
                0x0000000000000122       0x34 ./Core/Src/syscalls.o
 .ARM.attributes
                0x0000000000000156       0x34 ./Core/Src/sysmem.o
 .ARM.attributes
                0x000000000000018a       0x34 ./Core/Src/system_stm32f4xx.o
 .ARM.attributes
                0x00000000000001be       0x21 ./Core/Startup/startup_stm32f446retx.o
 .ARM.attributes
                0x00000000000001df       0x34 ./Drivers/STM32F4xx_HAL_Driver/Src/stm32f4xx_hal.o
 .ARM.attributes
                0x0000000000000213       0x34 ./Drivers/STM32F4xx_HAL_Driver/Src/stm32f4xx_hal_can.o
 .ARM.attributes
                0x0000000000000247       0x34 ./Drivers/STM32F4xx_HAL_Driver/Src/stm32f4xx_hal_cortex.o
 .ARM.attributes
                0x000000000000027b       0x34 ./Drivers/STM32F4xx_HAL_Driver/Src/stm32f4xx_hal_gpio.o
 .ARM.attributes
                0x00000000000002af       0x34 ./Drivers/STM32F4xx_HAL_Driver/Src/stm32f4xx_hal_pwr_ex.o
 .ARM.attributes
                0x00000000000002e3       0x34 ./Drivers/STM32F4xx_HAL_Driver/Src/stm32f4xx_hal_rcc.o
 .ARM.attributes
                0x0000000000000317       0x34 ./Drivers/STM32F4xx_HAL_Driver/Src/stm32f4xx_hal_rcc_ex.o
 .ARM.attributes
                0x000000000000034b       0x34 ./Drivers/STM32F4xx_HAL_Driver/Src/stm32f4xx_hal_spi.o
 .ARM.attributes
                0x000000000000037f       0x34 ./Drivers/STM32F4xx_HAL_Driver/Src/stm32f4xx_hal_tim.o
 .ARM.attributes
                0x00000000000003b3       0x34 ./Drivers/STM32F4xx_HAL_Driver/Src/stm32f4xx_hal_tim_ex.o
 .ARM.attributes
                0x00000000000003e7       0x34 C:/ST/STM32CubeIDE_1.6.1/STM32CubeIDE/plugins/com.st.stm32cube.ide.mcu.externaltools.gnu-tools-for-stm32.11.3.rel1.win32_1.1.100.202309141235/tools/bin/../lib/gcc/arm-none-eabi/11.3.1/../../../../arm-none-eabi/lib/thumb/v7e-m+fp/hard\libc_nano.a(libc_a-findfp.o)
 .ARM.attributes
                0x000000000000041b       0x34 C:/ST/STM32CubeIDE_1.6.1/STM32CubeIDE/plugins/com.st.stm32cube.ide.mcu.externaltools.gnu-tools-for-stm32.11.3.rel1.win32_1.1.100.202309141235/tools/bin/../lib/gcc/arm-none-eabi/11.3.1/../../../../arm-none-eabi/lib/thumb/v7e-m+fp/hard\libc_nano.a(libc_a-fwalk.o)
 .ARM.attributes
                0x000000000000044f       0x34 C:/ST/STM32CubeIDE_1.6.1/STM32CubeIDE/plugins/com.st.stm32cube.ide.mcu.externaltools.gnu-tools-for-stm32.11.3.rel1.win32_1.1.100.202309141235/tools/bin/../lib/gcc/arm-none-eabi/11.3.1/../../../../arm-none-eabi/lib/thumb/v7e-m+fp/hard\libc_nano.a(libc_a-puts.o)
 .ARM.attributes
                0x0000000000000483       0x34 C:/ST/STM32CubeIDE_1.6.1/STM32CubeIDE/plugins/com.st.stm32cube.ide.mcu.externaltools.gnu-tools-for-stm32.11.3.rel1.win32_1.1.100.202309141235/tools/bin/../lib/gcc/arm-none-eabi/11.3.1/../../../../arm-none-eabi/lib/thumb/v7e-m+fp/hard\libc_nano.a(libc_a-stdio.o)
 .ARM.attributes
                0x00000000000004b7       0x34 C:/ST/STM32CubeIDE_1.6.1/STM32CubeIDE/plugins/com.st.stm32cube.ide.mcu.externaltools.gnu-tools-for-stm32.11.3.rel1.win32_1.1.100.202309141235/tools/bin/../lib/gcc/arm-none-eabi/11.3.1/../../../../arm-none-eabi/lib/thumb/v7e-m+fp/hard\libc_nano.a(libc_a-wbuf.o)
 .ARM.attributes
                0x00000000000004eb       0x34 C:/ST/STM32CubeIDE_1.6.1/STM32CubeIDE/plugins/com.st.stm32cube.ide.mcu.externaltools.gnu-tools-for-stm32.11.3.rel1.win32_1.1.100.202309141235/tools/bin/../lib/gcc/arm-none-eabi/11.3.1/../../../../arm-none-eabi/lib/thumb/v7e-m+fp/hard\libc_nano.a(libc_a-wsetup.o)
 .ARM.attributes
                0x000000000000051f       0x34 C:/ST/STM32CubeIDE_1.6.1/STM32CubeIDE/plugins/com.st.stm32cube.ide.mcu.externaltools.gnu-tools-for-stm32.11.3.rel1.win32_1.1.100.202309141235/tools/bin/../lib/gcc/arm-none-eabi/11.3.1/../../../../arm-none-eabi/lib/thumb/v7e-m+fp/hard\libc_nano.a(libc_a-memset.o)
 .ARM.attributes
                0x0000000000000553       0x34 C:/ST/STM32CubeIDE_1.6.1/STM32CubeIDE/plugins/com.st.stm32cube.ide.mcu.externaltools.gnu-tools-for-stm32.11.3.rel1.win32_1.1.100.202309141235/tools/bin/../lib/gcc/arm-none-eabi/11.3.1/../../../../arm-none-eabi/lib/thumb/v7e-m+fp/hard\libc_nano.a(libc_a-closer.o)
 .ARM.attributes
                0x0000000000000587       0x34 C:/ST/STM32CubeIDE_1.6.1/STM32CubeIDE/plugins/com.st.stm32cube.ide.mcu.externaltools.gnu-tools-for-stm32.11.3.rel1.win32_1.1.100.202309141235/tools/bin/../lib/gcc/arm-none-eabi/11.3.1/../../../../arm-none-eabi/lib/thumb/v7e-m+fp/hard\libc_nano.a(libc_a-reent.o)
 .ARM.attributes
                0x00000000000005bb       0x34 C:/ST/STM32CubeIDE_1.6.1/STM32CubeIDE/plugins/com.st.stm32cube.ide.mcu.externaltools.gnu-tools-for-stm32.11.3.rel1.win32_1.1.100.202309141235/tools/bin/../lib/gcc/arm-none-eabi/11.3.1/../../../../arm-none-eabi/lib/thumb/v7e-m+fp/hard\libc_nano.a(libc_a-impure.o)
 .ARM.attributes
                0x00000000000005ef       0x34 C:/ST/STM32CubeIDE_1.6.1/STM32CubeIDE/plugins/com.st.stm32cube.ide.mcu.externaltools.gnu-tools-for-stm32.11.3.rel1.win32_1.1.100.202309141235/tools/bin/../lib/gcc/arm-none-eabi/11.3.1/../../../../arm-none-eabi/lib/thumb/v7e-m+fp/hard\libc_nano.a(libc_a-lseekr.o)
 .ARM.attributes
                0x0000000000000623       0x34 C:/ST/STM32CubeIDE_1.6.1/STM32CubeIDE/plugins/com.st.stm32cube.ide.mcu.externaltools.gnu-tools-for-stm32.11.3.rel1.win32_1.1.100.202309141235/tools/bin/../lib/gcc/arm-none-eabi/11.3.1/../../../../arm-none-eabi/lib/thumb/v7e-m+fp/hard\libc_nano.a(libc_a-readr.o)
 .ARM.attributes
                0x0000000000000657       0x34 C:/ST/STM32CubeIDE_1.6.1/STM32CubeIDE/plugins/com.st.stm32cube.ide.mcu.externaltools.gnu-tools-for-stm32.11.3.rel1.win32_1.1.100.202309141235/tools/bin/../lib/gcc/arm-none-eabi/11.3.1/../../../../arm-none-eabi/lib/thumb/v7e-m+fp/hard\libc_nano.a(libc_a-writer.o)
 .ARM.attributes
                0x000000000000068b       0x34 C:/ST/STM32CubeIDE_1.6.1/STM32CubeIDE/plugins/com.st.stm32cube.ide.mcu.externaltools.gnu-tools-for-stm32.11.3.rel1.win32_1.1.100.202309141235/tools/bin/../lib/gcc/arm-none-eabi/11.3.1/../../../../arm-none-eabi/lib/thumb/v7e-m+fp/hard\libc_nano.a(libc_a-errno.o)
 .ARM.attributes
                0x00000000000006bf       0x34 C:/ST/STM32CubeIDE_1.6.1/STM32CubeIDE/plugins/com.st.stm32cube.ide.mcu.externaltools.gnu-tools-for-stm32.11.3.rel1.win32_1.1.100.202309141235/tools/bin/../lib/gcc/arm-none-eabi/11.3.1/../../../../arm-none-eabi/lib/thumb/v7e-m+fp/hard\libc_nano.a(libc_a-init.o)
 .ARM.attributes
                0x00000000000006f3       0x34 C:/ST/STM32CubeIDE_1.6.1/STM32CubeIDE/plugins/com.st.stm32cube.ide.mcu.externaltools.gnu-tools-for-stm32.11.3.rel1.win32_1.1.100.202309141235/tools/bin/../lib/gcc/arm-none-eabi/11.3.1/../../../../arm-none-eabi/lib/thumb/v7e-m+fp/hard\libc_nano.a(libc_a-lock.o)
 .ARM.attributes
                0x0000000000000727       0x34 C:/ST/STM32CubeIDE_1.6.1/STM32CubeIDE/plugins/com.st.stm32cube.ide.mcu.externaltools.gnu-tools-for-stm32.11.3.rel1.win32_1.1.100.202309141235/tools/bin/../lib/gcc/arm-none-eabi/11.3.1/../../../../arm-none-eabi/lib/thumb/v7e-m+fp/hard\libc_nano.a(libc_a-freer.o)
 .ARM.attributes
                0x000000000000075b       0x34 C:/ST/STM32CubeIDE_1.6.1/STM32CubeIDE/plugins/com.st.stm32cube.ide.mcu.externaltools.gnu-tools-for-stm32.11.3.rel1.win32_1.1.100.202309141235/tools/bin/../lib/gcc/arm-none-eabi/11.3.1/../../../../arm-none-eabi/lib/thumb/v7e-m+fp/hard\libc_nano.a(libc_a-mallocr.o)
 .ARM.attributes
                0x000000000000078f       0x34 C:/ST/STM32CubeIDE_1.6.1/STM32CubeIDE/plugins/com.st.stm32cube.ide.mcu.externaltools.gnu-tools-for-stm32.11.3.rel1.win32_1.1.100.202309141235/tools/bin/../lib/gcc/arm-none-eabi/11.3.1/../../../../arm-none-eabi/lib/thumb/v7e-m+fp/hard\libc_nano.a(libc_a-mlock.o)
 .ARM.attributes
                0x00000000000007c3       0x34 C:/ST/STM32CubeIDE_1.6.1/STM32CubeIDE/plugins/com.st.stm32cube.ide.mcu.externaltools.gnu-tools-for-stm32.11.3.rel1.win32_1.1.100.202309141235/tools/bin/../lib/gcc/arm-none-eabi/11.3.1/../../../../arm-none-eabi/lib/thumb/v7e-m+fp/hard\libc_nano.a(libc_a-fflush.o)
 .ARM.attributes
                0x00000000000007f7       0x34 C:/ST/STM32CubeIDE_1.6.1/STM32CubeIDE/plugins/com.st.stm32cube.ide.mcu.externaltools.gnu-tools-for-stm32.11.3.rel1.win32_1.1.100.202309141235/tools/bin/../lib/gcc/arm-none-eabi/11.3.1/../../../../arm-none-eabi/lib/thumb/v7e-m+fp/hard\libc_nano.a(libc_a-makebuf.o)
 .ARM.attributes
                0x000000000000082b       0x34 C:/ST/STM32CubeIDE_1.6.1/STM32CubeIDE/plugins/com.st.stm32cube.ide.mcu.externaltools.gnu-tools-for-stm32.11.3.rel1.win32_1.1.100.202309141235/tools/bin/../lib/gcc/arm-none-eabi/11.3.1/../../../../arm-none-eabi/lib/thumb/v7e-m+fp/hard\libc_nano.a(libc_a-fstatr.o)
 .ARM.attributes
                0x000000000000085f       0x34 C:/ST/STM32CubeIDE_1.6.1/STM32CubeIDE/plugins/com.st.stm32cube.ide.mcu.externaltools.gnu-tools-for-stm32.11.3.rel1.win32_1.1.100.202309141235/tools/bin/../lib/gcc/arm-none-eabi/11.3.1/../../../../arm-none-eabi/lib/thumb/v7e-m+fp/hard\libc_nano.a(libc_a-isattyr.o)
 .ARM.attributes
                0x0000000000000893       0x34 C:/ST/STM32CubeIDE_1.6.1/STM32CubeIDE/plugins/com.st.stm32cube.ide.mcu.externaltools.gnu-tools-for-stm32.11.3.rel1.win32_1.1.100.202309141235/tools/bin/../lib/gcc/arm-none-eabi/11.3.1/../../../../arm-none-eabi/lib/thumb/v7e-m+fp/hard\libc_nano.a(libc_a-sbrkr.o)
 .ARM.attributes
                0x00000000000008c7       0x34 C:/ST/STM32CubeIDE_1.6.1/STM32CubeIDE/plugins/com.st.stm32cube.ide.mcu.externaltools.gnu-tools-for-stm32.11.3.rel1.win32_1.1.100.202309141235/tools/bin/../lib/gcc/arm-none-eabi/11.3.1/../../../../arm-none-eabi/lib/thumb/v7e-m+fp/hard\libm.a(libm_a-sf_fmax.o)
 .ARM.attributes
                0x00000000000008fb       0x34 C:/ST/STM32CubeIDE_1.6.1/STM32CubeIDE/plugins/com.st.stm32cube.ide.mcu.externaltools.gnu-tools-for-stm32.11.3.rel1.win32_1.1.100.202309141235/tools/bin/../lib/gcc/arm-none-eabi/11.3.1/../../../../arm-none-eabi/lib/thumb/v7e-m+fp/hard\libm.a(libm_a-sf_fmin.o)
 .ARM.attributes
                0x000000000000092f       0x34 C:/ST/STM32CubeIDE_1.6.1/STM32CubeIDE/plugins/com.st.stm32cube.ide.mcu.externaltools.gnu-tools-for-stm32.11.3.rel1.win32_1.1.100.202309141235/tools/bin/../lib/gcc/arm-none-eabi/11.3.1/../../../../arm-none-eabi/lib/thumb/v7e-m+fp/hard\libm.a(libm_a-sf_fpclassify.o)
 .ARM.attributes
                0x0000000000000963       0x1e C:/ST/STM32CubeIDE_1.6.1/STM32CubeIDE/plugins/com.st.stm32cube.ide.mcu.externaltools.gnu-tools-for-stm32.11.3.rel1.win32_1.1.100.202309141235/tools/bin/../lib/gcc/arm-none-eabi/11.3.1/thumb/v7e-m+fp/hard\libgcc.a(_aeabi_uldivmod.o)
 .ARM.attributes
                0x0000000000000981       0x34 C:/ST/STM32CubeIDE_1.6.1/STM32CubeIDE/plugins/com.st.stm32cube.ide.mcu.externaltools.gnu-tools-for-stm32.11.3.rel1.win32_1.1.100.202309141235/tools/bin/../lib/gcc/arm-none-eabi/11.3.1/thumb/v7e-m+fp/hard\libgcc.a(_udivmoddi4.o)
 .ARM.attributes
                0x00000000000009b5       0x1e C:/ST/STM32CubeIDE_1.6.1/STM32CubeIDE/plugins/com.st.stm32cube.ide.mcu.externaltools.gnu-tools-for-stm32.11.3.rel1.win32_1.1.100.202309141235/tools/bin/../lib/gcc/arm-none-eabi/11.3.1/thumb/v7e-m+fp/hard\libgcc.a(_dvmd_tls.o)
 .ARM.attributes
                0x00000000000009d3       0x1e C:/ST/STM32CubeIDE_1.6.1/STM32CubeIDE/plugins/com.st.stm32cube.ide.mcu.externaltools.gnu-tools-for-stm32.11.3.rel1.win32_1.1.100.202309141235/tools/bin/../lib/gcc/arm-none-eabi/11.3.1/thumb/v7e-m+fp/hard/crtn.o
OUTPUT(CAN_MOTORFIRMWARE_like_MIT.elf elf32-littlearm)
LOAD linker stubs
LOAD C:/ST/STM32CubeIDE_1.6.1/STM32CubeIDE/plugins/com.st.stm32cube.ide.mcu.externaltools.gnu-tools-for-stm32.11.3.rel1.win32_1.1.100.202309141235/tools/bin/../lib/gcc/arm-none-eabi/11.3.1/../../../../arm-none-eabi/lib/thumb/v7e-m+fp/hard\libc.a
LOAD C:/ST/STM32CubeIDE_1.6.1/STM32CubeIDE/plugins/com.st.stm32cube.ide.mcu.externaltools.gnu-tools-for-stm32.11.3.rel1.win32_1.1.100.202309141235/tools/bin/../lib/gcc/arm-none-eabi/11.3.1/../../../../arm-none-eabi/lib/thumb/v7e-m+fp/hard\libm.a
LOAD C:/ST/STM32CubeIDE_1.6.1/STM32CubeIDE/plugins/com.st.stm32cube.ide.mcu.externaltools.gnu-tools-for-stm32.11.3.rel1.win32_1.1.100.202309141235/tools/bin/../lib/gcc/arm-none-eabi/11.3.1/thumb/v7e-m+fp/hard\libgcc.a

.comment        0x0000000000000000       0x43
 .comment       0x0000000000000000       0x43 C:/ST/STM32CubeIDE_1.6.1/STM32CubeIDE/plugins/com.st.stm32cube.ide.mcu.externaltools.gnu-tools-for-stm32.11.3.rel1.win32_1.1.100.202309141235/tools/bin/../lib/gcc/arm-none-eabi/11.3.1/thumb/v7e-m+fp/hard/crtbegin.o
                                         0x44 (size before relaxing)
 .comment       0x0000000000000043       0x44 ./Core/Src/MY_Keypad4x4.o
 .comment       0x0000000000000043       0x44 ./Core/Src/main.o
 .comment       0x0000000000000043       0x44 ./Core/Src/stm32f4xx_hal_msp.o
 .comment       0x0000000000000043       0x44 ./Core/Src/stm32f4xx_it.o
 .comment       0x0000000000000043       0x44 ./Core/Src/syscalls.o
 .comment       0x0000000000000043       0x44 ./Core/Src/sysmem.o
 .comment       0x0000000000000043       0x44 ./Core/Src/system_stm32f4xx.o
 .comment       0x0000000000000043       0x44 ./Drivers/STM32F4xx_HAL_Driver/Src/stm32f4xx_hal.o
 .comment       0x0000000000000043       0x44 ./Drivers/STM32F4xx_HAL_Driver/Src/stm32f4xx_hal_can.o
 .comment       0x0000000000000043       0x44 ./Drivers/STM32F4xx_HAL_Driver/Src/stm32f4xx_hal_cortex.o
 .comment       0x0000000000000043       0x44 ./Drivers/STM32F4xx_HAL_Driver/Src/stm32f4xx_hal_gpio.o
 .comment       0x0000000000000043       0x44 ./Drivers/STM32F4xx_HAL_Driver/Src/stm32f4xx_hal_pwr_ex.o
 .comment       0x0000000000000043       0x44 ./Drivers/STM32F4xx_HAL_Driver/Src/stm32f4xx_hal_rcc.o
 .comment       0x0000000000000043       0x44 ./Drivers/STM32F4xx_HAL_Driver/Src/stm32f4xx_hal_rcc_ex.o
 .comment       0x0000000000000043       0x44 ./Drivers/STM32F4xx_HAL_Driver/Src/stm32f4xx_hal_spi.o
 .comment       0x0000000000000043       0x44 ./Drivers/STM32F4xx_HAL_Driver/Src/stm32f4xx_hal_tim.o
 .comment       0x0000000000000043       0x44 ./Drivers/STM32F4xx_HAL_Driver/Src/stm32f4xx_hal_tim_ex.o

.debug_info     0x0000000000000000     0xed79
 .debug_info    0x0000000000000000      0x3bd ./Core/Src/MY_Keypad4x4.o
 .debug_info    0x00000000000003bd     0x2814 ./Core/Src/main.o
 .debug_info    0x0000000000002bd1     0x14ac ./Core/Src/stm32f4xx_hal_msp.o
 .debug_info    0x000000000000407d      0x56b ./Core/Src/stm32f4xx_it.o
 .debug_info    0x00000000000045e8      0x6a3 ./Core/Src/syscalls.o
 .debug_info    0x0000000000004c8b      0x168 ./Core/Src/sysmem.o
 .debug_info    0x0000000000004df3      0x54a ./Core/Src/system_stm32f4xx.o
 .debug_info    0x000000000000533d       0x23 ./Core/Startup/startup_stm32f446retx.o
 .debug_info    0x0000000000005360      0x99e ./Drivers/STM32F4xx_HAL_Driver/Src/stm32f4xx_hal.o
 .debug_info    0x0000000000005cfe      0xefe ./Drivers/STM32F4xx_HAL_Driver/Src/stm32f4xx_hal_can.o
 .debug_info    0x0000000000006bfc      0xd64 ./Drivers/STM32F4xx_HAL_Driver/Src/stm32f4xx_hal_cortex.o
 .debug_info    0x0000000000007960      0x70b ./Drivers/STM32F4xx_HAL_Driver/Src/stm32f4xx_hal_gpio.o
 .debug_info    0x000000000000806b      0x6da ./Drivers/STM32F4xx_HAL_Driver/Src/stm32f4xx_hal_pwr_ex.o
 .debug_info    0x0000000000008745      0x8ed ./Drivers/STM32F4xx_HAL_Driver/Src/stm32f4xx_hal_rcc.o
 .debug_info    0x0000000000009032      0x956 ./Drivers/STM32F4xx_HAL_Driver/Src/stm32f4xx_hal_rcc_ex.o
 .debug_info    0x0000000000009988     0x15fb ./Drivers/STM32F4xx_HAL_Driver/Src/stm32f4xx_hal_spi.o
 .debug_info    0x000000000000af83     0x2948 ./Drivers/STM32F4xx_HAL_Driver/Src/stm32f4xx_hal_tim.o
 .debug_info    0x000000000000d8cb     0x14ae ./Drivers/STM32F4xx_HAL_Driver/Src/stm32f4xx_hal_tim_ex.o

.debug_abbrev   0x0000000000000000     0x2469
 .debug_abbrev  0x0000000000000000      0x19c ./Core/Src/MY_Keypad4x4.o
 .debug_abbrev  0x000000000000019c      0x3c8 ./Core/Src/main.o
 .debug_abbrev  0x0000000000000564      0x266 ./Core/Src/stm32f4xx_hal_msp.o
 .debug_abbrev  0x00000000000007ca      0x1b8 ./Core/Src/stm32f4xx_it.o
 .debug_abbrev  0x0000000000000982      0x1b6 ./Core/Src/syscalls.o
 .debug_abbrev  0x0000000000000b38       0xbc ./Core/Src/sysmem.o
 .debug_abbrev  0x0000000000000bf4      0x11a ./Core/Src/system_stm32f4xx.o
 .debug_abbrev  0x0000000000000d0e       0x12 ./Core/Startup/startup_stm32f446retx.o
 .debug_abbrev  0x0000000000000d20      0x213 ./Drivers/STM32F4xx_HAL_Driver/Src/stm32f4xx_hal.o
 .debug_abbrev  0x0000000000000f33      0x23b ./Drivers/STM32F4xx_HAL_Driver/Src/stm32f4xx_hal_can.o
 .debug_abbrev  0x000000000000116e      0x327 ./Drivers/STM32F4xx_HAL_Driver/Src/stm32f4xx_hal_cortex.o
 .debug_abbrev  0x0000000000001495      0x1d4 ./Drivers/STM32F4xx_HAL_Driver/Src/stm32f4xx_hal_gpio.o
 .debug_abbrev  0x0000000000001669      0x1cf ./Drivers/STM32F4xx_HAL_Driver/Src/stm32f4xx_hal_pwr_ex.o
 .debug_abbrev  0x0000000000001838      0x2b6 ./Drivers/STM32F4xx_HAL_Driver/Src/stm32f4xx_hal_rcc.o
 .debug_abbrev  0x0000000000001aee      0x20a ./Drivers/STM32F4xx_HAL_Driver/Src/stm32f4xx_hal_rcc_ex.o
 .debug_abbrev  0x0000000000001cf8      0x284 ./Drivers/STM32F4xx_HAL_Driver/Src/stm32f4xx_hal_spi.o
 .debug_abbrev  0x0000000000001f7c      0x271 ./Drivers/STM32F4xx_HAL_Driver/Src/stm32f4xx_hal_tim.o
 .debug_abbrev  0x00000000000021ed      0x27c ./Drivers/STM32F4xx_HAL_Driver/Src/stm32f4xx_hal_tim_ex.o

.debug_aranges  0x0000000000000000      0xf10
 .debug_aranges
                0x0000000000000000       0x40 ./Core/Src/MY_Keypad4x4.o
 .debug_aranges
                0x0000000000000040       0xe8 ./Core/Src/main.o
 .debug_aranges
                0x0000000000000128       0x50 ./Core/Src/stm32f4xx_hal_msp.o
 .debug_aranges
                0x0000000000000178       0x80 ./Core/Src/stm32f4xx_it.o
 .debug_aranges
                0x00000000000001f8       0xa8 ./Core/Src/syscalls.o
 .debug_aranges
                0x00000000000002a0       0x20 ./Core/Src/sysmem.o
 .debug_aranges
                0x00000000000002c0       0x28 ./Core/Src/system_stm32f4xx.o
 .debug_aranges
                0x00000000000002e8       0x28 ./Core/Startup/startup_stm32f446retx.o
 .debug_aranges
                0x0000000000000310       0xf0 ./Drivers/STM32F4xx_HAL_Driver/Src/stm32f4xx_hal.o
 .debug_aranges
                0x0000000000000400      0x138 ./Drivers/STM32F4xx_HAL_Driver/Src/stm32f4xx_hal_can.o
 .debug_aranges
                0x0000000000000538      0x118 ./Drivers/STM32F4xx_HAL_Driver/Src/stm32f4xx_hal_cortex.o
 .debug_aranges
                0x0000000000000650       0x58 ./Drivers/STM32F4xx_HAL_Driver/Src/stm32f4xx_hal_gpio.o
 .debug_aranges
                0x00000000000006a8       0x60 ./Drivers/STM32F4xx_HAL_Driver/Src/stm32f4xx_hal_pwr_ex.o
 .debug_aranges
                0x0000000000000708       0x88 ./Drivers/STM32F4xx_HAL_Driver/Src/stm32f4xx_hal_rcc.o
 .debug_aranges
                0x0000000000000790       0x78 ./Drivers/STM32F4xx_HAL_Driver/Src/stm32f4xx_hal_rcc_ex.o
 .debug_aranges
                0x0000000000000808      0x1d0 ./Drivers/STM32F4xx_HAL_Driver/Src/stm32f4xx_hal_spi.o
 .debug_aranges
                0x00000000000009d8      0x3d0 ./Drivers/STM32F4xx_HAL_Driver/Src/stm32f4xx_hal_tim.o
 .debug_aranges
                0x0000000000000da8      0x168 ./Drivers/STM32F4xx_HAL_Driver/Src/stm32f4xx_hal_tim_ex.o

.debug_rnglists
                0x0000000000000000      0xb9f
 .debug_rnglists
                0x0000000000000000       0x2f ./Core/Src/MY_Keypad4x4.o
 .debug_rnglists
                0x000000000000002f       0xb9 ./Core/Src/main.o
 .debug_rnglists
                0x00000000000000e8       0x3a ./Core/Src/stm32f4xx_hal_msp.o
 .debug_rnglists
                0x0000000000000122       0x5b ./Core/Src/stm32f4xx_it.o
 .debug_rnglists
                0x000000000000017d       0x79 ./Core/Src/syscalls.o
 .debug_rnglists
                0x00000000000001f6       0x13 ./Core/Src/sysmem.o
 .debug_rnglists
                0x0000000000000209       0x1a ./Core/Src/system_stm32f4xx.o
 .debug_rnglists
                0x0000000000000223       0x19 ./Core/Startup/startup_stm32f446retx.o
 .debug_rnglists
                0x000000000000023c       0xaf ./Drivers/STM32F4xx_HAL_Driver/Src/stm32f4xx_hal.o
 .debug_rnglists
                0x00000000000002eb       0xee ./Drivers/STM32F4xx_HAL_Driver/Src/stm32f4xx_hal_can.o
 .debug_rnglists
                0x00000000000003d9       0xce ./Drivers/STM32F4xx_HAL_Driver/Src/stm32f4xx_hal_cortex.o
 .debug_rnglists
                0x00000000000004a7       0x3f ./Drivers/STM32F4xx_HAL_Driver/Src/stm32f4xx_hal_gpio.o
 .debug_rnglists
                0x00000000000004e6       0x47 ./Drivers/STM32F4xx_HAL_Driver/Src/stm32f4xx_hal_pwr_ex.o
 .debug_rnglists
                0x000000000000052d       0x66 ./Drivers/STM32F4xx_HAL_Driver/Src/stm32f4xx_hal_rcc.o
 .debug_rnglists
                0x0000000000000593       0x5e ./Drivers/STM32F4xx_HAL_Driver/Src/stm32f4xx_hal_rcc_ex.o
 .debug_rnglists
                0x00000000000005f1      0x16f ./Drivers/STM32F4xx_HAL_Driver/Src/stm32f4xx_hal_spi.o
 .debug_rnglists
                0x0000000000000760      0x31a ./Drivers/STM32F4xx_HAL_Driver/Src/stm32f4xx_hal_tim.o
 .debug_rnglists
                0x0000000000000a7a      0x125 ./Drivers/STM32F4xx_HAL_Driver/Src/stm32f4xx_hal_tim_ex.o

.debug_macro    0x0000000000000000    0x234e8
 .debug_macro   0x0000000000000000      0x1e5 ./Core/Src/MY_Keypad4x4.o
 .debug_macro   0x00000000000001e5      0xaa8 ./Core/Src/MY_Keypad4x4.o
 .debug_macro   0x0000000000000c8d      0x2a1 ./Core/Src/MY_Keypad4x4.o
 .debug_macro   0x0000000000000f2e       0x2e ./Core/Src/MY_Keypad4x4.o
 .debug_macro   0x0000000000000f5c       0x28 ./Core/Src/MY_Keypad4x4.o
 .debug_macro   0x0000000000000f84       0x22 ./Core/Src/MY_Keypad4x4.o
 .debug_macro   0x0000000000000fa6       0x8e ./Core/Src/MY_Keypad4x4.o
 .debug_macro   0x0000000000001034       0x51 ./Core/Src/MY_Keypad4x4.o
 .debug_macro   0x0000000000001085      0x103 ./Core/Src/MY_Keypad4x4.o
 .debug_macro   0x0000000000001188       0x6a ./Core/Src/MY_Keypad4x4.o
 .debug_macro   0x00000000000011f2      0x1df ./Core/Src/MY_Keypad4x4.o
 .debug_macro   0x00000000000013d1       0x1c ./Core/Src/MY_Keypad4x4.o
 .debug_macro   0x00000000000013ed       0x22 ./Core/Src/MY_Keypad4x4.o
 .debug_macro   0x000000000000140f       0xd9 ./Core/Src/MY_Keypad4x4.o
 .debug_macro   0x00000000000014e8     0x102d ./Core/Src/MY_Keypad4x4.o
 .debug_macro   0x0000000000002515      0x11f ./Core/Src/MY_Keypad4x4.o
 .debug_macro   0x0000000000002634    0x16749 ./Core/Src/MY_Keypad4x4.o
 .debug_macro   0x0000000000018d7d       0x6d ./Core/Src/MY_Keypad4x4.o
 .debug_macro   0x0000000000018dea     0x367e ./Core/Src/MY_Keypad4x4.o
 .debug_macro   0x000000000001c468      0x174 ./Core/Src/MY_Keypad4x4.o
 .debug_macro   0x000000000001c5dc       0x5c ./Core/Src/MY_Keypad4x4.o
 .debug_macro   0x000000000001c638      0xc90 ./Core/Src/MY_Keypad4x4.o
 .debug_macro   0x000000000001d2c8      0x9fe ./Core/Src/MY_Keypad4x4.o
 .debug_macro   0x000000000001dcc6      0x115 ./Core/Src/MY_Keypad4x4.o
 .debug_macro   0x000000000001dddb      0x1a0 ./Core/Src/MY_Keypad4x4.o
 .debug_macro   0x000000000001df7b       0xa5 ./Core/Src/MY_Keypad4x4.o
 .debug_macro   0x000000000001e020      0x16d ./Core/Src/MY_Keypad4x4.o
 .debug_macro   0x000000000001e18d      0x287 ./Core/Src/MY_Keypad4x4.o
 .debug_macro   0x000000000001e414       0x5f ./Core/Src/MY_Keypad4x4.o
 .debug_macro   0x000000000001e473      0x236 ./Core/Src/MY_Keypad4x4.o
 .debug_macro   0x000000000001e6a9      0x40f ./Core/Src/MY_Keypad4x4.o
 .debug_macro   0x000000000001eab8      0x132 ./Core/Src/MY_Keypad4x4.o
 .debug_macro   0x000000000001ebea      0x29c ./Core/Src/MY_Keypad4x4.o
 .debug_macro   0x000000000001ee86       0x2e ./Core/Src/MY_Keypad4x4.o
 .debug_macro   0x000000000001eeb4      0x11a ./Core/Src/MY_Keypad4x4.o
 .debug_macro   0x000000000001efce       0xe8 ./Core/Src/MY_Keypad4x4.o
 .debug_macro   0x000000000001f0b6       0x89 ./Core/Src/MY_Keypad4x4.o
 .debug_macro   0x000000000001f13f      0x225 ./Core/Src/MY_Keypad4x4.o
 .debug_macro   0x000000000001f364      0x8e6 ./Core/Src/MY_Keypad4x4.o
 .debug_macro   0x000000000001fc4a       0x4d ./Core/Src/MY_Keypad4x4.o
 .debug_macro   0x000000000001fc97      0x126 ./Core/Src/MY_Keypad4x4.o
 .debug_macro   0x000000000001fdbd       0x22 ./Core/Src/MY_Keypad4x4.o
 .debug_macro   0x000000000001fddf      0x35e ./Core/Src/main.o
 .debug_macro   0x000000000002013d       0x61 ./Core/Src/main.o
 .debug_macro   0x000000000002019e       0x2a ./Core/Src/main.o
 .debug_macro   0x00000000000201c8       0x43 ./Core/Src/main.o
 .debug_macro   0x000000000002020b       0x34 ./Core/Src/main.o
 .debug_macro   0x000000000002023f       0x16 ./Core/Src/main.o
 .debug_macro   0x0000000000020255       0x35 ./Core/Src/main.o
 .debug_macro   0x000000000002028a      0x369 ./Core/Src/main.o
 .debug_macro   0x00000000000205f3       0x10 ./Core/Src/main.o
 .debug_macro   0x0000000000020603       0x16 ./Core/Src/main.o
 .debug_macro   0x0000000000020619       0x43 ./Core/Src/main.o
 .debug_macro   0x000000000002065c       0x34 ./Core/Src/main.o
 .debug_macro   0x0000000000020690       0x10 ./Core/Src/main.o
 .debug_macro   0x00000000000206a0       0x58 ./Core/Src/main.o
 .debug_macro   0x00000000000206f8       0x8e ./Core/Src/main.o
 .debug_macro   0x0000000000020786       0x1c ./Core/Src/main.o
 .debug_macro   0x00000000000207a2      0x177 ./Core/Src/main.o
 .debug_macro   0x0000000000020919       0x16 ./Core/Src/main.o
 .debug_macro   0x000000000002092f       0x16 ./Core/Src/main.o
 .debug_macro   0x0000000000020945      0x147 ./Core/Src/main.o
 .debug_macro   0x0000000000020a8c      0x19b ./Core/Src/main.o
 .debug_macro   0x0000000000020c27      0x1e2 ./Core/Src/stm32f4xx_hal_msp.o
 .debug_macro   0x0000000000020e09      0x1ec ./Core/Src/stm32f4xx_it.o
 .debug_macro   0x0000000000020ff5      0x274 ./Core/Src/syscalls.o
 .debug_macro   0x0000000000021269       0x5b ./Core/Src/syscalls.o
 .debug_macro   0x00000000000212c4       0x94 ./Core/Src/syscalls.o
 .debug_macro   0x0000000000021358       0x57 ./Core/Src/syscalls.o
 .debug_macro   0x00000000000213af       0x10 ./Core/Src/syscalls.o
 .debug_macro   0x00000000000213bf       0x10 ./Core/Src/syscalls.o
 .debug_macro   0x00000000000213cf       0x10 ./Core/Src/syscalls.o
 .debug_macro   0x00000000000213df       0x10 ./Core/Src/syscalls.o
 .debug_macro   0x00000000000213ef       0x1c ./Core/Src/syscalls.o
 .debug_macro   0x000000000002140b       0x52 ./Core/Src/syscalls.o
 .debug_macro   0x000000000002145d       0x22 ./Core/Src/syscalls.o
 .debug_macro   0x000000000002147f       0x10 ./Core/Src/syscalls.o
 .debug_macro   0x000000000002148f       0x52 ./Core/Src/syscalls.o
 .debug_macro   0x00000000000214e1       0xcf ./Core/Src/syscalls.o
 .debug_macro   0x00000000000215b0       0x1c ./Core/Src/syscalls.o
 .debug_macro   0x00000000000215cc       0x3d ./Core/Src/syscalls.o
 .debug_macro   0x0000000000021609       0x35 ./Core/Src/syscalls.o
 .debug_macro   0x000000000002163e      0x12c ./Core/Src/syscalls.o
 .debug_macro   0x000000000002176a       0x16 ./Core/Src/syscalls.o
 .debug_macro   0x0000000000021780       0x16 ./Core/Src/syscalls.o
 .debug_macro   0x0000000000021796       0x29 ./Core/Src/syscalls.o
 .debug_macro   0x00000000000217bf       0x10 ./Core/Src/syscalls.o
 .debug_macro   0x00000000000217cf      0x242 ./Core/Src/syscalls.o
 .debug_macro   0x0000000000021a11       0x1c ./Core/Src/syscalls.o
 .debug_macro   0x0000000000021a2d       0x10 ./Core/Src/syscalls.o
 .debug_macro   0x0000000000021a3d      0x18a ./Core/Src/syscalls.o
 .debug_macro   0x0000000000021bc7       0x16 ./Core/Src/syscalls.o
 .debug_macro   0x0000000000021bdd       0xce ./Core/Src/syscalls.o
 .debug_macro   0x0000000000021cab       0xff ./Core/Src/sysmem.o
 .debug_macro   0x0000000000021daa      0x23c ./Core/Src/sysmem.o
 .debug_macro   0x0000000000021fe6      0x1d8 ./Core/Src/system_stm32f4xx.o
 .debug_macro   0x00000000000221be      0x238 ./Drivers/STM32F4xx_HAL_Driver/Src/stm32f4xx_hal.o
 .debug_macro   0x00000000000223f6      0x1e0 ./Drivers/STM32F4xx_HAL_Driver/Src/stm32f4xx_hal_can.o
 .debug_macro   0x00000000000225d6      0x1d8 ./Drivers/STM32F4xx_HAL_Driver/Src/stm32f4xx_hal_cortex.o